Component: ARM Compiler 5.06 update 3 (build 300) Tool: armlink [4d35c9]

==============================================================================

Section Cross References

    dfu-cc.pb.o(.constdata) refers to dfu-cc.pb.o(.constdata) for dfu_hash_fields
    dfu-cc.pb.o(.constdata) refers to dfu-cc.pb.o(.constdata) for dfu_init_command_is_debug_default
    dfu-cc.pb.o(.constdata) refers to dfu-cc.pb.o(.constdata) for dfu_init_command_fields
    dfu-cc.pb.o(.constdata) refers to dfu-cc.pb.o(.constdata) for dfu_reset_command_fields
    dfu-cc.pb.o(.constdata) refers to dfu-cc.pb.o(.constdata) for dfu_command_fields
    dfu-cc.pb.o(.constdata) refers to dfu-cc.pb.o(.constdata) for dfu_command_fields
    dfu-cc.pb.o(.constdata) refers to dfu-cc.pb.o(.constdata) for dfu_signed_command_fields
    dfu_req_handling.o(i.dfu_data_write_handler) refers to dfu_req_handling.o(.data) for .data
    dfu_req_handling.o(i.dfu_decode_commmand) refers to pb_decode.o(i.pb_istream_from_buffer) for pb_istream_from_buffer
    dfu_req_handling.o(i.dfu_decode_commmand) refers to pb_decode.o(i.pb_decode) for pb_decode
    dfu_req_handling.o(i.dfu_decode_commmand) refers to nrf_log_frontend.o(i.nrf_log_frontend_std_0) for nrf_log_frontend_std_0
    dfu_req_handling.o(i.dfu_decode_commmand) refers to nrf_dfu_settings.o(.bss) for s_dfu_settings
    dfu_req_handling.o(i.dfu_decode_commmand) refers to dfu_req_handling.o(.bss) for .bss
    dfu_req_handling.o(i.dfu_decode_commmand) refers to dfu_req_handling.o(i.pb_decoding_callback) for pb_decoding_callback
    dfu_req_handling.o(i.dfu_decode_commmand) refers to dfu_req_handling.o(.data) for .data
    dfu_req_handling.o(i.dfu_decode_commmand) refers to dfu-cc.pb.o(.constdata) for dfu_packet_fields
    dfu_req_handling.o(i.dfu_handle_prevalidate) refers to nrf_log_frontend.o(i.nrf_log_frontend_std_2) for nrf_log_frontend_std_2
    dfu_req_handling.o(i.dfu_handle_prevalidate) refers to nrf_log_frontend.o(i.nrf_log_frontend_std_0) for nrf_log_frontend_std_0
    dfu_req_handling.o(i.dfu_handle_prevalidate) refers to nrf_log_frontend.o(i.nrf_log_frontend_hexdump) for nrf_log_frontend_hexdump
    dfu_req_handling.o(i.dfu_handle_prevalidate) refers to nrf_crypto.o(i.nrf_crypto_hash_compute) for nrf_crypto_hash_compute
    dfu_req_handling.o(i.dfu_handle_prevalidate) refers to memcpya.o(.text) for __aeabi_memcpy
    dfu_req_handling.o(i.dfu_handle_prevalidate) refers to nrf_log_frontend.o(i.nrf_log_frontend_std_1) for nrf_log_frontend_std_1
    dfu_req_handling.o(i.dfu_handle_prevalidate) refers to nrf_crypto.o(i.nrf_crypto_verify) for nrf_crypto_verify
    dfu_req_handling.o(i.dfu_handle_prevalidate) refers to nrf_dfu_utils.o(i.nrf_dfu_find_cache) for nrf_dfu_find_cache
    dfu_req_handling.o(i.dfu_handle_prevalidate) refers to nrf_dfu_settings.o(.bss) for s_dfu_settings
    dfu_req_handling.o(i.dfu_handle_prevalidate) refers to dfu_req_handling.o(.bss) for .bss
    dfu_req_handling.o(i.dfu_handle_prevalidate) refers to dfu_req_handling.o(.data) for .data
    dfu_req_handling.o(i.dfu_handle_prevalidate) refers to dfu_req_handling.o(.constdata) for .constdata
    dfu_req_handling.o(i.dfu_handle_signed_command) refers to dfu_req_handling.o(i.dfu_handle_prevalidate) for dfu_handle_prevalidate
    dfu_req_handling.o(i.dfu_handle_signed_command) refers to nrf_log_frontend.o(i.nrf_log_frontend_std_0) for nrf_log_frontend_std_0
    dfu_req_handling.o(i.dfu_handle_signed_command) refers to nrf_dfu_settings.o(i.nrf_dfu_settings_write) for nrf_dfu_settings_write
    dfu_req_handling.o(i.dfu_handle_signed_command) refers to dfu_req_handling.o(.data) for .data
    dfu_req_handling.o(i.nrf_delay_us) refers to system_nrf52.o(.data) for SystemCoreClock
    dfu_req_handling.o(i.nrf_dfu_command_req) refers to nrf_log_frontend.o(i.nrf_log_frontend_std_0) for nrf_log_frontend_std_0
    dfu_req_handling.o(i.nrf_dfu_command_req) refers to memseta.o(.text) for __aeabi_memclr4
    dfu_req_handling.o(i.nrf_dfu_command_req) refers to memcpya.o(.text) for __aeabi_memcpy
    dfu_req_handling.o(i.nrf_dfu_command_req) refers to crc32.o(i.crc32_compute) for crc32_compute
    dfu_req_handling.o(i.nrf_dfu_command_req) refers to nrf_log_frontend.o(i.nrf_log_frontend_hexdump) for nrf_log_frontend_hexdump
    dfu_req_handling.o(i.nrf_dfu_command_req) refers to dfu_req_handling.o(i.dfu_decode_commmand) for dfu_decode_commmand
    dfu_req_handling.o(i.nrf_dfu_command_req) refers to dfu_req_handling.o(i.dfu_handle_signed_command) for dfu_handle_signed_command
    dfu_req_handling.o(i.nrf_dfu_command_req) refers to nrf_dfu_settings.o(.bss) for s_dfu_settings
    dfu_req_handling.o(i.nrf_dfu_command_req) refers to dfu_req_handling.o(.data) for .data
    dfu_req_handling.o(i.nrf_dfu_command_req) refers to dfu_req_handling.o(.bss) for .bss
    dfu_req_handling.o(i.nrf_dfu_data_req) refers to nrf_log_frontend.o(i.nrf_log_frontend_std_0) for nrf_log_frontend_std_0
[...]
    on_ble_evt                               0x0007924d   Thumb Code   230  nrf_ble_dfu.o(i.on_ble_evt)
    i.on_ctrl_pt_write                       0x00079380   Section        0  nrf_ble_dfu.o(i.on_ctrl_pt_write)
    on_ctrl_pt_write                         0x00079381   Thumb Code   294  nrf_ble_dfu.o(i.on_ctrl_pt_write)
    i.on_dfu_complete                        0x00079570   Section        0  dfu_req_handling.o(i.on_dfu_complete)
    on_dfu_complete                          0x00079571   Thumb Code    38  dfu_req_handling.o(i.on_dfu_complete)
    i.on_operation_success                   0x000795bc   Section        0  fstorage.o(i.on_operation_success)
    on_operation_success                     0x000795bd   Thumb Code    80  fstorage.o(i.on_operation_success)
    i.on_rw_authorize_req                    0x00079610   Section        0  nrf_ble_dfu.o(i.on_rw_authorize_req)
    on_rw_authorize_req                      0x00079611   Thumb Code   142  nrf_ble_dfu.o(i.on_rw_authorize_req)
    i.on_write                               0x000796a4   Section        0  nrf_ble_dfu.o(i.on_write)
    on_write                                 0x000796a5   Thumb Code   102  nrf_ble_dfu.o(i.on_write)
    i.pb_dec_bytes                           0x00079734   Section        0  pb_decode.o(i.pb_dec_bytes)
    pb_dec_bytes                             0x00079735   Thumb Code    64  pb_decode.o(i.pb_dec_bytes)
    i.pb_dec_fixed32                         0x00079774   Section        0  pb_decode.o(i.pb_dec_fixed32)
    pb_dec_fixed32                           0x00079775   Thumb Code     6  pb_decode.o(i.pb_dec_fixed32)
    i.pb_dec_fixed64                         0x0007977a   Section        0  pb_decode.o(i.pb_dec_fixed64)
    pb_dec_fixed64                           0x0007977b   Thumb Code     6  pb_decode.o(i.pb_dec_fixed64)
    i.pb_dec_string                          0x00079780   Section        0  pb_decode.o(i.pb_dec_string)
    pb_dec_string                            0x00079781   Thumb Code    62  pb_decode.o(i.pb_dec_string)
    i.pb_dec_submessage                      0x000797be   Section        0  pb_decode.o(i.pb_dec_submessage)
    pb_dec_submessage                        0x000797bf   Thumb Code    64  pb_decode.o(i.pb_dec_submessage)
    i.pb_dec_svarint                         0x000797fe   Section        0  pb_decode.o(i.pb_dec_svarint)
    pb_dec_svarint                           0x000797ff   Thumb Code    88  pb_decode.o(i.pb_dec_svarint)
    i.pb_dec_uvarint                         0x00079856   Section        0  pb_decode.o(i.pb_dec_uvarint)
    pb_dec_uvarint                           0x00079857   Thumb Code    88  pb_decode.o(i.pb_dec_uvarint)
    i.pb_dec_varint                          0x000798ae   Section        0  pb_decode.o(i.pb_dec_varint)
    pb_dec_varint                            0x000798af   Thumb Code    90  pb_decode.o(i.pb_dec_varint)
    i.pb_decode                              0x00079908   Section        0  pb_decode.o(i.pb_decode)
    i.pb_decode_fixed32                      0x00079926   Section        0  pb_decode.o(i.pb_decode_fixed32)
    i.pb_decode_fixed64                      0x00079946   Section        0  pb_decode.o(i.pb_decode_fixed64)
    i.pb_decode_noinit                       0x000799a4   Section        0  pb_decode.o(i.pb_decode_noinit)
    i.pb_decode_svarint                      0x00079b2a   Section        0  pb_decode.o(i.pb_decode_svarint)
    i.pb_decode_tag                          0x00079b64   Section        0  pb_decode.o(i.pb_decode_tag)
    i.pb_decode_varint                       0x00079ba6   Section        0  pb_decode.o(i.pb_decode_varint)
    i.pb_decode_varint32                     0x00079bf0   Section        0  pb_decode.o(i.pb_decode_varint32)
    pb_decode_varint32                       0x00079bf1   Thumb Code    76  pb_decode.o(i.pb_decode_varint32)
    i.pb_decoding_callback                   0x00079c3c   Section        0  dfu_req_handling.o(i.pb_decoding_callback)
    pb_decoding_callback                     0x00079c3d   Thumb Code    34  dfu_req_handling.o(i.pb_decoding_callback)
    i.pb_field_iter_begin                    0x00079c88   Section        0  pb_common.o(i.pb_field_iter_begin)
    i.pb_field_iter_find                     0x00079caa   Section        0  pb_common.o(i.pb_field_iter_find)
    i.pb_field_iter_next                     0x00079cd8   Section        0  pb_common.o(i.pb_field_iter_next)
    i.pb_field_set_to_default                0x00079d58   Section        0  pb_decode.o(i.pb_field_set_to_default)
    pb_field_set_to_default                  0x00079d59   Thumb Code   164  pb_decode.o(i.pb_field_set_to_default)
    i.pb_istream_from_buffer                 0x00079dfc   Section        0  pb_decode.o(i.pb_istream_from_buffer)
    i.pb_make_string_substream               0x00079e10   Section        0  pb_decode.o(i.pb_make_string_substream)
    i.pb_message_set_to_defaults             0x00079e46   Section        0  pb_decode.o(i.pb_message_set_to_defaults)
    pb_message_set_to_defaults               0x00079e47   Thumb Code    38  pb_decode.o(i.pb_message_set_to_defaults)
    i.pb_read                                0x00079e6c   Section        0  pb_decode.o(i.pb_read)
    i.pb_readbyte                            0x00079ec4   Section        0  pb_decode.o(i.pb_readbyte)
    pb_readbyte                              0x00079ec5   Thumb Code    32  pb_decode.o(i.pb_readbyte)
    i.pb_skip_field                          0x00079ee4   Section        0  pb_decode.o(i.pb_skip_field)
    i.queue_advance                          0x00079f40   Section        0  fstorage.o(i.queue_advance)
    queue_advance                            0x00079f41   Thumb Code    36  fstorage.o(i.queue_advance)
    i.queue_get_next_free                    0x00079f6c   Section        0  fstorage.o(i.queue_get_next_free)
    queue_get_next_free                      0x00079f6d   Thumb Code    52  fstorage.o(i.queue_get_next_free)
    i.queue_process                          0x00079fa4   Section        0  fstorage.o(i.queue_process)
    queue_process                            0x00079fa5   Thumb Code   104  fstorage.o(i.queue_process)
    i.queue_start                            0x0007a014   Section        0  fstorage.o(i.queue_start)
    queue_start                              0x0007a015   Thumb Code    22  fstorage.o(i.queue_start)
    i.ram_end_address_get                    0x0007a030   Section        0  softdevice_handler.o(i.ram_end_address_get)
    ram_end_address_get                      0x0007a031   Thumb Code    16  softdevice_handler.o(i.ram_end_address_get)
    i.read_raw_value                         0x0007a040   Section        0  pb_decode.o(i.read_raw_value)
    read_raw_value                           0x0007a041   Thumb Code    98  pb_decode.o(i.read_raw_value)
    i.response_crc_cmd_send                  0x0007a0a4   Section        0  nrf_ble_dfu.o(i.response_crc_cmd_send)
    response_crc_cmd_send                    0x0007a0a5   Thumb Code    98  nrf_ble_dfu.o(i.response_crc_cmd_send)
    i.response_select_object_cmd_send        0x0007a150   Section        0  nrf_ble_dfu.o(i.response_select_object_cmd_send)
    response_select_object_cmd_send          0x0007a151   Thumb Code   112  nrf_ble_dfu.o(i.response_select_object_cmd_send)
    i.response_send                          0x0007a1cc   Section        0  nrf_ble_dfu.o(i.response_send)
    response_send                            0x0007a1cd   Thumb Code    72  nrf_ble_dfu.o(i.response_send)
    i.rtc1_stop                              0x0007a248   Section        0  app_timer.o(i.rtc1_stop)
    rtc1_stop                                0x0007a249   Thumb Code    52  app_timer.o(i.rtc1_stop)
    i.sd_nvic_EnableIRQ                      0x0007a284   Section        0  softdevice_handler.o(i.sd_nvic_EnableIRQ)
    sd_nvic_EnableIRQ                        0x0007a285   Thumb Code   110  softdevice_handler.o(i.sd_nvic_EnableIRQ)
    i.send_event                             0x0007a2f8   Section        0  fstorage.o(i.send_event)
    send_event                               0x0007a2f9   Thumb Code    76  fstorage.o(i.send_event)
    i.send_hvx                               0x0007a344   Section        0  nrf_ble_dfu.o(i.send_hvx)
    send_hvx                                 0x0007a345   Thumb Code    36  nrf_ble_dfu.o(i.send_hvx)
    i.serial_tx                              0x0007a36c   Section        0  nrf_log_backend_serial.o(i.serial_tx)
    serial_tx                                0x0007a36d   Thumb Code    46  nrf_log_backend_serial.o(i.serial_tx)
    i.service_data_encode                    0x0007a39c   Section        0  ble_advdata.o(i.service_data_encode)
    service_data_encode                      0x0007a39d   Thumb Code   136  ble_advdata.o(i.service_data_encode)
    i.sha256_final                           0x0007a424   Section        0  sha256.o(i.sha256_final)
    i.sha256_init                            0x0007a534   Section        0  sha256.o(i.sha256_init)
    i.sha256_transform                       0x0007a588   Section        0  sha256.o(i.sha256_transform)
    i.sha256_update                          0x0007a6b4   Section        0  sha256.o(i.sha256_update)
    i.softdevice_ble_evt_handler_set         0x0007a708   Section        0  softdevice_handler.o(i.softdevice_ble_evt_handler_set)
    i.softdevice_enable                      0x0007a71c   Section        0  softdevice_handler.o(i.softdevice_enable)
    i.softdevice_enable_get_default_config   0x0007a7f8   Section        0  softdevice_handler.o(i.softdevice_enable_get_default_config)
    i.softdevice_evt_get                     0x0007a81e   Section        0  softdevice_handler_appsh.o(i.softdevice_evt_get)
    i.softdevice_evt_schedule                0x0007a830   Section        0  softdevice_handler_appsh.o(i.softdevice_evt_schedule)
    i.softdevice_fault_handler               0x0007a840   Section        0  softdevice_handler.o(i.softdevice_fault_handler)
    i.softdevice_handler_init                0x0007a844   Section        0  softdevice_handler.o(i.softdevice_handler_init)
    i.softdevice_sys_evt_handler_set         0x0007a878   Section        0  softdevice_handler.o(i.softdevice_sys_evt_handler_set)
    i.timer_list_handler                     0x0007a88c   Section        0  app_timer.o(i.timer_list_handler)
    timer_list_handler                       0x0007a88d   Thumb Code   134  app_timer.o(i.timer_list_handler)
    i.timer_list_insert                      0x0007a918   Section        0  app_timer.o(i.timer_list_insert)
    timer_list_insert                        0x0007a919   Thumb Code    56  app_timer.o(i.timer_list_insert)
    i.timer_stop_op_schedule                 0x0007a954   Section        0  app_timer.o(i.timer_stop_op_schedule)
    timer_stop_op_schedule                   0x0007a955   Thumb Code    68  app_timer.o(i.timer_stop_op_schedule)
    i.timer_timeouts_check                   0x0007a99c   Section        0  app_timer.o(i.timer_timeouts_check)
    timer_timeouts_check                     0x0007a99d   Thumb Code   124  app_timer.o(i.timer_timeouts_check)
    i.timestamp_process                      0x0007aa20   Section        0  nrf_log_backend_serial.o(i.timestamp_process)
    timestamp_process                        0x0007aa21   Thumb Code    40  nrf_log_backend_serial.o(i.timestamp_process)
    i.uint16_encode                          0x0007aa50   Section        0  ble_advdata.o(i.uint16_encode)
    uint16_encode                            0x0007aa51   Thumb Code    10  ble_advdata.o(i.uint16_encode)
    i.uint32_encode                          0x0007aa5a   Section        0  nrf_ble_dfu.o(i.uint32_encode)
    uint32_encode                            0x0007aa5b   Thumb Code    18  nrf_ble_dfu.o(i.uint32_encode)
    i.update_timeout_handler                 0x0007aa6c   Section        0  ble_conn_params.o(i.update_timeout_handler)
    update_timeout_handler                   0x0007aa6d   Thumb Code    88  ble_conn_params.o(i.update_timeout_handler)
    i.user_op_alloc                          0x0007aacc   Section        0  app_timer.o(i.user_op_alloc)
    user_op_alloc                            0x0007aacd   Thumb Code    42  app_timer.o(i.user_op_alloc)
    i.uuid_list_encode                       0x0007aafc   Section        0  ble_advdata.o(i.uuid_list_encode)
    uuid_list_encode                         0x0007aafd   Thumb Code    48  ble_advdata.o(i.uuid_list_encode)
    i.uuid_list_sized_encode                 0x0007ab2c   Section        0  ble_advdata.o(i.uuid_list_sized_encode)
    uuid_list_sized_encode                   0x0007ab2d   Thumb Code   158  ble_advdata.o(i.uuid_list_sized_encode)
    .constdata                               0x0007abca   Section        1  dfu-cc.pb.o(.constdata)
    .constdata                               0x0007abcc   Section       36  dfu-cc.pb.o(.constdata)
    .constdata                               0x0007abf0   Section      120  dfu-cc.pb.o(.constdata)
    .constdata                               0x0007ac68   Section       24  dfu-cc.pb.o(.constdata)
    .constdata                               0x0007ac80   Section       48  dfu-cc.pb.o(.constdata)
    .constdata                               0x0007acb0   Section       48  dfu-cc.pb.o(.constdata)
    .constdata                               0x0007ace0   Section       36  dfu-cc.pb.o(.constdata)
    .constdata                               0x0007ad04   Section       64  dfu_public_key.o(.constdata)
    .constdata                               0x0007ad44   Section        8  dfu_req_handling.o(.constdata)
    crypto_key_pk                            0x0007ad44   Data           8  dfu_req_handling.o(.constdata)
    .constdata                               0x0007ad4c   Section        4  ble_conn_params.o(.constdata)
    m_conn_params_timer_id                   0x0007ad4c   Data           4  ble_conn_params.o(.constdata)
    .constdata                               0x0007ad50   Section       20  nrf_ble_dfu.o(.constdata)
    .constdata                               0x0007ad64   Section       16  nrf_dfu_flash.o(.constdata)
    .constdata                               0x0007ad74   Section       64  nrf_dfu_mbr.o(.constdata)
    .constdata                               0x0007adb4   Section      256  sha256.o(.constdata)
    k                                        0x0007adb4   Data         256  sha256.o(.constdata)
    .constdata                               0x0007aeb4   Section       36  pb_decode.o(.constdata)
    PB_DECODERS                              0x0007aeb4   Data          36  pb_decode.o(.constdata)
    .conststring                             0x0007aed8   Section      317  dfu_req_handling.o(.conststring)
    .conststring                             0x0007b018   Section       81  nrf_ble_dfu.o(.conststring)
    .conststring                             0x0007b06c   Section       66  nrf_dfu_settings.o(.conststring)
    .conststring                             0x0007b0b0   Section      431  nrf_dfu_utils.o(.conststring)
    .conststring                             0x0007b260   Section       69  softdevice_handler.o(.conststring)
    [Anonymous Symbol]                       0x0007b2a8   Section        0  micro_ecc_lib_uECC.c.o(.rodata.curve_secp256r1)
    curve_secp256r1                          0x0007b2a8   Data         176  micro_ecc_lib_uECC.c.o(.rodata.curve_secp256r1)
    dfu_trans                                0x0007b378   Section        8  nrf_ble_dfu.o(dfu_trans)
    __tagsym$$used                           0x0007b378   Number         0  nrf_ble_dfu.o(dfu_trans)
    dfu_trans                                0x0007b378   Data           8  nrf_ble_dfu.o(dfu_trans)
    .ARM.__AT_0x0007E000                     0x0007e000   Section     4096  nrf_dfu_settings.o(.ARM.__AT_0x0007E000)
    __tagsym$$used                           0x0007e000   Number         0  nrf_dfu_settings.o(.ARM.__AT_0x0007E000)
    .ARM.__AT_0x0007F000                     0x0007f000   Section     4096  nrf_dfu_settings.o(.ARM.__AT_0x0007F000)
    __tagsym$$used                           0x0007f000   Number         0  nrf_dfu_settings.o(.ARM.__AT_0x0007F000)
    .ARM.__AT_0x10001014                     0x10001014   Section        4  nrf_bootloader_info.o(.ARM.__AT_0x10001014)
    .ARM.__AT_0x10001018                     0x10001018   Section        4  nrf_dfu_settings.o(.ARM.__AT_0x10001018)
    .data                                    0x20002c00   Section       36  dfu_req_handling.o(.data)
    cur_obj_type                             0x20002c00   Data           1  dfu_req_handling.o(.data)
    m_current_data_buffer                    0x20002c01   Data           1  dfu_req_handling.o(.data)
    m_valid_init_packet_present              0x20002c02   Data           1  dfu_req_handling.o(.data)
    m_data_buf_pos                           0x20002c04   Data           2  dfu_req_handling.o(.data)
    m_flash_operations_pending               0x20002c08   Data           4  dfu_req_handling.o(.data)
    m_firmware_start_addr                    0x20002c0c   Data           4  dfu_req_handling.o(.data)
    m_firmware_size_req                      0x20002c10   Data           4  dfu_req_handling.o(.data)
    crypto_sig                               0x20002c14   Data           8  dfu_req_handling.o(.data)
    hash_data                                0x20002c1c   Data           8  dfu_req_handling.o(.data)
    .data                                    0x20002c24   Section       20  ble_conn_params.o(.data)
    m_change_param                           0x20002c24   Data           1  ble_conn_params.o(.data)
    m_update_count                           0x20002c25   Data           1  ble_conn_params.o(.data)
    m_conn_handle                            0x20002c26   Data           2  ble_conn_params.o(.data)
    m_preferred_conn_params                  0x20002c28   Data           8  ble_conn_params.o(.data)
    m_current_conn_params                    0x20002c30   Data           8  ble_conn_params.o(.data)
    .data                                    0x20002c38   Section       12  nrf_ble_dfu.o(.data)
    m_conn_handle                            0x20002c38   Data           2  nrf_ble_dfu.o(.data)
    m_pkt_notif_target                       0x20002c3a   Data           2  nrf_ble_dfu.o(.data)
    m_pkt_notif_target_cnt                   0x20002c3c   Data           2  nrf_ble_dfu.o(.data)
    m_flags                                  0x20002c40   Data           4  nrf_ble_dfu.o(.data)
    .data                                    0x20002c44   Section        4  nrf_dfu_flash.o(.data)
    m_flags                                  0x20002c44   Data           4  nrf_dfu_flash.o(.data)
    .data                                    0x20002c48   Section        8  nrf_dfu_settings.o(.data)
    flash_operation_pending                  0x20002c48   Data           1  nrf_dfu_settings.o(.data)
    m_callback                               0x20002c4c   Data           4  nrf_dfu_settings.o(.data)
    .data                                    0x20002c50   Section       16  app_scheduler.o(.data)
    m_queue_start_index                      0x20002c50   Data           1  app_scheduler.o(.data)
    m_queue_end_index                        0x20002c51   Data           1  app_scheduler.o(.data)
    m_queue_event_size                       0x20002c52   Data           2  app_scheduler.o(.data)
    m_queue_size                             0x20002c54   Data           2  app_scheduler.o(.data)
    m_queue_event_headers                    0x20002c58   Data           4  app_scheduler.o(.data)
    m_queue_event_data                       0x20002c5c   Data           4  app_scheduler.o(.data)
    .data                                    0x20002c60   Section       32  app_timer.o(.data)
    m_ticks_elapsed_q_read_ind               0x20002c60   Data           1  app_timer.o(.data)
    m_ticks_elapsed_q_write_ind              0x20002c61   Data           1  app_timer.o(.data)
    m_rtc1_running                           0x20002c62   Data           1  app_timer.o(.data)
    m_rtc1_reset                             0x20002c63   Data           1  app_timer.o(.data)
    mp_timer_id_head                         0x20002c64   Data           4  app_timer.o(.data)
    m_ticks_latest                           0x20002c68   Data           4  app_timer.o(.data)
    m_evt_schedule_func                      0x20002c6c   Data           4  app_timer.o(.data)
    m_op_queue                               0x20002c70   Data           8  app_timer.o(.data)
    m_ticks_elapsed                          0x20002c78   Data           8  app_timer.o(.data)
    .data                                    0x20002c80   Section        2  fstorage.o(.data)
    m_flags                                  0x20002c80   Data           1  fstorage.o(.data)
    m_retry_count                            0x20002c81   Data           1  fstorage.o(.data)
    .data                                    0x20002c82   Section        2  nrf_log_backend_serial.o(.data)
    m_initialized                            0x20002c82   Data           1  nrf_log_backend_serial.o(.data)
    m_blocking_mode                          0x20002c83   Data           1  nrf_log_backend_serial.o(.data)
    .data                                    0x20002c84   Section       20  softdevice_handler.o(.data)
    m_softdevice_enabled                     0x20002c84   Data           1  softdevice_handler.o(.data)
    m_suspended                              0x20002c85   Data           1  softdevice_handler.o(.data)
    m_ble_evt_buffer_size                    0x20002c86   Data           2  softdevice_handler.o(.data)
    m_evt_schedule_func                      0x20002c88   Data           4  softdevice_handler.o(.data)
    mp_ble_evt_buffer                        0x20002c8c   Data           4  softdevice_handler.o(.data)
    m_ble_evt_handler                        0x20002c90   Data           4  softdevice_handler.o(.data)
    m_sys_evt_handler                        0x20002c94   Data           4  softdevice_handler.o(.data)
    .data                                    0x20002c98   Section        4  system_nrf52.o(.data)
    __tagsym$$used                           0x20002c98   Number         0  system_nrf52.o(.data)
    fs_data                                  0x20002c9c   Section       16  nrf_dfu_flash.o(fs_data)
    __tagsym$$used                           0x20002c9c   Number         0  nrf_dfu_flash.o(fs_data)
    fs_dfu_config                            0x20002c9c   Data          16  nrf_dfu_flash.o(fs_data)
    .bss                                     0x20002cac   Section     1436  dfu_req_handling.o(.bss)
    packet                                   0x20002cac   Data         300  dfu_req_handling.o(.bss)
    m_data_buf                               0x20002dd8   Data        1024  dfu_req_handling.o(.bss)
    hash                                     0x200031d8   Data          32  dfu_req_handling.o(.bss)
    sig                                      0x200031f8   Data          64  dfu_req_handling.o(.bss)
    stream                                   0x20003238   Data          16  dfu_req_handling.o(.bss)
    .bss                                     0x20003248   Section       32  ble_conn_params.o(.bss)
    m_conn_params_timer_id_data              0x20003248   Data          32  ble_conn_params.o(.bss)
    .bss                                     0x20003268   Section       28  ble_conn_params.o(.bss)
    m_conn_params_config                     0x20003268   Data          28  ble_conn_params.o(.bss)
    .bss                                     0x20003284   Section      115  nrf_ble_dfu.o(.bss)
    BLE_EVT_BUFFER                           0x20003284   Data          80  nrf_ble_dfu.o(.bss)
    m_dfu                                    0x200032d4   Data          20  nrf_ble_dfu.o(.bss)
    m_notif_buffer                           0x200032e8   Data          15  nrf_ble_dfu.o(.bss)
    .bss                                     0x200032f8   Section      456  nrf_dfu.o(.bss)
    APP_TIMER_BUF                            0x200032f8   Data         120  nrf_dfu.o(.bss)
    APP_SCHED_BUF                            0x20003370   Data         336  nrf_dfu.o(.bss)
    .bss                                     0x200034c0   Section      696  nrf_dfu_settings.o(.bss)
    temp_dfu_settings                        0x200034c0   Data         348  nrf_dfu_settings.o(.bss)
    .bss                                     0x20003778   Section       12  app_util_platform.o(.bss)
    .bss                                     0x20003784   Section      104  fstorage.o(.bss)
    m_queue                                  0x20003784   Data         104  fstorage.o(.bss)
    .bss                                     0x200037ec   Section      256  nrf_log_backend_serial.o(.bss)
    m_rtt_buffer                             0x200037ec   Data         256  nrf_log_backend_serial.o(.bss)
    .bss                                     0x200038ec   Section       28  nrf_log_frontend.o(.bss)
    m_log_data                               0x200038ec   Data          28  nrf_log_frontend.o(.bss)
    .bss                                     0x20003908   Section     1160  segger_rtt.o(.bss)
    _acUpBuffer                              0x20003908   Data        1024  segger_rtt.o(.bss)
    _acDownBuffer                            0x20003d08   Data          16  segger_rtt.o(.bss)
    STACK                                    0x20003d90   Section     8192  arm_startup_nrf52.o(STACK)

    Global Symbols

    Symbol Name                              Value     Ov Type        Size  Object(Section)

    BuildAttributes$$THM_ISAv4$E$P$D$K$B$S$7EM$VFPi3$EXTD16$VFPS$VFMA$PE$A:L22UL41UL21$X:L11$S22US41US21$IEEE1$IW$USESV6$~STKCKD$USESV7$~SHL$OSPACE$ROPI$IEEEX$EBA8$MICROLIB$REQ8$PRES8$EABIv2 0x00000000   Number         0  anon$$obj.o ABSOLUTE
    __ARM_use_no_argv                        0x00000000   Number         0  main.o ABSOLUTE
    _printf_a                                0x00000000   Number         0  stubs.o ABSOLUTE
    _printf_c                                0x00000000   Number         0  stubs.o ABSOLUTE
    _printf_charcount                        0x00000000   Number         0  stubs.o ABSOLUTE
    _printf_d                                0x00000000   Number         0  stubs.o ABSOLUTE
    _printf_e                                0x00000000   Number         0  stubs.o ABSOLUTE
    _printf_f                                0x00000000   Number         0  stubs.o ABSOLUTE
    _printf_flags                            0x00000000   Number         0  stubs.o ABSOLUTE
    _printf_fp_dec                           0x00000000   Number         0  stubs.o ABSOLUTE
    _printf_fp_hex                           0x00000000   Number         0  stubs.o ABSOLUTE
    _printf_g                                0x00000000   Number         0  stubs.o ABSOLUTE
    _printf_i                                0x00000000   Number         0  stubs.o ABSOLUTE
    _printf_int_dec                          0x00000000   Number         0  stubs.o ABSOLUTE
    _printf_l                                0x00000000   Number         0  stubs.o ABSOLUTE
    _printf_lc                               0x00000000   Number         0  stubs.o ABSOLUTE
    _printf_ll                               0x00000000   Number         0  stubs.o ABSOLUTE
    _printf_lld                              0x00000000   Number         0  stubs.o ABSOLUTE
    _printf_lli                              0x00000000   Number         0  stubs.o ABSOLUTE
    _printf_llo                              0x00000000   Number         0  stubs.o ABSOLUTE
    _printf_llu                              0x00000000   Number         0  stubs.o ABSOLUTE
    _printf_llx                              0x00000000   Number         0  stubs.o ABSOLUTE
    _printf_longlong_dec                     0x00000000   Number         0  stubs.o ABSOLUTE
    _printf_longlong_hex                     0x00000000   Number         0  stubs.o ABSOLUTE
    _printf_longlong_oct                     0x00000000   Number         0  stubs.o ABSOLUTE
    _printf_ls                               0x00000000   Number         0  stubs.o ABSOLUTE
    _printf_mbtowc                           0x00000000   Number         0  stubs.o ABSOLUTE
    _printf_n                                0x00000000   Number         0  stubs.o ABSOLUTE
    _printf_o                                0x00000000   Number         0  stubs.o ABSOLUTE
    _printf_p                                0x00000000   Number         0  stubs.o ABSOLUTE
    _printf_percent                          0x00000000   Number         0  stubs.o ABSOLUTE
    _printf_pre_padding                      0x00000000   Number         0  stubs.o ABSOLUTE
    _printf_return_value                     0x00000000   Number         0  stubs.o ABSOLUTE
    _printf_s                                0x00000000   Number         0  stubs.o ABSOLUTE
    _printf_sizespec                         0x00000000   Number         0  stubs.o ABSOLUTE
    _printf_str                              0x00000000   Number         0  stubs.o ABSOLUTE
    _printf_truncate_signed                  0x00000000   Number         0  stubs.o ABSOLUTE
    _printf_truncate_unsigned                0x00000000   Number         0  stubs.o ABSOLUTE
    _printf_u                                0x00000000   Number         0  stubs.o ABSOLUTE
    _printf_wc                               0x00000000   Number         0  stubs.o ABSOLUTE
    _printf_wctomb                           0x00000000   Number         0  stubs.o ABSOLUTE
    _printf_widthprec                        0x00000000   Number         0  stubs.o ABSOLUTE
    _printf_x                                0x00000000   Number         0  stubs.o ABSOLUTE
    __cpp_initialize__aeabi_                  - Undefined Weak Reference
    __cxa_finalize                            - Undefined Weak Reference
    __decompress                              - Undefined Weak Reference
    _clock_init                               - Undefined Weak Reference
    _microlib_exit                            - Undefined Weak Reference
    __Vectors_Size                           0x00000400   Number         0  arm_startup_nrf52.o ABSOLUTE
    Image$$ER_IROM1$$Base                    0x00073000   Number         0  anon$$obj.o ABSOLUTE
    __Vectors                                0x00073000   Data           4  arm_startup_nrf52.o(RESET)
    __Vectors_End                            0x00073400   Data           0  arm_startup_nrf52.o(RESET)
    __main                                   0x00073401   Thumb Code     0  entry.o(.ARM.Collect$$$$00000000)
    _main_stk                                0x00073401   Thumb Code     0  entry2.o(.ARM.Collect$$$$00000001)
    _main_scatterload                        0x00073405   Thumb Code     0  entry5.o(.ARM.Collect$$$$00000004)
    __main_after_scatterload                 0x00073409   Thumb Code     0  entry5.o(.ARM.Collect$$$$00000004)
    _main_clock                              0x00073409   Thumb Code     0  entry7b.o(.ARM.Collect$$$$00000008)
    _main_cpp_init                           0x00073409   Thumb Code     0  entry8b.o(.ARM.Collect$$$$0000000A)
    _main_init                               0x00073409   Thumb Code     0  entry9a.o(.ARM.Collect$$$$0000000B)
    __rt_final_cpp                           0x00073411   Thumb Code     0  entry10a.o(.ARM.Collect$$$$0000000D)
    __rt_final_exit                          0x00073411   Thumb Code     0  entry11a.o(.ARM.Collect$$$$0000000F)
    __asm___26_nrf_bootloader_app_start_c_5c9f33f9__nrf_bootloader_app_start_impl 0x00073415   Thumb Code    52  nrf_bootloader_app_start.o(.emb_text)
    Reset_Handler                            0x00073449   Thumb Code     8  arm_startup_nrf52.o(.text)
    NMI_Handler                              0x00073451   Thumb Code     2  arm_startup_nrf52.o(.text)
    HardFault_Handler                        0x00073453   Thumb Code     2  arm_startup_nrf52.o(.text)
    MemoryManagement_Handler                 0x00073455   Thumb Code     2  arm_startup_nrf52.o(.text)
    BusFault_Handler                         0x00073457   Thumb Code     2  arm_startup_nrf52.o(.text)
    UsageFault_Handler                       0x00073459   Thumb Code     2  arm_startup_nrf52.o(.text)
    SVC_Handler                              0x0007345b   Thumb Code     2  arm_startup_nrf52.o(.text)
    DebugMon_Handler                         0x0007345d   Thumb Code     2  arm_startup_nrf52.o(.text)
    PendSV_Handler                           0x0007345f   Thumb Code     2  arm_startup_nrf52.o(.text)
    SysTick_Handler                          0x00073461   Thumb Code     2  arm_startup_nrf52.o(.text)
    CCM_AAR_IRQHandler                       0x00073463   Thumb Code     0  arm_startup_nrf52.o(.text)
    COMP_LPCOMP_IRQHandler                   0x00073463   Thumb Code     0  arm_startup_nrf52.o(.text)
    ECB_IRQHandler                           0x00073463   Thumb Code     0  arm_startup_nrf52.o(.text)
    FPU_IRQHandler                           0x00073463   Thumb Code     0  arm_startup_nrf52.o(.text)
    GPIOTE_IRQHandler                        0x00073463   Thumb Code     0  arm_startup_nrf52.o(.text)
    I2S_IRQHandler                           0x00073463   Thumb Code     0  arm_startup_nrf52.o(.text)
    MWU_IRQHandler                           0x00073463   Thumb Code     0  arm_startup_nrf52.o(.text)
    NFCT_IRQHandler                          0x00073463   Thumb Code     0  arm_startup_nrf52.o(.text)
    PDM_IRQHandler                           0x00073463   Thumb Code     0  arm_startup_nrf52.o(.text)
    POWER_CLOCK_IRQHandler                   0x00073463   Thumb Code     0  arm_startup_nrf52.o(.text)
    PWM0_IRQHandler                          0x00073463   Thumb Code     0  arm_startup_nrf52.o(.text)
    PWM1_IRQHandler                          0x00073463   Thumb Code     0  arm_startup_nrf52.o(.text)
    PWM2_IRQHandler                          0x00073463   Thumb Code     0  arm_startup_nrf52.o(.text)
    QDEC_IRQHandler                          0x00073463   Thumb Code     0  arm_startup_nrf52.o(.text)
    RADIO_IRQHandler                         0x00073463   Thumb Code     0  arm_startup_nrf52.o(.text)
    RNG_IRQHandler                           0x00073463   Thumb Code     0  arm_startup_nrf52.o(.text)
    RTC0_IRQHandler                          0x00073463   Thumb Code     0  arm_startup_nrf52.o(.text)
    RTC2_IRQHandler                          0x00073463   Thumb Code     0  arm_startup_nrf52.o(.text)
    SAADC_IRQHandler                         0x00073463   Thumb Code     0  arm_startup_nrf52.o(.text)
    SPIM0_SPIS0_TWIM0_TWIS0_SPI0_TWI0_IRQHandler 0x00073463   Thumb Code     0  arm_startup_nrf52.o(.text)
    SPIM1_SPIS1_TWIM1_TWIS1_SPI1_TWI1_IRQHandler 0x00073463   Thumb Code     0  arm_startup_nrf52.o(.text)
    SPIM2_SPIS2_SPI2_IRQHandler              0x00073463   Thumb Code     0  arm_startup_nrf52.o(.text)
    SWI1_EGU1_IRQHandler                     0x00073463   Thumb Code     0  arm_startup_nrf52.o(.text)
    SWI3_EGU3_IRQHandler                     0x00073463   Thumb Code     0  arm_startup_nrf52.o(.text)
    SWI4_EGU4_IRQHandler                     0x00073463   Thumb Code     0  arm_startup_nrf52.o(.text)
    SWI5_EGU5_IRQHandler                     0x00073463   Thumb Code     0  arm_startup_nrf52.o(.text)
    TEMP_IRQHandler                          0x00073463   Thumb Code     0  arm_startup_nrf52.o(.text)
    TIMER0_IRQHandler                        0x00073463   Thumb Code     0  arm_startup_nrf52.o(.text)
    TIMER1_IRQHandler                        0x00073463   Thumb Code     0  arm_startup_nrf52.o(.text)
    TIMER2_IRQHandler                        0x00073463   Thumb Code     0  arm_startup_nrf52.o(.text)
    TIMER3_IRQHandler                        0x00073463   Thumb Code     0  arm_startup_nrf52.o(.text)
    TIMER4_IRQHandler                        0x00073463   Thumb Code     0  arm_startup_nrf52.o(.text)
    UARTE0_UART0_IRQHandler                  0x00073463   Thumb Code     0  arm_startup_nrf52.o(.text)
    WDT_IRQHandler                           0x00073463   Thumb Code     0  arm_startup_nrf52.o(.text)
    __aeabi_llsl                             0x0007346d   Thumb Code    30  llshl.o(.text)
    _ll_shift_l                              0x0007346d   Thumb Code     0  llshl.o(.text)
    __aeabi_memcpy                           0x0007348b   Thumb Code    36  memcpya.o(.text)
    __aeabi_memcpy4                          0x0007348b   Thumb Code     0  memcpya.o(.text)
    __aeabi_memcpy8                          0x0007348b   Thumb Code     0  memcpya.o(.text)
    __aeabi_memset                           0x000734af   Thumb Code    14  memseta.o(.text)
    __aeabi_memset4                          0x000734af   Thumb Code     0  memseta.o(.text)
    __aeabi_memset8                          0x000734af   Thumb Code     0  memseta.o(.text)
    __aeabi_memclr                           0x000734bd   Thumb Code     4  memseta.o(.text)
    __aeabi_memclr4                          0x000734bd   Thumb Code     0  memseta.o(.text)
    __aeabi_memclr8                          0x000734bd   Thumb Code     0  memseta.o(.text)
    memset                                   0x000734c1   Thumb Code    18  memseta.o(.text)
    strlen                                   0x000734d3   Thumb Code    14  strlen.o(.text)
    memcmp                                   0x000734e1   Thumb Code    26  memcmp.o(.text)
    strcpy                                   0x000734fb   Thumb Code    18  strcpy.o(.text)
    __aeabi_uldivmod                         0x0007350d   Thumb Code    98  uldiv.o(.text)
    __scatterload                            0x00073571   Thumb Code    28  init.o(.text)
    __scatterload_rt2                        0x00073571   Thumb Code     0  init.o(.text)
    __aeabi_llsr                             0x00073595   Thumb Code    32  llushr.o(.text)
    _ll_ushift_r                             0x00073595   Thumb Code     0  llushr.o(.text)
    uECC_secp256r1                           0x000738ad   Thumb Code     8  micro_ecc_lib_uECC.c.o(.text.uECC_secp256r1)
    uECC_verify                              0x000738b5   Thumb Code   708  micro_ecc_lib_uECC.c.o(.text.uECC_verify)
    uECC_vli_add                             0x00073b81   Thumb Code    90  micro_ecc_lib_uECC.c.o(.text.uECC_vli_add)
    uECC_vli_clear                           0x00073bdd   Thumb Code    24  micro_ecc_lib_uECC.c.o(.text.uECC_vli_clear)
    uECC_vli_equal                           0x00073c1d   Thumb Code    40  micro_ecc_lib_uECC.c.o(.text.uECC_vli_equal)
    uECC_vli_isZero                          0x00073c45   Thumb Code    30  micro_ecc_lib_uECC.c.o(.text.uECC_vli_isZero)
    uECC_vli_mmod                            0x00073c65   Thumb Code   324  micro_ecc_lib_uECC.c.o(.text.uECC_vli_mmod)
    uECC_vli_modAdd                          0x00073da9   Thumb Code    50  micro_ecc_lib_uECC.c.o(.text.uECC_vli_modAdd)
    uECC_vli_modInv                          0x00073ddb   Thumb Code   270  micro_ecc_lib_uECC.c.o(.text.uECC_vli_modInv)
    uECC_vli_modMult                         0x00073ee9   Thumb Code    36  micro_ecc_lib_uECC.c.o(.text.uECC_vli_modMult)
    uECC_vli_modMult_fast                    0x00073f0d   Thumb Code    32  micro_ecc_lib_uECC.c.o(.text.uECC_vli_modMult_fast)
    uECC_vli_modSquare_fast                  0x00073f2d   Thumb Code    32  micro_ecc_lib_uECC.c.o(.text.uECC_vli_modSquare_fast)
    uECC_vli_modSub                          0x00073f4d   Thumb Code    36  micro_ecc_lib_uECC.c.o(.text.uECC_vli_modSub)
    uECC_vli_mult                            0x00073f71   Thumb Code   786  micro_ecc_lib_uECC.c.o(.text.uECC_vli_mult)
    uECC_vli_numBits                         0x00074283   Thumb Code    60  micro_ecc_lib_uECC.c.o(.text.uECC_vli_numBits)
    uECC_vli_rshift1                         0x000742bf   Thumb Code    26  micro_ecc_lib_uECC.c.o(.text.uECC_vli_rshift1)
    uECC_vli_set                             0x000742d9   Thumb Code    26  micro_ecc_lib_uECC.c.o(.text.uECC_vli_set)
    uECC_vli_square                          0x000742f3   Thumb Code   652  micro_ecc_lib_uECC.c.o(.text.uECC_vli_square)
    uECC_vli_sub                             0x00074581   Thumb Code    94  micro_ecc_lib_uECC.c.o(.text.uECC_vli_sub)
    uECC_vli_testBit                         0x000745e1   Thumb Code    20  micro_ecc_lib_uECC.c.o(.text.uECC_vli_testBit)
    RTC1_IRQHandler                          0x000748bd   Thumb Code    32  app_timer.o(i.RTC1_IRQHandler)
    SEGGER_RTT_ConfigUpBuffer                0x000748e1   Thumb Code    74  segger_rtt.o(i.SEGGER_RTT_ConfigUpBuffer)
    SEGGER_RTT_WriteNoLock                   0x00074931   Thumb Code    86  segger_rtt.o(i.SEGGER_RTT_WriteNoLock)
    SWI0_EGU0_IRQHandler                     0x0007498d   Thumb Code     4  app_timer.o(i.SWI0_EGU0_IRQHandler)
    SWI2_EGU2_IRQHandler                     0x00074991   Thumb Code    32  softdevice_handler.o(i.SWI2_EGU2_IRQHandler)
    SystemInit                               0x000749b5   Thumb Code   610  system_nrf52.o(i.SystemInit)
    __0sprintf$8                             0x00074d69   Thumb Code    34  printf8.o(i.__0sprintf$8)
    __1sprintf$8                             0x00074d69   Thumb Code     0  printf8.o(i.__0sprintf$8)
    __2sprintf                               0x00074d69   Thumb Code     0  printf8.o(i.__0sprintf$8)
    __scatterload_copy                       0x00074d91   Thumb Code    14  handlers.o(i.__scatterload_copy)
    __scatterload_null                       0x00074d9f   Thumb Code     2  handlers.o(i.__scatterload_null)
    __scatterload_zeroinit                   0x00074da1   Thumb Code    14  handlers.o(i.__scatterload_zeroinit)
    adv_data_encode                          0x00075241   Thumb Code   386  ble_advdata.o(i.adv_data_encode)
    app_error_fault_handler                  0x00075455   Thumb Code    16  main.o(i.app_error_fault_handler)
    app_error_handler_bare                   0x00075499   Thumb Code    14  main.o(i.app_error_handler_bare)
    app_sched_event_put                      0x000754cd   Thumb Code   154  app_scheduler.o(i.app_sched_event_put)
    app_sched_execute                        0x0007556d   Thumb Code    58  app_scheduler.o(i.app_sched_execute)
    app_sched_init                           0x000755ad   Thumb Code    40  app_scheduler.o(i.app_sched_init)
    app_timer_create                         0x000755d9   Thumb Code    32  app_timer.o(i.app_timer_create)
    app_timer_evt_schedule                   0x00075615   Thumb Code    18  app_timer_appsh.o(i.app_timer_evt_schedule)
    app_timer_init                           0x0007562d   Thumb Code   102  app_timer.o(i.app_timer_init)
    app_timer_start                          0x0007569d   Thumb Code   128  app_timer.o(i.app_timer_start)
    app_timer_stop                           0x00075725   Thumb Code    26  app_timer.o(i.app_timer_stop)
    app_util_critical_region_enter           0x00075745   Thumb Code    64  app_util_platform.o(i.app_util_critical_region_enter)
    app_util_critical_region_exit            0x0007578d   Thumb Code    46  app_util_platform.o(i.app_util_critical_region_exit)
    ble_advdata_set                          0x000757c1   Thumb Code   104  ble_advdata.o(i.ble_advdata_set)
    ble_conn_params_init                     0x00075829   Thumb Code    72  ble_conn_params.o(i.ble_conn_params_init)
    ble_conn_params_on_ble_evt               0x00075881   Thumb Code   120  ble_conn_params.o(i.ble_conn_params_on_ble_evt)
    ble_conn_params_stop                     0x00075905   Thumb Code     8  ble_conn_params.o(i.ble_conn_params_stop)
    ble_dfu_init                             0x00075971   Thumb Code    98  nrf_ble_dfu.o(i.ble_dfu_init)
    ble_dfu_transport_close                  0x000759dd   Thumb Code    98  nrf_ble_dfu.o(i.ble_dfu_transport_close)
    ble_dfu_transport_init                   0x00075a9d   Thumb Code   130  nrf_ble_dfu.o(i.ble_dfu_transport_init)
    ble_srv_is_notification_enabled          0x00075b3f   Thumb Code     8  ble_srv_common.o(i.ble_srv_is_notification_enabled)
    crc32_compute                            0x00075db5   Thumb Code    54  crc32.o(i.crc32_compute)
    ecc_p256_verify                          0x00076501   Thumb Code    74  ecc.o(i.ecc_p256_verify)
    fs_erase                                 0x0007658d   Thumb Code   110  fstorage.o(i.fs_erase)
    fs_fake_init                             0x0007665d   Thumb Code    14  fstorage.o(i.fs_fake_init)
    fs_store                                 0x00076671   Thumb Code   124  fstorage.o(i.fs_store)
    fs_sys_event_handler                     0x000766f1   Thumb Code    96  fstorage.o(i.fs_sys_event_handler)
    intern_softdevice_events_execute         0x000767c5   Thumb Code   118  softdevice_handler.o(i.intern_softdevice_events_execute)
    main                                     0x000769f9   Thumb Code   108  main.o(i.main)
    nrf_bootloader_app_start                 0x00076b91   Thumb Code    82  nrf_bootloader_app_start.o(i.nrf_bootloader_app_start)
    nrf_bootloader_init                      0x00076cdd   Thumb Code    30  nrf_bootloader.o(i.nrf_bootloader_init)
    nrf_crypto_hash_compute                  0x00076d41   Thumb Code    76  nrf_crypto.o(i.nrf_crypto_hash_compute)
    nrf_crypto_verify                        0x00076d8d   Thumb Code    46  nrf_crypto.o(i.nrf_crypto_verify)
    nrf_dfu_app_is_valid                     0x000770d9   Thumb Code    70  nrf_dfu_utils.o(i.nrf_dfu_app_is_valid)
    nrf_dfu_continue                         0x00077651   Thumb Code    60  nrf_dfu_utils.o(i.nrf_dfu_continue)
    nrf_dfu_enter_check                      0x00077d4d   Thumb Code    42  nrf_dfu.o(i.nrf_dfu_enter_check)
    nrf_dfu_find_cache                       0x00077d81   Thumb Code   244  nrf_dfu_utils.o(i.nrf_dfu_find_cache)
    nrf_dfu_flash_erase                      0x00078029   Thumb Code   178  nrf_dfu_flash.o(i.nrf_dfu_flash_erase)
    nrf_dfu_flash_init                       0x00078165   Thumb Code    56  nrf_dfu_flash.o(i.nrf_dfu_flash_init)
    nrf_dfu_flash_store                      0x0007821d   Thumb Code   160  nrf_dfu_flash.o(i.nrf_dfu_flash_store)
    nrf_dfu_init                             0x0007832d   Thumb Code   178  nrf_dfu.o(i.nrf_dfu_init)
    nrf_dfu_mbr_compare                      0x0007850d   Thumb Code    24  nrf_dfu_mbr.o(i.nrf_dfu_mbr_compare)
    nrf_dfu_mbr_copy_bl                      0x00078529   Thumb Code    22  nrf_dfu_mbr.o(i.nrf_dfu_mbr_copy_bl)
    nrf_dfu_mbr_copy_sd                      0x00078541   Thumb Code    32  nrf_dfu_mbr.o(i.nrf_dfu_mbr_copy_sd)
    nrf_dfu_mbr_init_sd                      0x00078565   Thumb Code    18  nrf_dfu_mbr.o(i.nrf_dfu_mbr_init_sd)
    nrf_dfu_req_handler_init                 0x00078781   Thumb Code    70  dfu_req_handling.o(i.nrf_dfu_req_handler_init)
    nrf_dfu_req_handler_on_req               0x000787d1   Thumb Code    68  dfu_req_handling.o(i.nrf_dfu_req_handler_on_req)
    nrf_dfu_settings_calculate_crc           0x00078b09   Thumb Code    10  nrf_dfu_settings.o(i.nrf_dfu_settings_calculate_crc)
    nrf_dfu_settings_init                    0x00078b19   Thumb Code    80  nrf_dfu_settings.o(i.nrf_dfu_settings_init)
    nrf_dfu_settings_write                   0x00078ba1   Thumb Code   122  nrf_dfu_settings.o(i.nrf_dfu_settings_write)
    nrf_dfu_transports_close                 0x00078d1d   Thumb Code    68  nrf_dfu_transport.o(i.nrf_dfu_transports_close)
    nrf_dfu_transports_init                  0x00078dd1   Thumb Code    66  nrf_dfu_transport.o(i.nrf_dfu_transports_init)
    nrf_dfu_wait                             0x00078e85   Thumb Code     4  nrf_dfu.o(i.nrf_dfu_wait)
    nrf_log_backend_hexdump_handler_get      0x00078ec9   Thumb Code     4  nrf_log_backend_serial.o(i.nrf_log_backend_hexdump_handler_get)
    nrf_log_backend_init                     0x00078ed1   Thumb Code    48  nrf_log_backend_serial.o(i.nrf_log_backend_init)
    nrf_log_backend_std_handler_get          0x00079109   Thumb Code     4  nrf_log_backend_serial.o(i.nrf_log_backend_std_handler_get)
    nrf_log_frontend_hexdump                 0x00079129   Thumb Code    48  nrf_log_frontend.o(i.nrf_log_frontend_hexdump)
    nrf_log_frontend_std_0                   0x0007915d   Thumb Code     8  nrf_log_frontend.o(i.nrf_log_frontend_std_0)
    nrf_log_frontend_std_1                   0x00079165   Thumb Code    14  nrf_log_frontend.o(i.nrf_log_frontend_std_1)
    nrf_log_frontend_std_2                   0x00079173   Thumb Code    16  nrf_log_frontend.o(i.nrf_log_frontend_std_2)
    nrf_log_frontend_std_3                   0x00079183   Thumb Code    18  nrf_log_frontend.o(i.nrf_log_frontend_std_3)
    nrf_log_frontend_std_5                   0x00079195   Thumb Code    28  nrf_log_frontend.o(i.nrf_log_frontend_std_5)
    nrf_log_handlers_set                     0x000791b1   Thumb Code     8  nrf_log_frontend.o(i.nrf_log_handlers_set)
    nrf_log_init                             0x000791bd   Thumb Code    34  nrf_log_frontend.o(i.nrf_log_init)
    nrf_nvmc_page_erase                      0x000791e1   Thumb Code    38  nrf_nvmc.o(i.nrf_nvmc_page_erase)
    nrf_nvmc_write_words                     0x00079211   Thumb Code    52  nrf_nvmc.o(i.nrf_nvmc_write_words)
    pb_decode                                0x00079909   Thumb Code    30  pb_decode.o(i.pb_decode)
    pb_decode_fixed32                        0x00079927   Thumb Code    32  pb_decode.o(i.pb_decode_fixed32)
    pb_decode_fixed64                        0x00079947   Thumb Code    92  pb_decode.o(i.pb_decode_fixed64)
    pb_decode_noinit                         0x000799a5   Thumb Code   390  pb_decode.o(i.pb_decode_noinit)
    pb_decode_svarint                        0x00079b2b   Thumb Code    58  pb_decode.o(i.pb_decode_svarint)
    pb_decode_tag                            0x00079b65   Thumb Code    66  pb_decode.o(i.pb_decode_tag)
    pb_decode_varint                         0x00079ba7   Thumb Code    74  pb_decode.o(i.pb_decode_varint)
    pb_field_iter_begin                      0x00079c89   Thumb Code    34  pb_common.o(i.pb_field_iter_begin)
    pb_field_iter_find                       0x00079cab   Thumb Code    46  pb_common.o(i.pb_field_iter_find)
    pb_field_iter_next                       0x00079cd9   Thumb Code   128  pb_common.o(i.pb_field_iter_next)
    pb_istream_from_buffer                   0x00079dfd   Thumb Code    14  pb_decode.o(i.pb_istream_from_buffer)
    pb_make_string_substream                 0x00079e11   Thumb Code    54  pb_decode.o(i.pb_make_string_substream)
    pb_read                                  0x00079e6d   Thumb Code    84  pb_decode.o(i.pb_read)
    pb_skip_field                            0x00079ee5   Thumb Code    90  pb_decode.o(i.pb_skip_field)
    sha256_final                             0x0007a425   Thumb Code   272  sha256.o(i.sha256_final)
    sha256_init                              0x0007a535   Thumb Code    50  sha256.o(i.sha256_init)
    sha256_transform                         0x0007a589   Thumb Code   294  sha256.o(i.sha256_transform)
    sha256_update                            0x0007a6b5   Thumb Code    84  sha256.o(i.sha256_update)
    softdevice_ble_evt_handler_set           0x0007a709   Thumb Code    14  softdevice_handler.o(i.softdevice_ble_evt_handler_set)
    softdevice_enable                        0x0007a71d   Thumb Code    74  softdevice_handler.o(i.softdevice_enable)
    softdevice_enable_get_default_config     0x0007a7f9   Thumb Code    38  softdevice_handler.o(i.softdevice_enable_get_default_config)
    softdevice_evt_get                       0x0007a81f   Thumb Code    18  softdevice_handler_appsh.o(i.softdevice_evt_get)
    softdevice_evt_schedule                  0x0007a831   Thumb Code    10  softdevice_handler_appsh.o(i.softdevice_evt_schedule)
    softdevice_fault_handler                 0x0007a841   Thumb Code     4  softdevice_handler.o(i.softdevice_fault_handler)
    softdevice_handler_init                  0x0007a845   Thumb Code    42  softdevice_handler.o(i.softdevice_handler_init)
    softdevice_sys_evt_handler_set           0x0007a879   Thumb Code    14  softdevice_handler.o(i.softdevice_sys_evt_handler_set)
    dfu_init_command_is_debug_default        0x0007abca   Data           1  dfu-cc.pb.o(.constdata)
    dfu_hash_fields                          0x0007abcc   Data          36  dfu-cc.pb.o(.constdata)
    dfu_init_command_fields                  0x0007abf0   Data         120  dfu-cc.pb.o(.constdata)
    dfu_reset_command_fields                 0x0007ac68   Data          24  dfu-cc.pb.o(.constdata)
    dfu_command_fields                       0x0007ac80   Data          48  dfu-cc.pb.o(.constdata)
    dfu_signed_command_fields                0x0007acb0   Data          48  dfu-cc.pb.o(.constdata)
    dfu_packet_fields                        0x0007ace0   Data          36  dfu-cc.pb.o(.constdata)
    pk                                       0x0007ad04   Data          64  dfu_public_key.o(.constdata)
    Region$$Table$$Base                      0x0007b358   Number         0  anon$$obj.o(Region$$Table)
    Region$$Table$$Limit                     0x0007b378   Number         0  anon$$obj.o(Region$$Table)
    dfu_trans$$Base                          0x0007b378   Number         0  nrf_ble_dfu.o(dfu_trans)
    dfu_trans$$Limit                         0x0007b380   Number         0  nrf_ble_dfu.o(dfu_trans)
    m_mbr_params_page                        0x0007e000   Data        4096  nrf_dfu_settings.o(.ARM.__AT_0x0007E000)
    m_dfu_settings_buffer                    0x0007f000   Data        4096  nrf_dfu_settings.o(.ARM.__AT_0x0007F000)
    m_uicr_bootloader_start_address          0x10001014   Data           4  nrf_bootloader_info.o(.ARM.__AT_0x10001014)
    m_uicr_mbr_params_page_address           0x10001018   Data           4  nrf_dfu_settings.o(.ARM.__AT_0x10001018)
    Image$$RW_IRAM1$$Base                    0x20002c00   Number         0  anon$$obj.o ABSOLUTE
    SystemCoreClock                          0x20002c98   Data           4  system_nrf52.o(.data)
    fs_data$$Base                            0x20002c9c   Number         0  nrf_dfu_flash.o(fs_data)
    fs_data$$Limit                           0x20002cac   Number         0  nrf_dfu_flash.o(fs_data)
    s_dfu_settings                           0x2000361c   Data         348  nrf_dfu_settings.o(.bss)
    nrf_nvic_state                           0x20003778   Data          12  app_util_platform.o(.bss)
    _SEGGER_RTT                              0x20003d18   Data         120  segger_rtt.o(.bss)
    __initial_sp                             0x20005d90   Data           0  arm_startup_nrf52.o(STACK)



==============================================================================

Memory Map of the image

  Image Entry point : 0x00073401

  Load Region LR_IROM1 (Base: 0x00073000, Size: 0x0000842c, Max: 0x0000b000, ABSOLUTE)

    Execution Region ER_IROM1 (Base: 0x00073000, Size: 0x00008380, Max: 0x0000b000, ABSOLUTE)

    Base Addr    Size         Type   Attr      Idx    E Section Name        Object

    0x00073000   0x00000400   Data   RO         2910    RESET               arm_startup_nrf52.o
    0x00073400   0x00000000   Code   RO         3060  * .ARM.Collect$$$$00000000  mc_w.l(entry.o)
    0x00073400   0x00000004   Code   RO         3340    .ARM.Collect$$$$00000001  mc_w.l(entry2.o)
    0x00073404   0x00000004   Code   RO         3343    .ARM.Collect$$$$00000004  mc_w.l(entry5.o)
    0x00073408   0x00000000   Code   RO         3345    .ARM.Collect$$$$00000008  mc_w.l(entry7b.o)
    0x00073408   0x00000000   Code   RO         3347    .ARM.Collect$$$$0000000A  mc_w.l(entry8b.o)
    0x00073408   0x00000008   Code   RO         3348    .ARM.Collect$$$$0000000B  mc_w.l(entry9a.o)
    0x00073410   0x00000000   Code   RO         3350    .ARM.Collect$$$$0000000D  mc_w.l(entry10a.o)
    0x00073410   0x00000000   Code   RO         3352    .ARM.Collect$$$$0000000F  mc_w.l(entry11a.o)
    0x00073410   0x00000004   Code   RO         3341    .ARM.Collect$$$$00002712  mc_w.l(entry2.o)
    0x00073414   0x00000034   Code   RO          901    .emb_text           nrf_bootloader_app_start.o
    0x00073448   0x00000024   Code   RO         2911    .text               arm_startup_nrf52.o
    0x0007346c   0x0000001e   Code   RO         3063    .text               mc_w.l(llshl.o)
    0x0007348a   0x00000024   Code   RO         3065    .text               mc_w.l(memcpya.o)
    0x000734ae   0x00000024   Code   RO         3069    .text               mc_w.l(memseta.o)
    0x000734d2   0x0000000e   Code   RO         3071    .text               mc_w.l(strlen.o)
    0x000734e0   0x0000001a   Code   RO         3073    .text               mc_w.l(memcmp.o)
    0x000734fa   0x00000012   Code   RO         3075    .text               mc_w.l(strcpy.o)
    0x0007350c   0x00000062   Code   RO         3359    .text               mc_w.l(uldiv.o)
    0x0007356e   0x00000002   PAD
    0x00073570   0x00000024   Code   RO         3372    .text               mc_w.l(init.o)
    0x00073594   0x00000020   Code   RO         3375    .text               mc_w.l(llushr.o)
    0x000735b4   0x000000ca   Code   RO         2998    .text.XYcZ_add      micro_ecc_lib_nrf52.lib(micro_ecc_lib_uECC.c.o)
    0x0007367e   0x0000003e   Code   RO         2999    .text.apply_z       micro_ecc_lib_nrf52.lib(micro_ecc_lib_uECC.c.o)
    0x000736bc   0x00000014   Code   RO         2954    .text.bcopy         micro_ecc_lib_nrf52.lib(micro_ecc_lib_uECC.c.o)
    0x000736d0   0x00000086   Code   RO         2971    .text.bits2int      micro_ecc_lib_nrf52.lib(micro_ecc_lib_uECC.c.o)
    0x00073756   0x00000156   Code   RO         2994    .text.double_jacobian_default  micro_ecc_lib_nrf52.lib(micro_ecc_lib_uECC.c.o)
    0x000738ac   0x00000008   Code   RO         3006    .text.uECC_secp256r1  micro_ecc_lib_nrf52.lib(micro_ecc_lib_uECC.c.o)
    0x000738b4   0x000002c4   Code   RO         3019    .text.uECC_verify   micro_ecc_lib_nrf52.lib(micro_ecc_lib_uECC.c.o)
    0x00073b78   0x00000008   PAD
    0x00073b80   0x0000005c   Code   RO         2960    .text.uECC_vli_add  micro_ecc_lib_nrf52.lib(micro_ecc_lib_uECC.c.o)
    0x00073bdc   0x00000018   Code   RO         2969    .text.uECC_vli_clear  micro_ecc_lib_nrf52.lib(micro_ecc_lib_uECC.c.o)
    0x00073bf4   0x00000028   Code   RO         2955    .text.uECC_vli_cmp_unsafe  micro_ecc_lib_nrf52.lib(micro_ecc_lib_uECC.c.o)
    0x00073c1c   0x00000028   Code   RO         2980    .text.uECC_vli_equal  micro_ecc_lib_nrf52.lib(micro_ecc_lib_uECC.c.o)
    0x00073c44   0x0000001e   Code   RO         2972    .text.uECC_vli_isZero  micro_ecc_lib_nrf52.lib(micro_ecc_lib_uECC.c.o)
    0x00073c62   0x00000002   PAD
    0x00073c64   0x00000144   Code   RO         2988    .text.uECC_vli_mmod  micro_ecc_lib_nrf52.lib(micro_ecc_lib_uECC.c.o)
    0x00073da8   0x00000032   Code   RO         2986    .text.uECC_vli_modAdd  micro_ecc_lib_nrf52.lib(micro_ecc_lib_uECC.c.o)
    0x00073dda   0x0000010e   Code   RO         3000    .text.uECC_vli_modInv  micro_ecc_lib_nrf52.lib(micro_ecc_lib_uECC.c.o)
    0x00073ee8   0x00000024   Code   RO         2989    .text.uECC_vli_modMult  micro_ecc_lib_nrf52.lib(micro_ecc_lib_uECC.c.o)
    0x00073f0c   0x00000020   Code   RO         2990    .text.uECC_vli_modMult_fast  micro_ecc_lib_nrf52.lib(micro_ecc_lib_uECC.c.o)
    0x00073f2c   0x00000020   Code   RO         2992    .text.uECC_vli_modSquare_fast  micro_ecc_lib_nrf52.lib(micro_ecc_lib_uECC.c.o)
    0x00073f4c   0x00000024   Code   RO         2987    .text.uECC_vli_modSub  micro_ecc_lib_nrf52.lib(micro_ecc_lib_uECC.c.o)
    0x00073f70   0x00000312   Code   RO         2963    .text.uECC_vli_mult  micro_ecc_lib_nrf52.lib(micro_ecc_lib_uECC.c.o)
    0x00074282   0x0000003c   Code   RO         2975    .text.uECC_vli_numBits  micro_ecc_lib_nrf52.lib(micro_ecc_lib_uECC.c.o)
    0x000742be   0x0000001a   Code   RO         2982    .text.uECC_vli_rshift1  micro_ecc_lib_nrf52.lib(micro_ecc_lib_uECC.c.o)
    0x000742d8   0x0000001a   Code   RO         2976    .text.uECC_vli_set  micro_ecc_lib_nrf52.lib(micro_ecc_lib_uECC.c.o)
    0x000742f2   0x0000028c   Code   RO         2964    .text.uECC_vli_square  micro_ecc_lib_nrf52.lib(micro_ecc_lib_uECC.c.o)
    0x0007457e   0x00000002   PAD
    0x00074580   0x00000060   Code   RO         2962    .text.uECC_vli_sub  micro_ecc_lib_nrf52.lib(micro_ecc_lib_uECC.c.o)
    0x000745e0   0x00000014   Code   RO         2973    .text.uECC_vli_testBit  micro_ecc_lib_nrf52.lib(micro_ecc_lib_uECC.c.o)
    0x000745f4   0x000001b0   Code   RO         2979    .text.vli_mmod_fast_secp256r1  micro_ecc_lib_nrf52.lib(micro_ecc_lib_uECC.c.o)
    0x000747a4   0x00000038   Code   RO         2983    .text.vli_modInv_update  micro_ecc_lib_nrf52.lib(micro_ecc_lib_uECC.c.o)
    0x000747dc   0x0000005a   Code   RO         2993    .text.x_side_default  micro_ecc_lib_nrf52.lib(micro_ecc_lib_uECC.c.o)
    0x00074836   0x00000016   Code   RO         1593    i.NVIC_ClearPendingIRQ  app_timer.o
    0x0007484c   0x00000016   Code   RO         1594    i.NVIC_EnableIRQ    app_timer.o
    0x00074862   0x00000016   Code   RO         1595    i.NVIC_SetPendingIRQ  app_timer.o
    0x00074878   0x00000020   Code   RO         1596    i.NVIC_SetPriority  app_timer.o
    0x00074898   0x00000024   Code   RO          334    i.NVIC_SystemReset  main.o
    0x000748bc   0x00000024   Code   RO         1597    i.RTC1_IRQHandler   app_timer.o
    0x000748e0   0x00000050   Code   RO         2406    i.SEGGER_RTT_ConfigUpBuffer  segger_rtt.o
    0x00074930   0x0000005c   Code   RO         2419    i.SEGGER_RTT_WriteNoLock  segger_rtt.o
    0x0007498c   0x00000004   Code   RO         1598    i.SWI0_EGU0_IRQHandler  app_timer.o
    0x00074990   0x00000024   Code   RO         2549    i.SWI2_EGU2_IRQHandler  softdevice_handler.o
    0x000749b4   0x0000029c   Code   RO         2919    i.SystemInit        system_nrf52.o
    0x00074c50   0x00000068   Code   RO         2422    i._DoInit           segger_rtt.o
    0x00074cb8   0x00000016   Code   RO         2423    i._GetAvailWriteSpace  segger_rtt.o
    0x00074cce   0x0000005a   Code   RO         2425    i._WriteBlocking    segger_rtt.o
    0x00074d28   0x0000003e   Code   RO         2426    i._WriteNoCheck     segger_rtt.o
    0x00074d66   0x00000002   PAD
    0x00074d68   0x00000028   Code   RO         3288    i.__0sprintf$8      mc_w.l(printf8.o)
    0x00074d90   0x0000000e   Code   RO         3384    i.__scatterload_copy  mc_w.l(handlers.o)
    0x00074d9e   0x00000002   Code   RO         3385    i.__scatterload_null  mc_w.l(handlers.o)
    0x00074da0   0x0000000e   Code   RO         3386    i.__scatterload_zeroinit  mc_w.l(handlers.o)
    0x00074dae   0x00000002   PAD
    0x00074db0   0x00000024   Code   RO         2550    i.__sd_nvic_app_accessible_irq  softdevice_handler.o
    0x00074dd4   0x00000410   Code   RO         3293    i._printf_core      mc_w.l(printf8.o)
    0x000751e4   0x00000024   Code   RO         3294    i._printf_post_padding  mc_w.l(printf8.o)
    0x00075208   0x0000002e   Code   RO         3295    i._printf_pre_padding  mc_w.l(printf8.o)
    0x00075236   0x0000000a   Code   RO         3297    i._sputc            mc_w.l(printf8.o)
    0x00075240   0x00000182   Code   RO          424    i.adv_data_encode   ble_advdata.o
    0x000753c2   0x00000002   PAD
    0x000753c4   0x00000090   Code   RO          685    i.advertising_start  nrf_ble_dfu.o
    0x00075454   0x00000044   Code   RO          335    i.app_error_fault_handler  main.o
    0x00075498   0x00000034   Code   RO          336    i.app_error_handler_bare  main.o
    0x000754cc   0x000000a0   Code   RO         1542    i.app_sched_event_put  app_scheduler.o
    0x0007556c   0x00000040   Code   RO         1543    i.app_sched_execute  app_scheduler.o
    0x000755ac   0x0000002c   Code   RO         1544    i.app_sched_init    app_scheduler.o
    0x000755d8   0x00000024   Code   RO         1601    i.app_timer_create  app_timer.o
    0x000755fc   0x00000018   Code   RO         1749    i.app_timer_evt_get  app_timer_appsh.o
    0x00075614   0x00000018   Code   RO         1750    i.app_timer_evt_schedule  app_timer_appsh.o
    0x0007562c   0x00000070   Code   RO         1602    i.app_timer_init    app_timer.o
    0x0007569c   0x00000088   Code   RO         1603    i.app_timer_start   app_timer.o
    0x00075724   0x00000020   Code   RO         1604    i.app_timer_stop    app_timer.o
    0x00075744   0x00000048   Code   RO         1778    i.app_util_critical_region_enter  app_util_platform.o
    0x0007578c   0x00000034   Code   RO         1779    i.app_util_critical_region_exit  app_util_platform.o
    0x000757c0   0x00000068   Code   RO          425    i.ble_advdata_set   ble_advdata.o
    0x00075828   0x00000058   Code   RO          545    i.ble_conn_params_init  ble_conn_params.o
    0x00075880   0x00000084   Code   RO          546    i.ble_conn_params_on_ble_evt  ble_conn_params.o
    0x00075904   0x0000000c   Code   RO          547    i.ble_conn_params_stop  ble_conn_params.o
    0x00075910   0x00000060   Code   RO          426    i.ble_device_addr_encode  ble_advdata.o
    0x00075970   0x0000006c   Code   RO          686    i.ble_dfu_init      nrf_ble_dfu.o
    0x000759dc   0x000000c0   Code   RO          687    i.ble_dfu_transport_close  nrf_ble_dfu.o
    0x00075a9c   0x00000090   Code   RO          688    i.ble_dfu_transport_init  nrf_ble_dfu.o
    0x00075b2c   0x00000012   Code   RO          689    i.ble_evt_dispatch  nrf_ble_dfu.o
    0x00075b3e   0x00000008   Code   RO          624    i.ble_srv_is_notification_enabled  ble_srv_common.o
    0x00075b46   0x00000002   PAD
    0x00075b48   0x00000088   Code   RO          690    i.ble_stack_init    nrf_ble_dfu.o
    0x00075bd0   0x00000012   Code   RO         2199    i.buf_len_update    nrf_log_backend_serial.o
    0x00075be2   0x0000001c   Code   RO         2735    i.buf_read          pb_decode.o
    0x00075bfe   0x00000002   PAD
    0x00075c00   0x00000020   Code   RO         1915    i.check_config      fstorage.o
    0x00075c20   0x000000ac   Code   RO         1606    i.compare_reg_update  app_timer.o
    0x00075ccc   0x00000088   Code   RO          427    i.conn_int_encode   ble_advdata.o
    0x00075d54   0x00000004   Code   RO          691    i.conn_params_error_handler  nrf_ble_dfu.o
    0x00075d58   0x0000005c   Code   RO          548    i.conn_params_negotiation  ble_conn_params.o
    0x00075db4   0x0000003c   Code   RO         1827    i.crc32_compute     crc32.o
    0x00075df0   0x0000007e   Code   RO         2736    i.decode_callback_field  pb_decode.o
    0x00075e6e   0x0000001a   Code   RO         2737    i.decode_field      pb_decode.o
    0x00075e88   0x000000e0   Code   RO         2738    i.decode_static_field  pb_decode.o
    0x00075f68   0x00000084   Code   RO          692    i.dfu_ctrl_pt_add   nrf_ble_dfu.o
    0x00075fec   0x00000010   Code   RO           51    i.dfu_data_write_handler  dfu_req_handling.o
    0x00075ffc   0x00000090   Code   RO           52    i.dfu_decode_commmand  dfu_req_handling.o
    0x0007608c   0x00000340   Code   RO           53    i.dfu_handle_prevalidate  dfu_req_handling.o
    0x000763cc   0x00000098   Code   RO           54    i.dfu_handle_signed_command  dfu_req_handling.o
    0x00076464   0x00000082   Code   RO          693    i.dfu_pkt_char_add  nrf_ble_dfu.o
    0x000764e6   0x00000002   PAD
    0x000764e8   0x00000018   Code   RO         1130    i.dfu_settings_write_callback  nrf_dfu_settings.o
    0x00076500   0x0000004a   Code   RO         1847    i.ecc_p256_verify   ecc.o
    0x0007654a   0x00000002   PAD
    0x0007654c   0x00000040   Code   RO         1607    i.elapsed_ticks_acquire  app_timer.o
    0x0007658c   0x00000074   Code   RO         1916    i.fs_erase          fstorage.o
    0x00076600   0x0000005c   Code   RO         1009    i.fs_evt_handler    nrf_dfu_flash.o
    0x0007665c   0x00000014   Code   RO         1917    i.fs_fake_init      fstorage.o
    0x00076670   0x00000080   Code   RO         1920    i.fs_store          fstorage.o
    0x000766f0   0x00000068   Code   RO         1921    i.fs_sys_event_handler  fstorage.o
    0x00076758   0x0000006c   Code   RO          694    i.gap_params_init   nrf_ble_dfu.o
    0x000767c4   0x0000007c   Code   RO         2551    i.intern_softdevice_events_execute  softdevice_handler.o
    0x00076840   0x0000001c   Code   RO          549    i.is_conn_params_ok  ble_conn_params.o
    0x0007685c   0x0000000c   Code   RO         1849    i.is_word_aligned   ecc.o
    0x00076868   0x0000002e   Code   RO         2739    i.iter_from_extension  pb_decode.o
    0x00076896   0x00000002   PAD
    0x00076898   0x000000a8   Code   RO         1608    i.list_deletions_handler  app_timer.o
    0x00076940   0x000000b8   Code   RO         1609    i.list_insertions_handler  app_timer.o
    0x000769f8   0x00000098   Code   RO          337    i.main              main.o
    0x00076a90   0x00000064   Code   RO          428    i.manuf_specific_data_encode  ble_advdata.o
    0x00076af4   0x0000009c   Code   RO          429    i.name_encode       ble_advdata.o
    0x00076b90   0x0000014c   Code   RO          902    i.nrf_bootloader_app_start  nrf_bootloader_app_start.o
    0x00076cdc   0x00000064   Code   RO          865    i.nrf_bootloader_init  nrf_bootloader.o
    0x00076d40   0x0000004c   Code   RO         2098    i.nrf_crypto_hash_compute  nrf_crypto.o
    0x00076d8c   0x0000002e   Code   RO         2103    i.nrf_crypto_verify  nrf_crypto.o
    0x00076dba   0x00000002   PAD
    0x00076dbc   0x0000008c   Code   RO           55    i.nrf_delay_us      dfu_req_handling.o
    0x00076e48   0x0000008c   Code   RO          695    i.nrf_delay_us      nrf_ble_dfu.o
    0x00076ed4   0x0000008c   Code   RO         1610    i.nrf_delay_us      app_timer.o
    0x00076f60   0x00000178   Code   RO         1225    i.nrf_dfu_app_continue  nrf_dfu_utils.o
    0x000770d8   0x000000d8   Code   RO         1226    i.nrf_dfu_app_is_valid  nrf_dfu_utils.o
    0x000771b0   0x000000fc   Code   RO         1227    i.nrf_dfu_bl_continue  nrf_dfu_utils.o
    0x000772ac   0x000003a4   Code   RO           56    i.nrf_dfu_command_req  dfu_req_handling.o
    0x00077650   0x00000060   Code   RO         1228    i.nrf_dfu_continue  nrf_dfu_utils.o
    0x000776b0   0x00000144   Code   RO         1229    i.nrf_dfu_continue_bank  nrf_dfu_utils.o
    0x000777f4   0x00000558   Code   RO           57    i.nrf_dfu_data_req  dfu_req_handling.o
    0x00077d4c   0x00000034   Code   RO          950    i.nrf_dfu_enter_check  nrf_dfu.o
    0x00077d80   0x000002a8   Code   RO         1230    i.nrf_dfu_find_cache  nrf_dfu_utils.o
    0x00078028   0x0000013c   Code   RO         1010    i.nrf_dfu_flash_erase  nrf_dfu_flash.o
    0x00078164   0x000000b8   Code   RO         1012    i.nrf_dfu_flash_init  nrf_dfu_flash.o
    0x0007821c   0x00000110   Code   RO         1013    i.nrf_dfu_flash_store  nrf_dfu_flash.o
    0x0007832c   0x000001c8   Code   RO          951    i.nrf_dfu_init      nrf_dfu.o
    0x000784f4   0x00000018   Code   RO         1231    i.nrf_dfu_invalidate_bank  nrf_dfu_utils.o
    0x0007850c   0x0000001c   Code   RO         1078    i.nrf_dfu_mbr_compare  nrf_dfu_mbr.o
    0x00078528   0x00000016   Code   RO         1079    i.nrf_dfu_mbr_copy_bl  nrf_dfu_mbr.o
    0x0007853e   0x00000002   PAD
    0x00078540   0x00000024   Code   RO         1080    i.nrf_dfu_mbr_copy_sd  nrf_dfu_mbr.o
    0x00078564   0x00000018   Code   RO         1081    i.nrf_dfu_mbr_init_sd  nrf_dfu_mbr.o
    0x0007857c   0x00000204   Code   RO           58    i.nrf_dfu_postvalidate  dfu_req_handling.o
    0x00078780   0x00000050   Code   RO           59    i.nrf_dfu_req_handler_init  dfu_req_handling.o
    0x000787d0   0x00000068   Code   RO           60    i.nrf_dfu_req_handler_on_req  dfu_req_handling.o
    0x00078838   0x000000a0   Code   RO         1232    i.nrf_dfu_sd_bl_continue  nrf_dfu_utils.o
    0x000788d8   0x00000230   Code   RO         1233    i.nrf_dfu_sd_continue_impl  nrf_dfu_utils.o
    0x00078b08   0x00000010   Code   RO         1131    i.nrf_dfu_settings_calculate_crc  nrf_dfu_settings.o
    0x00078b18   0x00000088   Code   RO         1132    i.nrf_dfu_settings_init  nrf_dfu_settings.o
    0x00078ba0   0x0000017c   Code   RO         1133    i.nrf_dfu_settings_write  nrf_dfu_settings.o
    0x00078d1c   0x000000b4   Code   RO         1191    i.nrf_dfu_transports_close  nrf_dfu_transport.o
    0x00078dd0   0x000000b4   Code   RO         1192    i.nrf_dfu_transports_init  nrf_dfu_transport.o
    0x00078e84   0x00000004   Code   RO          952    i.nrf_dfu_wait      nrf_dfu.o
    0x00078e88   0x00000022   Code   RO          338    i.nrf_gpio_cfg      main.o
    0x00078eaa   0x0000000e   Code   RO          696    i.nrf_gpio_cfg_output  nrf_ble_dfu.o
    0x00078eb8   0x00000010   Code   RO          697    i.nrf_gpio_pin_set  nrf_ble_dfu.o
    0x00078ec8   0x00000008   Code   RO         2201    i.nrf_log_backend_hexdump_handler_get  nrf_log_backend_serial.o
    0x00078ed0   0x00000040   Code   RO         2202    i.nrf_log_backend_init  nrf_log_backend_serial.o
    0x00078f10   0x0000010a   Code   RO         2203    i.nrf_log_backend_serial_hexdump_handler  nrf_log_backend_serial.o
    0x0007901a   0x000000ec   Code   RO         2204    i.nrf_log_backend_serial_std_handler  nrf_log_backend_serial.o
    0x00079106   0x00000002   PAD
    0x00079108   0x00000008   Code   RO         2205    i.nrf_log_backend_std_handler_get  nrf_log_backend_serial.o
    0x00079110   0x00000018   Code   RO         2288    i.nrf_log_direct_feed  nrf_log_frontend.o
    0x00079128   0x00000034   Code   RO         2290    i.nrf_log_frontend_hexdump  nrf_log_frontend.o
    0x0007915c   0x00000008   Code   RO         2292    i.nrf_log_frontend_std_0  nrf_log_frontend.o
    0x00079164   0x0000000e   Code   RO         2293    i.nrf_log_frontend_std_1  nrf_log_frontend.o
    0x00079172   0x00000010   Code   RO         2294    i.nrf_log_frontend_std_2  nrf_log_frontend.o
    0x00079182   0x00000012   Code   RO         2295    i.nrf_log_frontend_std_3  nrf_log_frontend.o
    0x00079194   0x0000001c   Code   RO         2297    i.nrf_log_frontend_std_5  nrf_log_frontend.o
    0x000791b0   0x0000000c   Code   RO         2300    i.nrf_log_handlers_set  nrf_log_frontend.o
    0x000791bc   0x00000022   Code   RO         2301    i.nrf_log_init      nrf_log_frontend.o
    0x000791de   0x00000002   PAD
    0x000791e0   0x00000030   Code   RO         1391    i.nrf_nvmc_page_erase  nrf_nvmc.o
    0x00079210   0x0000003c   Code   RO         1395    i.nrf_nvmc_write_words  nrf_nvmc.o
    0x0007924c   0x00000134   Code   RO          698    i.on_ble_evt        nrf_ble_dfu.o
    0x00079380   0x000001f0   Code   RO          699    i.on_ctrl_pt_write  nrf_ble_dfu.o
    0x00079570   0x0000004c   Code   RO           61    i.on_dfu_complete   dfu_req_handling.o
    0x000795bc   0x00000054   Code   RO         1922    i.on_operation_success  fstorage.o
    0x00079610   0x00000094   Code   RO          700    i.on_rw_authorize_req  nrf_ble_dfu.o
    0x000796a4   0x00000090   Code   RO          701    i.on_write          nrf_ble_dfu.o
    0x00079734   0x00000040   Code   RO         2741    i.pb_dec_bytes      pb_decode.o
    0x00079774   0x00000006   Code   RO         2742    i.pb_dec_fixed32    pb_decode.o
    0x0007977a   0x00000006   Code   RO         2743    i.pb_dec_fixed64    pb_decode.o
    0x00079780   0x0000003e   Code   RO         2744    i.pb_dec_string     pb_decode.o
    0x000797be   0x00000040   Code   RO         2745    i.pb_dec_submessage  pb_decode.o
    0x000797fe   0x00000058   Code   RO         2746    i.pb_dec_svarint    pb_decode.o
    0x00079856   0x00000058   Code   RO         2747    i.pb_dec_uvarint    pb_decode.o
    0x000798ae   0x0000005a   Code   RO         2748    i.pb_dec_varint     pb_decode.o
    0x00079908   0x0000001e   Code   RO         2749    i.pb_decode         pb_decode.o
    0x00079926   0x00000020   Code   RO         2751    i.pb_decode_fixed32  pb_decode.o
    0x00079946   0x0000005c   Code   RO         2752    i.pb_decode_fixed64  pb_decode.o
    0x000799a2   0x00000002   PAD
    0x000799a4   0x00000186   Code   RO         2753    i.pb_decode_noinit  pb_decode.o
    0x00079b2a   0x0000003a   Code   RO         2754    i.pb_decode_svarint  pb_decode.o
    0x00079b64   0x00000042   Code   RO         2755    i.pb_decode_tag     pb_decode.o
    0x00079ba6   0x0000004a   Code   RO         2756    i.pb_decode_varint  pb_decode.o
    0x00079bf0   0x0000004c   Code   RO         2757    i.pb_decode_varint32  pb_decode.o
    0x00079c3c   0x0000004c   Code   RO           62    i.pb_decoding_callback  dfu_req_handling.o
    0x00079c88   0x00000022   Code   RO         2708    i.pb_field_iter_begin  pb_common.o
    0x00079caa   0x0000002e   Code   RO         2709    i.pb_field_iter_find  pb_common.o
    0x00079cd8   0x00000080   Code   RO         2710    i.pb_field_iter_next  pb_common.o
    0x00079d58   0x000000a4   Code   RO         2758    i.pb_field_set_to_default  pb_decode.o
    0x00079dfc   0x00000014   Code   RO         2759    i.pb_istream_from_buffer  pb_decode.o
    0x00079e10   0x00000036   Code   RO         2760    i.pb_make_string_substream  pb_decode.o
    0x00079e46   0x00000026   Code   RO         2761    i.pb_message_set_to_defaults  pb_decode.o
    0x00079e6c   0x00000058   Code   RO         2762    i.pb_read           pb_decode.o
    0x00079ec4   0x00000020   Code   RO         2763    i.pb_readbyte       pb_decode.o
    0x00079ee4   0x0000005a   Code   RO         2764    i.pb_skip_field     pb_decode.o
    0x00079f3e   0x00000002   PAD
    0x00079f40   0x0000002c   Code   RO         1923    i.queue_advance     fstorage.o
    0x00079f6c   0x00000038   Code   RO         1924    i.queue_get_next_free  fstorage.o
    0x00079fa4   0x00000070   Code   RO         1925    i.queue_process     fstorage.o
    0x0007a014   0x0000001c   Code   RO         1926    i.queue_start       fstorage.o
    0x0007a030   0x00000010   Code   RO         2552    i.ram_end_address_get  softdevice_handler.o
    0x0007a040   0x00000062   Code   RO         2765    i.read_raw_value    pb_decode.o
    0x0007a0a2   0x00000002   PAD
    0x0007a0a4   0x000000ac   Code   RO          702    i.response_crc_cmd_send  nrf_ble_dfu.o
    0x0007a150   0x0000007c   Code   RO          703    i.response_select_object_cmd_send  nrf_ble_dfu.o
    0x0007a1cc   0x0000007c   Code   RO          704    i.response_send     nrf_ble_dfu.o
    0x0007a248   0x0000003c   Code   RO         1611    i.rtc1_stop         app_timer.o
    0x0007a284   0x00000074   Code   RO         2554    i.sd_nvic_EnableIRQ  softdevice_handler.o
    0x0007a2f8   0x0000004c   Code   RO         1927    i.send_event        fstorage.o
    0x0007a344   0x00000028   Code   RO          705    i.send_hvx          nrf_ble_dfu.o
    0x0007a36c   0x0000002e   Code   RO         2206    i.serial_tx         nrf_log_backend_serial.o
    0x0007a39a   0x00000002   PAD
    0x0007a39c   0x00000088   Code   RO          430    i.service_data_encode  ble_advdata.o
    0x0007a424   0x00000110   Code   RO         2155    i.sha256_final      sha256.o
    0x0007a534   0x00000054   Code   RO         2156    i.sha256_init       sha256.o
    0x0007a588   0x0000012c   Code   RO         2157    i.sha256_transform  sha256.o
    0x0007a6b4   0x00000054   Code   RO         2158    i.sha256_update     sha256.o
    0x0007a708   0x00000014   Code   RO         2555    i.softdevice_ble_evt_handler_set  softdevice_handler.o
    0x0007a71c   0x000000dc   Code   RO         2556    i.softdevice_enable  softdevice_handler.o
    0x0007a7f8   0x00000026   Code   RO         2557    i.softdevice_enable_get_default_config  softdevice_handler.o
    0x0007a81e   0x00000012   Code   RO         2681    i.softdevice_evt_get  softdevice_handler_appsh.o
    0x0007a830   0x00000010   Code   RO         2682    i.softdevice_evt_schedule  softdevice_handler_appsh.o
    0x0007a840   0x00000004   Code   RO         2558    i.softdevice_fault_handler  softdevice_handler.o
    0x0007a844   0x00000034   Code   RO         2559    i.softdevice_handler_init  softdevice_handler.o
    0x0007a878   0x00000014   Code   RO         2565    i.softdevice_sys_evt_handler_set  softdevice_handler.o
    0x0007a88c   0x0000008c   Code   RO         1612    i.timer_list_handler  app_timer.o
    0x0007a918   0x0000003c   Code   RO         1613    i.timer_list_insert  app_timer.o
    0x0007a954   0x00000048   Code   RO         1614    i.timer_stop_op_schedule  app_timer.o
    0x0007a99c   0x00000084   Code   RO         1615    i.timer_timeouts_check  app_timer.o
    0x0007aa20   0x00000030   Code   RO         2207    i.timestamp_process  nrf_log_backend_serial.o
    0x0007aa50   0x0000000a   Code   RO          431    i.uint16_encode     ble_advdata.o
    0x0007aa5a   0x00000012   Code   RO          706    i.uint32_encode     nrf_ble_dfu.o
    0x0007aa6c   0x00000060   Code   RO          550    i.update_timeout_handler  ble_conn_params.o
    0x0007aacc   0x00000030   Code   RO         1616    i.user_op_alloc     app_timer.o
    0x0007aafc   0x00000030   Code   RO          432    i.uuid_list_encode  ble_advdata.o
    0x0007ab2c   0x0000009e   Code   RO          433    i.uuid_list_sized_encode  ble_advdata.o
    0x0007abca   0x00000001   Data   RO            1    .constdata          dfu-cc.pb.o
    0x0007abcb   0x00000001   PAD
    0x0007abcc   0x00000024   Data   RO            2    .constdata          dfu-cc.pb.o
    0x0007abf0   0x00000078   Data   RO            3    .constdata          dfu-cc.pb.o
    0x0007ac68   0x00000018   Data   RO            4    .constdata          dfu-cc.pb.o
    0x0007ac80   0x00000030   Data   RO            5    .constdata          dfu-cc.pb.o
    0x0007acb0   0x00000030   Data   RO            6    .constdata          dfu-cc.pb.o
    0x0007ace0   0x00000024   Data   RO            7    .constdata          dfu-cc.pb.o
    0x0007ad04   0x00000040   Data   RO           36    .constdata          dfu_public_key.o
    0x0007ad44   0x00000008   Data   RO           64    .constdata          dfu_req_handling.o
    0x0007ad4c   0x00000004   Data   RO          553    .constdata          ble_conn_params.o
    0x0007ad50   0x00000014   Data   RO          708    .constdata          nrf_ble_dfu.o
    0x0007ad64   0x00000010   Data   RO         1015    .constdata          nrf_dfu_flash.o
    0x0007ad74   0x00000040   Data   RO         1083    .constdata          nrf_dfu_mbr.o
    0x0007adb4   0x00000100   Data   RO         2159    .constdata          sha256.o
    0x0007aeb4   0x00000024   Data   RO         2766    .constdata          pb_decode.o
    0x0007aed8   0x0000013d   Data   RO           65    .conststring        dfu_req_handling.o
    0x0007b015   0x00000003   PAD
    0x0007b018   0x00000051   Data   RO          709    .conststring        nrf_ble_dfu.o
    0x0007b069   0x00000003   PAD
    0x0007b06c   0x00000042   Data   RO         1138    .conststring        nrf_dfu_settings.o
    0x0007b0ae   0x00000002   PAD
    0x0007b0b0   0x000001af   Data   RO         1234    .conststring        nrf_dfu_utils.o
    0x0007b25f   0x00000001   PAD
    0x0007b260   0x00000045   Data   RO         2566    .conststring        softdevice_handler.o
    0x0007b2a5   0x00000003   PAD
    0x0007b2a8   0x000000b0   Data   RO         3034    .rodata.curve_secp256r1  micro_ecc_lib_nrf52.lib(micro_ecc_lib_uECC.c.o)
    0x0007b358   0x00000020   Data   RO         3382    Region$$Table       anon$$obj.o
    0x0007b378   0x00000008   Data   RO          711    dfu_trans           nrf_ble_dfu.o


    Execution Region RW_IRAM1 (Base: 0x20002c00, Size: 0x00003190, Max: 0x0000d380, ABSOLUTE)

    Base Addr    Size         Type   Attr      Idx    E Section Name        Object

    0x20002c00   0x00000024   Data   RW           66    .data               dfu_req_handling.o
    0x20002c24   0x00000014   Data   RW          554    .data               ble_conn_params.o
    0x20002c38   0x0000000c   Data   RW          710    .data               nrf_ble_dfu.o
    0x20002c44   0x00000004   Data   RW         1016    .data               nrf_dfu_flash.o
    0x20002c48   0x00000008   Data   RW         1139    .data               nrf_dfu_settings.o
    0x20002c50   0x00000010   Data   RW         1546    .data               app_scheduler.o
    0x20002c60   0x00000020   Data   RW         1617    .data               app_timer.o
    0x20002c80   0x00000002   Data   RW         1929    .data               fstorage.o
    0x20002c82   0x00000002   Data   RW         2209    .data               nrf_log_backend_serial.o
    0x20002c84   0x00000014   Data   RW         2567    .data               softdevice_handler.o
    0x20002c98   0x00000004   Data   RW         2920    .data               system_nrf52.o
    0x20002c9c   0x00000010   Data   RW         1017    fs_data             nrf_dfu_flash.o
    0x20002cac   0x0000059c   Zero   RW           63    .bss                dfu_req_handling.o
    0x20003248   0x00000020   Zero   RW          551    .bss                ble_conn_params.o
    0x20003268   0x0000001c   Zero   RW          552    .bss                ble_conn_params.o
    0x20003284   0x00000073   Zero   RW          707    .bss                nrf_ble_dfu.o
    0x200032f7   0x00000001   PAD
    0x200032f8   0x000001c8   Zero   RW          953    .bss                nrf_dfu.o
    0x200034c0   0x000002b8   Zero   RW         1137    .bss                nrf_dfu_settings.o
    0x20003778   0x0000000c   Zero   RW         1782    .bss                app_util_platform.o
    0x20003784   0x00000068   Zero   RW         1928    .bss                fstorage.o
    0x200037ec   0x00000100   Zero   RW         2208    .bss                nrf_log_backend_serial.o
    0x200038ec   0x0000001c   Zero   RW         2303    .bss                nrf_log_frontend.o
    0x20003908   0x00000488   Zero   RW         2427    .bss                segger_rtt.o
    0x20003d90   0x00002000   Zero   RW         2908    STACK               arm_startup_nrf52.o



  Load Region LR$$.ARM.__AT_0x0007E000 (Base: 0x0007e000, Size: 0x00000000, Max: 0x00001000, ABSOLUTE)

    Execution Region ER$$.ARM.__AT_0x0007E000 (Base: 0x0007e000, Size: 0x00001000, Max: 0x00001000, ABSOLUTE, UNINIT)

    Base Addr    Size         Type   Attr      Idx    E Section Name        Object

    0x0007e000   0x00001000   Zero   RW         1134    .ARM.__AT_0x0007E000  nrf_dfu_settings.o



  Load Region LR$$.ARM.__AT_0x0007F000 (Base: 0x0007f000, Size: 0x00000000, Max: 0x00001000, ABSOLUTE)

    Execution Region ER$$.ARM.__AT_0x0007F000 (Base: 0x0007f000, Size: 0x00001000, Max: 0x00001000, ABSOLUTE, UNINIT)

    Base Addr    Size         Type   Attr      Idx    E Section Name        Object

    0x0007f000   0x00001000   Zero   RW         1135    .ARM.__AT_0x0007F000  nrf_dfu_settings.o



  Load Region LR$$.ARM.__AT_0x10001014 (Base: 0x10001014, Size: 0x00000004, Max: 0x00000004, ABSOLUTE)

    Execution Region ER$$.ARM.__AT_0x10001014 (Base: 0x10001014, Size: 0x00000004, Max: 0x00000004, ABSOLUTE, UNINIT)

    Base Addr    Size         Type   Attr      Idx    E Section Name        Object

    0x10001014   0x00000004   Data   RW          929    .ARM.__AT_0x10001014  nrf_bootloader_info.o



  Load Region LR$$.ARM.__AT_0x10001018 (Base: 0x10001018, Size: 0x00000004, Max: 0x00000004, ABSOLUTE)

    Execution Region ER$$.ARM.__AT_0x10001018 (Base: 0x10001018, Size: 0x00000004, Max: 0x00000004, ABSOLUTE, UNINIT)

    Base Addr    Size         Type   Attr      Idx    E Section Name        Object

    0x10001018   0x00000004   Data   RW         1136    .ARM.__AT_0x10001018  nrf_dfu_settings.o


==============================================================================

Image component sizes


      Code (inc. data)   RO Data    RW Data    ZI Data      Debug   Object Name

       268         16          0         16          0       8911   app_scheduler.o
      1694        114          0         32          0      49111   app_timer.o
        48          6          0          0          0       2185   app_timer_appsh.o
       124         14          0          0         12       9642   app_util_platform.o
        36          8       1024          0       8192        952   arm_startup_nrf52.o
      1330          0          0          0          0      60300   ble_advdata.o
       448         58          4         20         60      10963   ble_conn_params.o
         8          0          0          0          0       1490   ble_srv_common.o
        60          6          0          0          0       1520   crc32.o
         0          0        313          0          0      13892   dfu-cc.pb.o
         0          0         64          0          0        817   dfu_public_key.o
      4436       1938        325         36       1436      91383   dfu_req_handling.o
        86          0          0          0          0       3706   ecc.o
       800         64          0          2        104      11971   fstorage.o
       342        144          0          0          0      11506   main.o
      2860        676        109         12        115      38382   nrf_ble_dfu.o
       100         70          0          0          0        738   nrf_bootloader.o
       384        252          0          0          0       1539   nrf_bootloader_app_start.o
         0          0          0          4          0        394   nrf_bootloader_info.o
       122          0          0          0          0       3338   nrf_crypto.o
       512        288          0          0        456       8832   nrf_dfu.o
       864        412         16         20          0       9597   nrf_dfu_flash.o
       110         14         64          0          0       5512   nrf_dfu_mbr.o
       556        326         66         12       8888       5098   nrf_dfu_settings.o
       360        226          0          0          0       3492   nrf_dfu_transport.o
      2688       1484        431          0          0       9615   nrf_dfu_utils.o
       694         40          0          2        256      10111   nrf_log_backend_serial.o
       206         12          0          0         28      10496   nrf_log_frontend.o
       108         18          0          0          0       2169   nrf_nvmc.o
       208          0          0          0          0       3608   pb_common.o
      2320         14         36          0          0      28950   pb_decode.o
       450         40          0          0       1160       9460   segger_rtt.o
       740         40        256          0          0       5364   sha256.o
       682        188         69         20          0      41064   softdevice_handler.o
        34          6          0          0          0       2271   softdevice_handler_appsh.o
       668         58          0          4          0       2839   system_nrf52.o

    ----------------------------------------------------------------------
     24376       6532       2822        180      20708     481218   Object Totals
         0          0         32          0          0          0   (incl. Generated)
        30          0         13          0          1          0   (incl. Padding)

    ----------------------------------------------------------------------

      Code (inc. data)   RO Data    RW Data    ZI Data      Debug   Library Member Name

         0          0          0          0          0          0   entry.o
         0          0          0          0          0          0   entry10a.o
         0          0          0          0          0          0   entry11a.o
         8          4          0          0          0          0   entry2.o
         4          0          0          0          0          0   entry5.o
         0          0          0          0          0          0   entry7b.o
         0          0          0          0          0          0   entry8b.o
         8          4          0          0          0          0   entry9a.o
        30          0          0          0          0          0   handlers.o
        36          8          0          0          0         68   init.o
        30          0          0          0          0         68   llshl.o
        32          0          0          0          0         68   llushr.o
        26          0          0          0          0         80   memcmp.o
        36          0          0          0          0         68   memcpya.o
        36          0          0          0          0        108   memseta.o
      1172         50          0          0          0        420   printf8.o
        18          0          0          0          0         68   strcpy.o
        14          0          0          0          0         68   strlen.o
        98          0          0          0          0         92   uldiv.o
      4726         12        176          0          0      88177   micro_ecc_lib_uECC.c.o

    ----------------------------------------------------------------------
      6290         78        176          0          0      89285   Library Totals
        16          0          0          0          0          0   (incl. Padding)

    ----------------------------------------------------------------------

      Code (inc. data)   RO Data    RW Data    ZI Data      Debug   Library Name

      1548         66          0          0          0       1108   mc_w.l
      4726         12        176          0          0      88177   micro_ecc_lib_nrf52.lib

    ----------------------------------------------------------------------
      6290         78        176          0          0      89285   Library Totals

    ----------------------------------------------------------------------

==============================================================================


      Code (inc. data)   RO Data    RW Data    ZI Data      Debug   

     30666       6610       2998        180      20708     550387   Grand Totals
     30666       6610       2998        180      20708     550387   ELF Image Totals
     30666       6610       2998        180          0          0   ROM Totals

==============================================================================

    Total RO  Size (Code + RO Data)                33664 (  32.88kB)
    Total RW  Size (RW Data + ZI Data)             20888 (  20.40kB)
    Total ROM Size (Code + RO Data + RW Data)      33844 (  33.05kB)

==============================================================================

