Component: ARM Compiler 5.06 update 3 (build 300) Tool: armlink [4d35c9]

==============================================================================

Section Cross References

    main.o(i.SPI_Function) refers to nrf_drv_spi.o(i.nrf_drv_spi_transfer) for nrf_drv_spi_transfer
    main.o(i.SPI_Function) refers to app_error.o(i.app_error_handler_bare) for app_error_handler_bare
    main.o(i.SPI_Function) refers to main.o(i.nrf_delay_us) for nrf_delay_us
    main.o(i.SPI_Function) refers to main.o(.data) for .data
    main.o(i.SPI_Function) refers to main.o(.constdata) for .constdata
    main.o(i.SPI_init) refers to nrf_drv_spi.o(i.nrf_drv_spi_init) for nrf_drv_spi_init
    main.o(i.SPI_init) refers to app_error.o(i.app_error_handler_bare) for app_error_handler_bare
    main.o(i.SPI_init) refers to main.o(.constdata) for .constdata
    main.o(i.SPI_init) refers to main.o(i.spi_event_handler) for spi_event_handler
    main.o(i.assert_nrf_callback) refers to app_error.o(i.app_error_handler) for app_error_handler
    main.o(i.ble_evt_dispatch) refers to ble_conn_params.o(i.ble_conn_params_on_ble_evt) for ble_conn_params_on_ble_evt
    main.o(i.ble_evt_dispatch) refers to ble_nus.o(i.ble_nus_on_ble_evt) for ble_nus_on_ble_evt
    main.o(i.ble_evt_dispatch) refers to main.o(i.on_ble_evt) for on_ble_evt
    main.o(i.ble_evt_dispatch) refers to ble_advertising.o(i.ble_advertising_on_ble_evt) for ble_advertising_on_ble_evt
    main.o(i.ble_evt_dispatch) refers to bsp_btn_ble.o(i.bsp_btn_ble_on_ble_evt) for bsp_btn_ble_on_ble_evt
    main.o(i.ble_evt_dispatch) refers to main.o(.bss) for .bss
    main.o(i.ble_stack_init) refers to softdevice_handler.o(i.softdevice_handler_init) for softdevice_handler_init
    main.o(i.ble_stack_init) refers to app_error.o(i.app_error_handler_bare) for app_error_handler_bare
    main.o(i.ble_stack_init) refers to softdevice_handler.o(i.softdevice_enable_get_default_config) for softdevice_enable_get_default_config
    main.o(i.ble_stack_init) refers to softdevice_handler.o(i.softdevice_enable) for softdevice_enable
    main.o(i.ble_stack_init) refers to softdevice_handler.o(i.softdevice_ble_evt_handler_set) for softdevice_ble_evt_handler_set
    main.o(i.ble_stack_init) refers to main.o(.constdata) for .constdata
    main.o(i.ble_stack_init) refers to main.o(.bss) for .bss
    main.o(i.ble_stack_init) refers to main.o(i.ble_evt_dispatch) for ble_evt_dispatch
    main.o(i.bsp_event_handler) refers to main.o(i.sleep_mode_enter) for sleep_mode_enter
    main.o(i.bsp_event_handler) refers to app_error.o(i.app_error_handler_bare) for app_error_handler_bare
    main.o(i.bsp_event_handler) refers to ble_advertising.o(i.ble_advertising_restart_without_whitelist) for ble_advertising_restart_without_whitelist
    main.o(i.bsp_event_handler) refers to main.o(.data) for .data
    main.o(i.conn_params_error_handler) refers to app_error.o(i.app_error_handler_bare) for app_error_handler_bare
    main.o(i.main) refers to app_timer.o(i.app_timer_init) for app_timer_init
    main.o(i.main) refers to app_error.o(i.app_error_handler_bare) for app_error_handler_bare
    main.o(i.main) refers to memcpya.o(.text) for __aeabi_memcpy4
    main.o(i.main) refers to app_uart_fifo.o(i.app_uart_init) for app_uart_init
    main.o(i.main) refers to bsp.o(i.bsp_init) for bsp_init
    main.o(i.main) refers to bsp_btn_ble.o(i.bsp_btn_ble_init) for bsp_btn_ble_init
    main.o(i.main) refers to main.o(i.ble_stack_init) for ble_stack_init
    main.o(i.main) refers to ble_nus.o(i.ble_nus_init) for ble_nus_init
    main.o(i.main) refers to memseta.o(.text) for __aeabi_memclr4
    main.o(i.main) refers to ble_advertising.o(i.ble_advertising_init) for ble_advertising_init
    main.o(i.main) refers to ble_conn_params.o(i.ble_conn_params_init) for ble_conn_params_init
    main.o(i.main) refers to printfa.o(i.__0printf) for __2printf
    main.o(i.main) refers to ble_advertising.o(i.ble_advertising_start) for ble_advertising_start
    main.o(i.main) refers to main.o(i.SPI_init) for SPI_init
    main.o(i.main) refers to main.o(i.SPI_Function) for SPI_Function
    main.o(i.main) refers to dflti.o(.text) for __aeabi_i2d
    main.o(i.main) refers to ddiv.o(.text) for __aeabi_ddiv
    main.o(i.main) refers to main.o(i.nrf_delay_us) for nrf_delay_us
    main.o(i.main) refers to printfa.o(i.__0sprintf) for __2sprintf
    main.o(i.main) refers to strlen.o(.text) for strlen
    main.o(i.main) refers to ble_nus.o(i.ble_nus_string_send) for ble_nus_string_send
    main.o(i.main) refers to main.o(.bss) for .bss
    main.o(i.main) refers to main.o(.constdata) for .constdata
    main.o(i.main) refers to main.o(i.uart_event_handle) for uart_event_handle
    main.o(i.main) refers to main.o(i.bsp_event_handler) for bsp_event_handler
    main.o(i.main) refers to main.o(i.nus_data_handler) for nus_data_handler
    main.o(i.main) refers to main.o(.data) for .data
    main.o(i.main) refers to main.o(i.on_adv_evt) for on_adv_evt
[...]
    __sd_nvic_app_accessible_irq             0x000200a9   Thumb Code    32  softdevice_handler.o(i.__sd_nvic_app_accessible_irq)
    i._fp_digits                             0x000200cc   Section        0  printfa.o(i._fp_digits)
    _fp_digits                               0x000200cd   Thumb Code   366  printfa.o(i._fp_digits)
    i._printf_core                           0x00020250   Section        0  printfa.o(i._printf_core)
    _printf_core                             0x00020251   Thumb Code  1744  printfa.o(i._printf_core)
    i._printf_post_padding                   0x0002092c   Section        0  printfa.o(i._printf_post_padding)
    _printf_post_padding                     0x0002092d   Thumb Code    36  printfa.o(i._printf_post_padding)
    i._printf_pre_padding                    0x00020950   Section        0  printfa.o(i._printf_pre_padding)
    _printf_pre_padding                      0x00020951   Thumb Code    46  printfa.o(i._printf_pre_padding)
    i._sputc                                 0x0002097e   Section        0  printfa.o(i._sputc)
    _sputc                                   0x0002097f   Thumb Code    10  printfa.o(i._sputc)
    i.adv_data_encode                        0x00020988   Section        0  ble_advdata.o(i.adv_data_encode)
    i.adv_mode_next_avail_get                0x00020b0c   Section        0  ble_advertising.o(i.adv_mode_next_avail_get)
    adv_mode_next_avail_get                  0x00020b0d   Thumb Code    80  ble_advertising.o(i.adv_mode_next_avail_get)
    i.advertising_buttons_configure          0x00020b64   Section        0  bsp_btn_ble.o(i.advertising_buttons_configure)
    advertising_buttons_configure            0x00020b65   Thumb Code    54  bsp_btn_ble.o(i.advertising_buttons_configure)
    i.alert_timer_handler                    0x00020b9c   Section        0  bsp.o(i.alert_timer_handler)
    alert_timer_handler                      0x00020b9d   Thumb Code    26  bsp.o(i.alert_timer_handler)
    i.app_button_enable                      0x00020bbc   Section        0  app_button.o(i.app_button_enable)
    i.app_button_init                        0x00020be0   Section        0  app_button.o(i.app_button_init)
    i.app_error_fault_handler                0x00020c50   Section        0  app_error_weak.o(i.app_error_fault_handler)
    i.app_error_handler_bare                 0x00020c74   Section        0  app_error.o(i.app_error_handler_bare)
    i.app_fifo_get                           0x00020c8a   Section        0  app_fifo.o(i.app_fifo_get)
    i.app_fifo_init                          0x00020ca0   Section        0  app_fifo.o(i.app_fifo_init)
    i.app_fifo_put                           0x00020cc0   Section        0  app_fifo.o(i.app_fifo_put)
    i.app_timer_create                       0x00020cdc   Section        0  app_timer.o(i.app_timer_create)
    i.app_timer_init                         0x00020d00   Section        0  app_timer.o(i.app_timer_init)
    i.app_timer_start                        0x00020d70   Section        0  app_timer.o(i.app_timer_start)
    i.app_timer_stop                         0x00020df8   Section        0  app_timer.o(i.app_timer_stop)
    i.app_uart_get                           0x00020e18   Section        0  app_uart_fifo.o(i.app_uart_get)
    i.app_uart_init                          0x00020e4c   Section        0  app_uart_fifo.o(i.app_uart_init)
    i.app_uart_put                           0x00020f00   Section        0  app_uart_fifo.o(i.app_uart_put)
    i.app_util_critical_region_enter         0x00020f3c   Section        0  app_util_platform.o(i.app_util_critical_region_enter)
    i.app_util_critical_region_exit          0x00020f84   Section        0  app_util_platform.o(i.app_util_critical_region_exit)
    i.apply_config                           0x00020fb8   Section        0  nrf_drv_uart.o(i.apply_config)
    apply_config                             0x00020fb9   Thumb Code   142  nrf_drv_uart.o(i.apply_config)
    i.ble_advdata_set                        0x00021050   Section        0  ble_advdata.o(i.ble_advdata_set)
    i.ble_advertising_init                   0x000210b8   Section        0  ble_advertising.o(i.ble_advertising_init)
    i.ble_advertising_on_ble_evt             0x000211d8   Section        0  ble_advertising.o(i.ble_advertising_on_ble_evt)
    i.ble_advertising_restart_without_whitelist 0x00021234   Section        0  ble_advertising.o(i.ble_advertising_restart_without_whitelist)
    i.ble_advertising_start                  0x00021270   Section        0  ble_advertising.o(i.ble_advertising_start)
    i.ble_conn_params_init                   0x00021374   Section        0  ble_conn_params.o(i.ble_conn_params_init)
    i.ble_conn_params_on_ble_evt             0x000213cc   Section        0  ble_conn_params.o(i.ble_conn_params_on_ble_evt)
    i.ble_device_addr_encode                 0x00021450   Section        0  ble_advdata.o(i.ble_device_addr_encode)
    ble_device_addr_encode                   0x00021451   Thumb Code    96  ble_advdata.o(i.ble_device_addr_encode)
    i.ble_evt_dispatch                       0x000214b0   Section        0  main.o(i.ble_evt_dispatch)
    ble_evt_dispatch                         0x000214b1   Thumb Code    38  main.o(i.ble_evt_dispatch)
    i.ble_nus_init                           0x000214dc   Section        0  ble_nus.o(i.ble_nus_init)
    i.ble_nus_on_ble_evt                     0x00021540   Section        0  ble_nus.o(i.ble_nus_on_ble_evt)
    i.ble_nus_string_send                    0x0002159c   Section        0  ble_nus.o(i.ble_nus_string_send)
    i.ble_srv_is_notification_enabled        0x000215ea   Section        0  ble_srv_common.o(i.ble_srv_is_notification_enabled)
    i.ble_stack_init                         0x000215f4   Section        0  main.o(i.ble_stack_init)
    ble_stack_init                           0x000215f5   Thumb Code    80  main.o(i.ble_stack_init)
    i.bsp_btn_ble_init                       0x00021650   Section        0  bsp_btn_ble.o(i.bsp_btn_ble_init)
    i.bsp_btn_ble_on_ble_evt                 0x0002169c   Section        0  bsp_btn_ble.o(i.bsp_btn_ble_on_ble_evt)
    i.bsp_btn_ble_sleep_mode_prepare         0x0002170c   Section        0  bsp_btn_ble.o(i.bsp_btn_ble_sleep_mode_prepare)
    i.bsp_button_event_handler               0x00021720   Section        0  bsp.o(i.bsp_button_event_handler)
    bsp_button_event_handler                 0x00021721   Thumb Code   154  bsp.o(i.bsp_button_event_handler)
    i.bsp_button_is_pressed                  0x000217c8   Section        0  bsp.o(i.bsp_button_is_pressed)
    i.bsp_event_handler                      0x000217f4   Section        0  main.o(i.bsp_event_handler)
    i.bsp_event_to_button_action_assign      0x00021838   Section        0  bsp.o(i.bsp_event_to_button_action_assign)
    i.bsp_indication_set                     0x0002187c   Section        0  bsp.o(i.bsp_indication_set)
    i.bsp_init                               0x00021894   Section        0  bsp.o(i.bsp_init)
    i.bsp_led_indication                     0x00021938   Section        0  bsp.o(i.bsp_led_indication)
    bsp_led_indication                       0x00021939   Thumb Code   536  bsp.o(i.bsp_led_indication)
    i.bsp_wakeup_buttons_set                 0x00021b5c   Section        0  bsp.o(i.bsp_wakeup_buttons_set)
    i.button_timer_handler                   0x00021b98   Section        0  bsp.o(i.button_timer_handler)
    button_timer_handler                     0x00021b99   Thumb Code     8  bsp.o(i.button_timer_handler)
    i.channel_free                           0x00021ba0   Section        0  nrf_drv_gpiote.o(i.channel_free)
    channel_free                             0x00021ba1   Thumb Code    22  nrf_drv_gpiote.o(i.channel_free)
    i.channel_port_alloc                     0x00021bbc   Section        0  nrf_drv_gpiote.o(i.channel_port_alloc)
    channel_port_alloc                       0x00021bbd   Thumb Code    66  nrf_drv_gpiote.o(i.channel_port_alloc)
    i.channel_port_get                       0x00021c04   Section        0  nrf_drv_gpiote.o(i.channel_port_get)
    channel_port_get                         0x00021c05   Thumb Code    10  nrf_drv_gpiote.o(i.channel_port_get)
    i.clock_clk_started_notify               0x00021c14   Section        0  nrf_drv_clock.o(i.clock_clk_started_notify)
    clock_clk_started_notify                 0x00021c15   Thumb Code    34  nrf_drv_clock.o(i.clock_clk_started_notify)
    i.compare_reg_update                     0x00021c3c   Section        0  app_timer.o(i.compare_reg_update)
    compare_reg_update                       0x00021c3d   Thumb Code   160  app_timer.o(i.compare_reg_update)
    i.conn_int_encode                        0x00021ce8   Section        0  ble_advdata.o(i.conn_int_encode)
    conn_int_encode                          0x00021ce9   Thumb Code   136  ble_advdata.o(i.conn_int_encode)
    i.conn_params_error_handler              0x00021d70   Section        0  main.o(i.conn_params_error_handler)
    conn_params_error_handler                0x00021d71   Thumb Code     4  main.o(i.conn_params_error_handler)
    i.conn_params_negotiation                0x00021d74   Section        0  ble_conn_params.o(i.conn_params_negotiation)
    conn_params_negotiation                  0x00021d75   Thumb Code    78  ble_conn_params.o(i.conn_params_negotiation)
    i.detection_delay_timeout_handler        0x00021dd0   Section        0  app_button.o(i.detection_delay_timeout_handler)
    detection_delay_timeout_handler          0x00021dd1   Thumb Code    92  app_button.o(i.detection_delay_timeout_handler)
    i.elapsed_ticks_acquire                  0x00021e30   Section        0  app_timer.o(i.elapsed_ticks_acquire)
    elapsed_ticks_acquire                    0x00021e31   Thumb Code    58  app_timer.o(i.elapsed_ticks_acquire)
    i.fifo_get                               0x00021e70   Section        0  app_fifo.o(i.fifo_get)
    fifo_get                                 0x00021e71   Thumb Code    20  app_fifo.o(i.fifo_get)
    i.fifo_put                               0x00021e84   Section        0  app_fifo.o(i.fifo_put)
    fifo_put                                 0x00021e85   Thumb Code    18  app_fifo.o(i.fifo_put)
    i.fputc                                  0x00021e96   Section        0  retarget.o(i.fputc)
    i.fs_queued_op_count_get                 0x00021ea4   Section        0  fstorage.o(i.fs_queued_op_count_get)
    i.gpiote_event_handler                   0x00021eb8   Section        0  app_button.o(i.gpiote_event_handler)
    gpiote_event_handler                     0x00021eb9   Thumb Code    78  app_button.o(i.gpiote_event_handler)
    i.intern_softdevice_events_execute       0x00021f10   Section        0  softdevice_handler.o(i.intern_softdevice_events_execute)
    i.interrupts_enable                      0x00021f88   Section        0  nrf_drv_uart.o(i.interrupts_enable)
    interrupts_enable                        0x00021f89   Thumb Code   106  nrf_drv_uart.o(i.interrupts_enable)
    i.is_conn_params_ok                      0x00022000   Section        0  ble_conn_params.o(i.is_conn_params_ok)
    is_conn_params_ok                        0x00022001   Thumb Code    24  ble_conn_params.o(i.is_conn_params_ok)
    i.leds_timer_handler                     0x0002201c   Section        0  bsp.o(i.leds_timer_handler)
    leds_timer_handler                       0x0002201d   Thumb Code    16  bsp.o(i.leds_timer_handler)
    i.list_deletions_handler                 0x00022030   Section        0  app_timer.o(i.list_deletions_handler)
    list_deletions_handler                   0x00022031   Thumb Code   158  app_timer.o(i.list_deletions_handler)
    i.list_insertions_handler                0x000220d8   Section        0  app_timer.o(i.list_insertions_handler)
    list_insertions_handler                  0x000220d9   Thumb Code   174  app_timer.o(i.list_insertions_handler)
    i.main                                   0x00022190   Section        0  main.o(i.main)
    i.manuf_specific_data_encode             0x00022450   Section        0  ble_advdata.o(i.manuf_specific_data_encode)
    manuf_specific_data_encode               0x00022451   Thumb Code   100  ble_advdata.o(i.manuf_specific_data_encode)
    i.name_encode                            0x000224b4   Section        0  ble_advdata.o(i.name_encode)
    name_encode                              0x000224b5   Thumb Code   156  ble_advdata.o(i.name_encode)
    i.nrf_clock_event_check                  0x00022550   Section        0  nrf_drv_clock.o(i.nrf_clock_event_check)
    nrf_clock_event_check                    0x00022551   Thumb Code    14  nrf_drv_clock.o(i.nrf_clock_event_check)
    i.nrf_clock_event_clear                  0x0002255e   Section        0  nrf_drv_clock.o(i.nrf_clock_event_clear)
    nrf_clock_event_clear                    0x0002255f   Thumb Code    16  nrf_drv_clock.o(i.nrf_clock_event_clear)
    i.nrf_delay_us                           0x00022570   Section        0  main.o(i.nrf_delay_us)
    nrf_delay_us                             0x00022571   Thumb Code   132  main.o(i.nrf_delay_us)
    i.nrf_delay_us                           0x000225fc   Section        0  app_timer.o(i.nrf_delay_us)
    nrf_delay_us                             0x000225fd   Thumb Code   132  app_timer.o(i.nrf_delay_us)
    i.nrf_drv_clock_init                     0x00022688   Section        0  nrf_drv_clock.o(i.nrf_drv_clock_init)
    i.nrf_drv_clock_on_sd_enable             0x000226c0   Section        0  nrf_drv_clock.o(i.nrf_drv_clock_on_sd_enable)
    i.nrf_drv_clock_on_soc_event             0x000226f0   Section        0  nrf_drv_clock.o(i.nrf_drv_clock_on_soc_event)
    i.nrf_drv_common_irq_enable              0x000226fa   Section        0  nrf_drv_common.o(i.nrf_drv_common_irq_enable)
    i.nrf_drv_get_IRQn                       0x00022732   Section        0  nrf_drv_uart.o(i.nrf_drv_get_IRQn)
    nrf_drv_get_IRQn                         0x00022733   Thumb Code     6  nrf_drv_uart.o(i.nrf_drv_get_IRQn)
    i.nrf_drv_gpiote_in_event_enable         0x00022738   Section        0  nrf_drv_gpiote.o(i.nrf_drv_gpiote_in_event_enable)
    i.nrf_drv_gpiote_in_init                 0x000227dc   Section        0  nrf_drv_gpiote.o(i.nrf_drv_gpiote_in_init)
    i.nrf_drv_gpiote_in_is_set               0x00022894   Section        0  nrf_drv_gpiote.o(i.nrf_drv_gpiote_in_is_set)
    i.nrf_drv_gpiote_init                    0x000228a8   Section        0  nrf_drv_gpiote.o(i.nrf_drv_gpiote_init)
    i.nrf_drv_gpiote_is_init                 0x00022904   Section        0  nrf_drv_gpiote.o(i.nrf_drv_gpiote_is_init)
    i.nrf_drv_is_in_RAM                      0x00022918   Section        0  nrf_drv_spi.o(i.nrf_drv_is_in_RAM)
    nrf_drv_is_in_RAM                        0x00022919   Thumb Code    16  nrf_drv_spi.o(i.nrf_drv_is_in_RAM)
    i.nrf_drv_spi_init                       0x00022928   Section        0  nrf_drv_spi.o(i.nrf_drv_spi_init)
    i.nrf_drv_spi_transfer                   0x00022a40   Section        0  nrf_drv_spi.o(i.nrf_drv_spi_transfer)
    i.nrf_drv_spi_xfer                       0x00022a5c   Section        0  nrf_drv_spi.o(i.nrf_drv_spi_xfer)
    i.nrf_drv_uart_init                      0x00022ab8   Section        0  nrf_drv_uart.o(i.nrf_drv_uart_init)
    i.nrf_drv_uart_rx                        0x00022b20   Section        0  nrf_drv_uart.o(i.nrf_drv_uart_rx)
    i.nrf_drv_uart_rx_enable                 0x00022bcc   Section        0  nrf_drv_uart.o(i.nrf_drv_uart_rx_enable)
    i.nrf_drv_uart_rx_for_uart               0x00022bfc   Section        0  nrf_drv_uart.o(i.nrf_drv_uart_rx_for_uart)
    nrf_drv_uart_rx_for_uart                 0x00022bfd   Thumb Code   162  nrf_drv_uart.o(i.nrf_drv_uart_rx_for_uart)
    i.nrf_drv_uart_rx_for_uarte              0x00022ca4   Section        0  nrf_drv_uart.o(i.nrf_drv_uart_rx_for_uarte)
    nrf_drv_uart_rx_for_uarte                0x00022ca5   Thumb Code   170  nrf_drv_uart.o(i.nrf_drv_uart_rx_for_uarte)
    i.nrf_drv_uart_tx                        0x00022d54   Section        0  nrf_drv_uart.o(i.nrf_drv_uart_tx)
    i.nrf_drv_uart_tx_in_progress            0x00022e5c   Section        0  nrf_drv_uart.o(i.nrf_drv_uart_tx_in_progress)
    i.nrf_gpio_cfg                           0x00022e74   Section        0  nrf_drv_spi.o(i.nrf_gpio_cfg)
    nrf_gpio_cfg                             0x00022e75   Thumb Code    34  nrf_drv_spi.o(i.nrf_gpio_cfg)
    i.nrf_gpio_cfg                           0x00022e96   Section        0  nrf_drv_gpiote.o(i.nrf_gpio_cfg)
    nrf_gpio_cfg                             0x00022e97   Thumb Code    34  nrf_drv_gpiote.o(i.nrf_gpio_cfg)
    i.nrf_gpio_cfg                           0x00022eb8   Section        0  nrf_drv_uart.o(i.nrf_gpio_cfg)
    nrf_gpio_cfg                             0x00022eb9   Thumb Code    34  nrf_drv_uart.o(i.nrf_gpio_cfg)
    i.nrf_gpio_cfg_input                     0x00022eda   Section        0  nrf_drv_uart.o(i.nrf_gpio_cfg_input)
    nrf_gpio_cfg_input                       0x00022edb   Thumb Code    18  nrf_drv_uart.o(i.nrf_gpio_cfg_input)
    i.nrf_gpio_cfg_output                    0x00022eec   Section        0  nrf_drv_spi.o(i.nrf_gpio_cfg_output)
    nrf_gpio_cfg_output                      0x00022eed   Thumb Code    20  nrf_drv_spi.o(i.nrf_gpio_cfg_output)
    i.nrf_gpio_cfg_output                    0x00022f00   Section        0  nrf_drv_uart.o(i.nrf_gpio_cfg_output)
    nrf_gpio_cfg_output                      0x00022f01   Thumb Code    20  nrf_drv_uart.o(i.nrf_gpio_cfg_output)
    i.nrf_gpio_cfg_sense_set                 0x00022f14   Section        0  nrf_drv_gpiote.o(i.nrf_gpio_cfg_sense_set)
    nrf_gpio_cfg_sense_set                   0x00022f15   Thumb Code    28  nrf_drv_gpiote.o(i.nrf_gpio_cfg_sense_set)
    i.nrf_gpio_pin_set                       0x00022f30   Section        0  nrf_drv_spi.o(i.nrf_gpio_pin_set)
    nrf_gpio_pin_set                         0x00022f31   Thumb Code    10  nrf_drv_spi.o(i.nrf_gpio_pin_set)
    i.nrf_gpiote_event_clear                 0x00022f40   Section        0  nrf_drv_gpiote.o(i.nrf_gpiote_event_clear)
    nrf_gpiote_event_clear                   0x00022f41   Thumb Code    16  nrf_drv_gpiote.o(i.nrf_gpiote_event_clear)
    i.nrf_gpiote_event_is_set                0x00022f54   Section        0  nrf_drv_gpiote.o(i.nrf_gpiote_event_is_set)
    nrf_gpiote_event_is_set                  0x00022f55   Thumb Code    12  nrf_drv_gpiote.o(i.nrf_gpiote_event_is_set)
    i.nrf_spim_event_check                   0x00022f64   Section        0  nrf_drv_spi.o(i.nrf_spim_event_check)
    nrf_spim_event_check                     0x00022f65   Thumb Code    10  nrf_drv_spi.o(i.nrf_spim_event_check)
    i.nrf_uart_event_check                   0x00022f6e   Section        0  nrf_drv_uart.o(i.nrf_uart_event_check)
    nrf_uart_event_check                     0x00022f6f   Thumb Code    10  nrf_drv_uart.o(i.nrf_uart_event_check)
    i.nrf_uart_event_clear                   0x00022f78   Section        0  nrf_drv_uart.o(i.nrf_uart_event_clear)
    nrf_uart_event_clear                     0x00022f79   Thumb Code    12  nrf_drv_uart.o(i.nrf_uart_event_clear)
    i.nrf_uart_int_enable_check              0x00022f84   Section        0  nrf_drv_uart.o(i.nrf_uart_int_enable_check)
    nrf_uart_int_enable_check                0x00022f85   Thumb Code    12  nrf_drv_uart.o(i.nrf_uart_int_enable_check)
    i.nrf_uarte_event_check                  0x00022f90   Section        0  nrf_drv_uart.o(i.nrf_uarte_event_check)
    nrf_uarte_event_check                    0x00022f91   Thumb Code    10  nrf_drv_uart.o(i.nrf_uarte_event_check)
    i.nrf_uarte_event_clear                  0x00022f9a   Section        0  nrf_drv_uart.o(i.nrf_uarte_event_clear)
    nrf_uarte_event_clear                    0x00022f9b   Thumb Code    12  nrf_drv_uart.o(i.nrf_uarte_event_clear)
    i.nus_data_handler                       0x00022fa8   Section        0  main.o(i.nus_data_handler)
    nus_data_handler                         0x00022fa9   Thumb Code    84  main.o(i.nus_data_handler)
    i.on_adv_evt                             0x00023000   Section        0  main.o(i.on_adv_evt)
    on_adv_evt                               0x00023001   Thumb Code    36  main.o(i.on_adv_evt)
    i.on_ble_evt                             0x00023024   Section        0  main.o(i.on_ble_evt)
    on_ble_evt                               0x00023025   Thumb Code   228  main.o(i.on_ble_evt)
    i.on_conn_params_evt                     0x0002310c   Section        0  main.o(i.on_conn_params_evt)
    on_conn_params_evt                       0x0002310d   Thumb Code    24  main.o(i.on_conn_params_evt)
    i.pin_in_use_by_port                     0x00023128   Section        0  nrf_drv_gpiote.o(i.pin_in_use_by_port)
    pin_in_use_by_port                       0x00023129   Thumb Code    20  nrf_drv_gpiote.o(i.pin_in_use_by_port)
    i.pin_in_use_by_te                       0x00023140   Section        0  nrf_drv_gpiote.o(i.pin_in_use_by_te)
    pin_in_use_by_te                         0x00023141   Thumb Code    20  nrf_drv_gpiote.o(i.pin_in_use_by_te)
    i.rtc1_stop                              0x00023158   Section        0  app_timer.o(i.rtc1_stop)
    rtc1_stop                                0x00023159   Thumb Code    52  app_timer.o(i.rtc1_stop)
    i.rx_byte                                0x00023194   Section        0  nrf_drv_uart.o(i.rx_byte)
    rx_byte                                  0x00023195   Thumb Code    50  nrf_drv_uart.o(i.rx_byte)
    i.rx_char_add                            0x000231c6   Section        0  ble_nus.o(i.rx_char_add)
    rx_char_add                              0x000231c7   Thumb Code   220  ble_nus.o(i.rx_char_add)
    i.rx_done_event                          0x000232a2   Section        0  nrf_drv_uart.o(i.rx_done_event)
    rx_done_event                            0x000232a3   Thumb Code    24  nrf_drv_uart.o(i.rx_done_event)
    i.rx_enable                              0x000232ba   Section        0  nrf_drv_uart.o(i.rx_enable)
    rx_enable                                0x000232bb   Thumb Code    32  nrf_drv_uart.o(i.rx_enable)
    i.sd_nvic_EnableIRQ                      0x000232dc   Section        0  softdevice_handler.o(i.sd_nvic_EnableIRQ)
    sd_nvic_EnableIRQ                        0x000232dd   Thumb Code   106  softdevice_handler.o(i.sd_nvic_EnableIRQ)
    i.service_data_encode                    0x0002334c   Section        0  ble_advdata.o(i.service_data_encode)
    service_data_encode                      0x0002334d   Thumb Code   136  ble_advdata.o(i.service_data_encode)
    i.set_adv_mode_fast                      0x000233d4   Section        0  ble_advertising.o(i.set_adv_mode_fast)
    set_adv_mode_fast                        0x000233d5   Thumb Code    64  ble_advertising.o(i.set_adv_mode_fast)
    i.set_adv_mode_slow                      0x0002341c   Section        0  ble_advertising.o(i.set_adv_mode_slow)
    set_adv_mode_slow                        0x0002341d   Thumb Code    60  ble_advertising.o(i.set_adv_mode_slow)
    i.sleep_mode_enter                       0x00023460   Section        0  main.o(i.sleep_mode_enter)
    sleep_mode_enter                         0x00023461   Thumb Code    40  main.o(i.sleep_mode_enter)
    i.softdevice_ble_evt_handler_set         0x00023488   Section        0  softdevice_handler.o(i.softdevice_ble_evt_handler_set)
    i.softdevice_enable                      0x0002349c   Section        0  softdevice_handler.o(i.softdevice_enable)
    i.softdevice_enable_get_default_config   0x000234b0   Section        0  softdevice_handler.o(i.softdevice_enable_get_default_config)
    i.softdevice_fault_handler               0x000234d6   Section        0  softdevice_handler.o(i.softdevice_fault_handler)
    i.softdevice_handler_init                0x000234dc   Section        0  softdevice_handler.o(i.softdevice_handler_init)
    i.softdevice_handler_is_enabled          0x00023540   Section        0  softdevice_handler.o(i.softdevice_handler_is_enabled)
    i.spi_event_handler                      0x0002354c   Section        0  main.o(i.spi_event_handler)
    i.spim_xfer                              0x00023558   Section        0  nrf_drv_spi.o(i.spim_xfer)
    spim_xfer                                0x00023559   Thumb Code   178  nrf_drv_spi.o(i.spim_xfer)
    i.timer_list_handler                     0x0002360c   Section        0  app_timer.o(i.timer_list_handler)
    timer_list_handler                       0x0002360d   Thumb Code   134  app_timer.o(i.timer_list_handler)
    i.timer_list_insert                      0x00023698   Section        0  app_timer.o(i.timer_list_insert)
    timer_list_insert                        0x00023699   Thumb Code    56  app_timer.o(i.timer_list_insert)
    i.timer_stop_op_schedule                 0x000236d4   Section        0  app_timer.o(i.timer_stop_op_schedule)
    timer_stop_op_schedule                   0x000236d5   Thumb Code    68  app_timer.o(i.timer_stop_op_schedule)
    i.timer_timeouts_check                   0x0002371c   Section        0  app_timer.o(i.timer_timeouts_check)
    timer_timeouts_check                     0x0002371d   Thumb Code   124  app_timer.o(i.timer_timeouts_check)
    i.tx_byte                                0x000237a0   Section        0  nrf_drv_uart.o(i.tx_byte)
    tx_byte                                  0x000237a1   Thumb Code    32  nrf_drv_uart.o(i.tx_byte)
    i.tx_char_add                            0x000237c0   Section        0  ble_nus.o(i.tx_char_add)
    tx_char_add                              0x000237c1   Thumb Code   160  ble_nus.o(i.tx_char_add)
    i.tx_done_event                          0x00023860   Section        0  nrf_drv_uart.o(i.tx_done_event)
    tx_done_event                            0x00023861   Thumb Code    28  nrf_drv_uart.o(i.tx_done_event)
    i.uart_event_handle                      0x0002387c   Section        0  main.o(i.uart_event_handle)
    i.uart_event_handler                     0x000238d8   Section        0  app_uart_fifo.o(i.uart_event_handler)
    uart_event_handler                       0x000238d9   Thumb Code   162  app_uart_fifo.o(i.uart_event_handler)
    i.uart_irq_handler                       0x00023984   Section        0  nrf_drv_uart.o(i.uart_irq_handler)
    uart_irq_handler                         0x00023985   Thumb Code   286  nrf_drv_uart.o(i.uart_irq_handler)
    i.uarte_irq_handler                      0x00023aa2   Section        0  nrf_drv_uart.o(i.uarte_irq_handler)
    uarte_irq_handler                        0x00023aa3   Thumb Code   240  nrf_drv_uart.o(i.uarte_irq_handler)
    i.uint16_encode                          0x00023b92   Section        0  ble_advdata.o(i.uint16_encode)
    uint16_encode                            0x00023b93   Thumb Code    10  ble_advdata.o(i.uint16_encode)
    i.update_timeout_handler                 0x00023b9c   Section        0  ble_conn_params.o(i.update_timeout_handler)
    update_timeout_handler                   0x00023b9d   Thumb Code    88  ble_conn_params.o(i.update_timeout_handler)
    i.user_op_alloc                          0x00023bfc   Section        0  app_timer.o(i.user_op_alloc)
    user_op_alloc                            0x00023bfd   Thumb Code    42  app_timer.o(i.user_op_alloc)
    i.uuid_list_encode                       0x00023c2c   Section        0  ble_advdata.o(i.uuid_list_encode)
    uuid_list_encode                         0x00023c2d   Thumb Code    48  ble_advdata.o(i.uuid_list_encode)
    i.uuid_list_sized_encode                 0x00023c5c   Section        0  ble_advdata.o(i.uuid_list_sized_encode)
    uuid_list_sized_encode                   0x00023c5d   Thumb Code   158  ble_advdata.o(i.uuid_list_sized_encode)
    .constdata                               0x00023cfc   Section       52  main.o(.constdata)
    spi                                      0x00023d00   Data           8  main.o(.constdata)
    .constdata                               0x00023d30   Section       60  bsp.o(.constdata)
    m_leds_timer_id                          0x00023d30   Data           4  bsp.o(.constdata)
    m_alert_timer_id                         0x00023d34   Data           4  bsp.o(.constdata)
    m_button_timer_id                        0x00023d38   Data           4  bsp.o(.constdata)
    m_buttons_list                           0x00023d3c   Data          16  bsp.o(.constdata)
    app_buttons                              0x00023d4c   Data          32  bsp.o(.constdata)
    .constdata                               0x00023d6c   Section        4  ble_conn_params.o(.constdata)
    m_conn_params_timer_id                   0x00023d6c   Data           4  ble_conn_params.o(.constdata)
    .constdata                               0x00023d70   Section       16  ble_nus.o(.constdata)
    .constdata                               0x00023d80   Section        8  app_button.o(.constdata)
    m_detection_delay_timer_id               0x00023d80   Data           4  app_button.o(.constdata)
    .constdata                               0x00023d88   Section       32  app_uart_fifo.o(.constdata)
    .data                                    0x20002128   Section       84  main.o(.data)
    index                                    0x20002128   Data           1  main.o(.data)
    spi_xfer_done                            0x20002129   Data           1  main.o(.data)
    m_conn_handle                            0x2000212a   Data           2  main.o(.data)
    m_tx_buf_ch                              0x20002130   Data           2  main.o(.data)
    m_rx_buf                                 0x20002135   Data           3  main.o(.data)
    m_adv_uuids                              0x2000213c   Data           4  main.o(.data)
    m_tx_buf_CH16                            0x20002158   Data          36  main.o(.data)
    .data                                    0x2000217c   Section       24  bsp.o(.data)
    m_stable_state                           0x2000217c   Data           1  bsp.o(.data)
    current_long_push_pin_no                 0x2000217d   Data           1  bsp.o(.data)
    m_app_ticks_per_100ms                    0x20002180   Data           4  bsp.o(.data)
    m_indication_type                        0x20002184   Data           4  bsp.o(.data)
    m_alert_mask                             0x20002188   Data           4  bsp.o(.data)
    m_registered_callback                    0x2000218c   Data           4  bsp.o(.data)
    release_event_at_push                    0x20002190   Data           4  bsp.o(.data)
    .data                                    0x20002194   Section        8  bsp_btn_ble.o(.data)
    m_error_handler                          0x20002194   Data           4  bsp_btn_ble.o(.data)
    m_num_connections                        0x20002198   Data           4  bsp_btn_ble.o(.data)
    .data                                    0x2000219c   Section       31  ble_advertising.o(.data)
    m_initialized                            0x2000219c   Data           1  ble_advertising.o(.data)
    m_advertising_start_pending              0x2000219d   Data           1  ble_advertising.o(.data)
    m_adv_evt                                0x2000219e   Data           1  ble_advertising.o(.data)
    m_adv_mode_current                       0x2000219f   Data           1  ble_advertising.o(.data)
    m_peer_addr_reply_expected               0x200021a0   Data           1  ble_advertising.o(.data)
    m_whitelist_temporarily_disabled         0x200021a1   Data           1  ble_advertising.o(.data)
    m_whitelist_reply_expected               0x200021a2   Data           1  ble_advertising.o(.data)
    m_whitelist_in_use                       0x200021a3   Data           1  ble_advertising.o(.data)
    m_current_slave_link_conn_handle         0x200021a4   Data           2  ble_advertising.o(.data)
    m_slave_conn_int                         0x200021a6   Data           4  ble_advertising.o(.data)
    m_evt_handler                            0x200021ac   Data           4  ble_advertising.o(.data)
    m_error_handler                          0x200021b0   Data           4  ble_advertising.o(.data)
    m_peer_address                           0x200021b4   Data           7  ble_advertising.o(.data)
    .data                                    0x200021bc   Section       20  ble_conn_params.o(.data)
    m_change_param                           0x200021bc   Data           1  ble_conn_params.o(.data)
    m_update_count                           0x200021bd   Data           1  ble_conn_params.o(.data)
    m_conn_handle                            0x200021be   Data           2  ble_conn_params.o(.data)
    m_preferred_conn_params                  0x200021c0   Data           8  ble_conn_params.o(.data)
    m_current_conn_params                    0x200021c8   Data           8  ble_conn_params.o(.data)
    .data                                    0x200021d0   Section       20  app_button.o(.data)
    m_button_count                           0x200021d0   Data           1  app_button.o(.data)
    mp_buttons                               0x200021d4   Data           4  app_button.o(.data)
    m_detection_delay                        0x200021d8   Data           4  app_button.o(.data)
    m_pin_state                              0x200021dc   Data           4  app_button.o(.data)
    m_pin_transition                         0x200021e0   Data           4  app_button.o(.data)
    .data                                    0x200021e4   Section       32  app_timer.o(.data)
    m_ticks_elapsed_q_read_ind               0x200021e4   Data           1  app_timer.o(.data)
    m_ticks_elapsed_q_write_ind              0x200021e5   Data           1  app_timer.o(.data)
    m_rtc1_running                           0x200021e6   Data           1  app_timer.o(.data)
    m_rtc1_reset                             0x200021e7   Data           1  app_timer.o(.data)
    mp_timer_id_head                         0x200021e8   Data           4  app_timer.o(.data)
    m_ticks_latest                           0x200021ec   Data           4  app_timer.o(.data)
    m_evt_schedule_func                      0x200021f0   Data           4  app_timer.o(.data)
    m_op_queue                               0x200021f4   Data           8  app_timer.o(.data)
    m_ticks_elapsed                          0x200021fc   Data           8  app_timer.o(.data)
    .data                                    0x20002204   Section       16  app_uart_fifo.o(.data)
    tx_buffer                                0x20002204   Data           1  app_uart_fifo.o(.data)
    rx_buffer                                0x20002205   Data           1  app_uart_fifo.o(.data)
    m_rx_ovf                                 0x20002206   Data           1  app_uart_fifo.o(.data)
    m_event_handler                          0x20002208   Data           4  app_uart_fifo.o(.data)
    app_uart_inst                            0x2000220c   Data           8  app_uart_fifo.o(.data)
    .data                                    0x20002214   Section        4  retarget.o(.data)
    .data                                    0x20002218   Section       20  softdevice_handler.o(.data)
    m_softdevice_enabled                     0x20002218   Data           1  softdevice_handler.o(.data)
    m_suspended                              0x20002219   Data           1  softdevice_handler.o(.data)
    m_ble_evt_buffer_size                    0x2000221a   Data           2  softdevice_handler.o(.data)
    m_evt_schedule_func                      0x2000221c   Data           4  softdevice_handler.o(.data)
    mp_ble_evt_buffer                        0x20002220   Data           4  softdevice_handler.o(.data)
    m_ble_evt_handler                        0x20002224   Data           4  softdevice_handler.o(.data)
    m_sys_evt_handler                        0x20002228   Data           4  softdevice_handler.o(.data)
    .data                                    0x2000222c   Section        4  system_nrf52.o(.data)
    __tagsym$$used                           0x2000222c   Number         0  system_nrf52.o(.data)
    .bss                                     0x20002230   Section      824  main.o(.bss)
    BLE_EVT_BUFFER                           0x20002230   Data          80  main.o(.bss)
    data_array                               0x20002280   Data          20  main.o(.bss)
    rx_buf                                   0x20002294   Data         256  main.o(.bss)
    tx_buf                                   0x20002394   Data         256  main.o(.bss)
    APP_TIMER_BUF                            0x20002494   Data         120  main.o(.bss)
    m_nus                                    0x2000254c   Data          28  main.o(.bss)
    .bss                                     0x20002568   Section       32  nrf_drv_spi.o(.bss)
    m_cb                                     0x20002568   Data          32  nrf_drv_spi.o(.bss)
    .bss                                     0x20002588   Section       32  bsp.o(.bss)
    m_leds_timer_id_data                     0x20002588   Data          32  bsp.o(.bss)
    .bss                                     0x200025a8   Section       32  bsp.o(.bss)
    m_alert_timer_id_data                    0x200025a8   Data          32  bsp.o(.bss)
    .bss                                     0x200025c8   Section       12  bsp.o(.bss)
    m_events_list                            0x200025c8   Data          12  bsp.o(.bss)
    .bss                                     0x200025d4   Section       32  bsp.o(.bss)
    m_button_timer_id_data                   0x200025d4   Data          32  bsp.o(.bss)
    .bss                                     0x200025f4   Section      175  ble_advertising.o(.bss)
    m_adv_modes_config                       0x200025f4   Data          32  ble_advertising.o(.bss)
    m_advdata                                0x20002614   Data          56  ble_advertising.o(.bss)
    m_manuf_specific_data                    0x2000264c   Data          12  ble_advertising.o(.bss)
    m_manuf_data_array                       0x20002658   Data          31  ble_advertising.o(.bss)
    m_service_data                           0x20002678   Data          12  ble_advertising.o(.bss)
    m_service_data_array                     0x20002684   Data          31  ble_advertising.o(.bss)
    .bss                                     0x200026a4   Section       32  ble_conn_params.o(.bss)
    m_conn_params_timer_id_data              0x200026a4   Data          32  ble_conn_params.o(.bss)
    .bss                                     0x200026c4   Section       28  ble_conn_params.o(.bss)
    m_conn_params_config                     0x200026c4   Data          28  ble_conn_params.o(.bss)
    .bss                                     0x200026e0   Section       20  nrf_drv_clock.o(.bss)
    m_clock_cb                               0x200026e0   Data          20  nrf_drv_clock.o(.bss)
    .bss                                     0x200026f4   Section       88  nrf_drv_gpiote.o(.bss)
    m_cb                                     0x200026f4   Data          88  nrf_drv_gpiote.o(.bss)
    .bss                                     0x2000274c   Section       32  nrf_drv_uart.o(.bss)
    m_cb                                     0x2000274c   Data          32  nrf_drv_uart.o(.bss)
    .bss                                     0x2000276c   Section       32  app_button.o(.bss)
    m_detection_delay_timer_id_data          0x2000276c   Data          32  app_button.o(.bss)
    .bss                                     0x2000278c   Section       32  app_uart_fifo.o(.bss)
    m_rx_fifo                                0x2000278c   Data          16  app_uart_fifo.o(.bss)
    m_tx_fifo                                0x2000279c   Data          16  app_uart_fifo.o(.bss)
    .bss                                     0x200027ac   Section       12  app_util_platform.o(.bss)
    .bss                                     0x200027b8   Section      104  fstorage.o(.bss)
    m_queue                                  0x200027b8   Data         104  fstorage.o(.bss)
    STACK                                    0x20002820   Section     8192  arm_startup_nrf52.o(STACK)

    Global Symbols

    Symbol Name                              Value     Ov Type        Size  Object(Section)

    BuildAttributes$$THM_ISAv4$E$P$D$K$B$S$7EM$VFPi3$EXTD16$VFPS$VFMA$PE$A:L22UL41UL21$X:L11$S22US41US21$IEEE1$IW$USESV6$~STKCKD$USESV7$~SHL$OSPACE$ROPI$EBA8$MICROLIB$REQ8$PRES8$EABIv2 0x00000000   Number         0  anon$$obj.o ABSOLUTE
    __ARM_use_no_argv                        0x00000000   Number         0  main.o ABSOLUTE
    _printf_a                                0x00000000   Number         0  stubs.o ABSOLUTE
    _printf_c                                0x00000000   Number         0  stubs.o ABSOLUTE
    _printf_charcount                        0x00000000   Number         0  stubs.o ABSOLUTE
    _printf_d                                0x00000000   Number         0  stubs.o ABSOLUTE
    _printf_e                                0x00000000   Number         0  stubs.o ABSOLUTE
    _printf_f                                0x00000000   Number         0  stubs.o ABSOLUTE
    _printf_flags                            0x00000000   Number         0  stubs.o ABSOLUTE
    _printf_fp_dec                           0x00000000   Number         0  stubs.o ABSOLUTE
    _printf_fp_hex                           0x00000000   Number         0  stubs.o ABSOLUTE
    _printf_g                                0x00000000   Number         0  stubs.o ABSOLUTE
    _printf_i                                0x00000000   Number         0  stubs.o ABSOLUTE
    _printf_int_dec                          0x00000000   Number         0  stubs.o ABSOLUTE
    _printf_l                                0x00000000   Number         0  stubs.o ABSOLUTE
    _printf_lc                               0x00000000   Number         0  stubs.o ABSOLUTE
    _printf_ll                               0x00000000   Number         0  stubs.o ABSOLUTE
    _printf_lld                              0x00000000   Number         0  stubs.o ABSOLUTE
    _printf_lli                              0x00000000   Number         0  stubs.o ABSOLUTE
    _printf_llo                              0x00000000   Number         0  stubs.o ABSOLUTE
    _printf_llu                              0x00000000   Number         0  stubs.o ABSOLUTE
    _printf_llx                              0x00000000   Number         0  stubs.o ABSOLUTE
    _printf_longlong_dec                     0x00000000   Number         0  stubs.o ABSOLUTE
    _printf_longlong_hex                     0x00000000   Number         0  stubs.o ABSOLUTE
    _printf_longlong_oct                     0x00000000   Number         0  stubs.o ABSOLUTE
    _printf_ls                               0x00000000   Number         0  stubs.o ABSOLUTE
    _printf_mbtowc                           0x00000000   Number         0  stubs.o ABSOLUTE
    _printf_n                                0x00000000   Number         0  stubs.o ABSOLUTE
    _printf_o                                0x00000000   Number         0  stubs.o ABSOLUTE
    _printf_p                                0x00000000   Number         0  stubs.o ABSOLUTE
    _printf_percent                          0x00000000   Number         0  stubs.o ABSOLUTE
    _printf_pre_padding                      0x00000000   Number         0  stubs.o ABSOLUTE
    _printf_return_value                     0x00000000   Number         0  stubs.o ABSOLUTE
    _printf_s                                0x00000000   Number         0  stubs.o ABSOLUTE
    _printf_sizespec                         0x00000000   Number         0  stubs.o ABSOLUTE
    _printf_str                              0x00000000   Number         0  stubs.o ABSOLUTE
    _printf_truncate_signed                  0x00000000   Number         0  stubs.o ABSOLUTE
    _printf_truncate_unsigned                0x00000000   Number         0  stubs.o ABSOLUTE
    _printf_u                                0x00000000   Number         0  stubs.o ABSOLUTE
    _printf_wc                               0x00000000   Number         0  stubs.o ABSOLUTE
    _printf_wctomb                           0x00000000   Number         0  stubs.o ABSOLUTE
    _printf_widthprec                        0x00000000   Number         0  stubs.o ABSOLUTE
    _printf_x                                0x00000000   Number         0  stubs.o ABSOLUTE
    __cpp_initialize__aeabi_                  - Undefined Weak Reference
    __cxa_finalize                            - Undefined Weak Reference
    __decompress                              - Undefined Weak Reference
    _clock_init                               - Undefined Weak Reference
    _microlib_exit                            - Undefined Weak Reference
    fs_data$$Base                             - Undefined Reference
    fs_data$$Limit                            - Undefined Reference
    __Vectors_Size                           0x00000400   Number         0  arm_startup_nrf52.o ABSOLUTE
    __Vectors                                0x0001f000   Data           4  arm_startup_nrf52.o(RESET)
    __Vectors_End                            0x0001f400   Data           0  arm_startup_nrf52.o(RESET)
    __main                                   0x0001f401   Thumb Code     0  entry.o(.ARM.Collect$$$$00000000)
    _main_stk                                0x0001f401   Thumb Code     0  entry2.o(.ARM.Collect$$$$00000001)
    _main_scatterload                        0x0001f405   Thumb Code     0  entry5.o(.ARM.Collect$$$$00000004)
    __main_after_scatterload                 0x0001f409   Thumb Code     0  entry5.o(.ARM.Collect$$$$00000004)
    _main_clock                              0x0001f409   Thumb Code     0  entry7b.o(.ARM.Collect$$$$00000008)
    _main_cpp_init                           0x0001f409   Thumb Code     0  entry8b.o(.ARM.Collect$$$$0000000A)
    _main_init                               0x0001f409   Thumb Code     0  entry9a.o(.ARM.Collect$$$$0000000B)
    __rt_final_cpp                           0x0001f411   Thumb Code     0  entry10a.o(.ARM.Collect$$$$0000000D)
    __rt_final_exit                          0x0001f411   Thumb Code     0  entry11a.o(.ARM.Collect$$$$0000000F)
    Reset_Handler                            0x0001f415   Thumb Code     8  arm_startup_nrf52.o(.text)
    NMI_Handler                              0x0001f41d   Thumb Code     2  arm_startup_nrf52.o(.text)
    HardFault_Handler                        0x0001f41f   Thumb Code     2  arm_startup_nrf52.o(.text)
    MemoryManagement_Handler                 0x0001f421   Thumb Code     2  arm_startup_nrf52.o(.text)
    BusFault_Handler                         0x0001f423   Thumb Code     2  arm_startup_nrf52.o(.text)
    UsageFault_Handler                       0x0001f425   Thumb Code     2  arm_startup_nrf52.o(.text)
    SVC_Handler                              0x0001f427   Thumb Code     2  arm_startup_nrf52.o(.text)
    DebugMon_Handler                         0x0001f429   Thumb Code     2  arm_startup_nrf52.o(.text)
    PendSV_Handler                           0x0001f42b   Thumb Code     2  arm_startup_nrf52.o(.text)
    SysTick_Handler                          0x0001f42d   Thumb Code     2  arm_startup_nrf52.o(.text)
    CCM_AAR_IRQHandler                       0x0001f42f   Thumb Code     0  arm_startup_nrf52.o(.text)
    COMP_LPCOMP_IRQHandler                   0x0001f42f   Thumb Code     0  arm_startup_nrf52.o(.text)
    ECB_IRQHandler                           0x0001f42f   Thumb Code     0  arm_startup_nrf52.o(.text)
    FPU_IRQHandler                           0x0001f42f   Thumb Code     0  arm_startup_nrf52.o(.text)
    I2S_IRQHandler                           0x0001f42f   Thumb Code     0  arm_startup_nrf52.o(.text)
    MWU_IRQHandler                           0x0001f42f   Thumb Code     0  arm_startup_nrf52.o(.text)
    NFCT_IRQHandler                          0x0001f42f   Thumb Code     0  arm_startup_nrf52.o(.text)
    PDM_IRQHandler                           0x0001f42f   Thumb Code     0  arm_startup_nrf52.o(.text)
    PWM0_IRQHandler                          0x0001f42f   Thumb Code     0  arm_startup_nrf52.o(.text)
    PWM1_IRQHandler                          0x0001f42f   Thumb Code     0  arm_startup_nrf52.o(.text)
    PWM2_IRQHandler                          0x0001f42f   Thumb Code     0  arm_startup_nrf52.o(.text)
    QDEC_IRQHandler                          0x0001f42f   Thumb Code     0  arm_startup_nrf52.o(.text)
    RADIO_IRQHandler                         0x0001f42f   Thumb Code     0  arm_startup_nrf52.o(.text)
    RNG_IRQHandler                           0x0001f42f   Thumb Code     0  arm_startup_nrf52.o(.text)
    RTC0_IRQHandler                          0x0001f42f   Thumb Code     0  arm_startup_nrf52.o(.text)
    RTC2_IRQHandler                          0x0001f42f   Thumb Code     0  arm_startup_nrf52.o(.text)
    SAADC_IRQHandler                         0x0001f42f   Thumb Code     0  arm_startup_nrf52.o(.text)
    SPIM1_SPIS1_TWIM1_TWIS1_SPI1_TWI1_IRQHandler 0x0001f42f   Thumb Code     0  arm_startup_nrf52.o(.text)
    SPIM2_SPIS2_SPI2_IRQHandler              0x0001f42f   Thumb Code     0  arm_startup_nrf52.o(.text)
    SWI1_EGU1_IRQHandler                     0x0001f42f   Thumb Code     0  arm_startup_nrf52.o(.text)
    SWI3_EGU3_IRQHandler                     0x0001f42f   Thumb Code     0  arm_startup_nrf52.o(.text)
    SWI4_EGU4_IRQHandler                     0x0001f42f   Thumb Code     0  arm_startup_nrf52.o(.text)
    SWI5_EGU5_IRQHandler                     0x0001f42f   Thumb Code     0  arm_startup_nrf52.o(.text)
    TEMP_IRQHandler                          0x0001f42f   Thumb Code     0  arm_startup_nrf52.o(.text)
    TIMER0_IRQHandler                        0x0001f42f   Thumb Code     0  arm_startup_nrf52.o(.text)
    TIMER1_IRQHandler                        0x0001f42f   Thumb Code     0  arm_startup_nrf52.o(.text)
    TIMER2_IRQHandler                        0x0001f42f   Thumb Code     0  arm_startup_nrf52.o(.text)
    TIMER3_IRQHandler                        0x0001f42f   Thumb Code     0  arm_startup_nrf52.o(.text)
    TIMER4_IRQHandler                        0x0001f42f   Thumb Code     0  arm_startup_nrf52.o(.text)
    WDT_IRQHandler                           0x0001f42f   Thumb Code     0  arm_startup_nrf52.o(.text)
    __aeabi_memcpy                           0x0001f439   Thumb Code    36  memcpya.o(.text)
    __aeabi_memcpy4                          0x0001f439   Thumb Code     0  memcpya.o(.text)
    __aeabi_memcpy8                          0x0001f439   Thumb Code     0  memcpya.o(.text)
    __aeabi_memset                           0x0001f45d   Thumb Code    14  memseta.o(.text)
    __aeabi_memset4                          0x0001f45d   Thumb Code     0  memseta.o(.text)
    __aeabi_memset8                          0x0001f45d   Thumb Code     0  memseta.o(.text)
    __aeabi_memclr                           0x0001f46b   Thumb Code     4  memseta.o(.text)
    __aeabi_memclr4                          0x0001f46b   Thumb Code     0  memseta.o(.text)
    __aeabi_memclr8                          0x0001f46b   Thumb Code     0  memseta.o(.text)
    _memset$wrapper                          0x0001f46f   Thumb Code    18  memseta.o(.text)
    strlen                                   0x0001f481   Thumb Code    14  strlen.o(.text)
    __aeabi_ddiv                             0x0001f48f   Thumb Code   222  ddiv.o(.text)
    __aeabi_i2d                              0x0001f56d   Thumb Code    34  dflti.o(.text)
    __aeabi_uidiv                            0x0001f58f   Thumb Code     0  uidiv.o(.text)
    __aeabi_uidivmod                         0x0001f58f   Thumb Code    44  uidiv.o(.text)
    __aeabi_uldivmod                         0x0001f5bb   Thumb Code    98  uldiv.o(.text)
    __I$use$fp                               0x0001f61d   Thumb Code     0  iusefp.o(.text)
    _double_round                            0x0001f61d   Thumb Code    30  depilogue.o(.text)
    _double_epilogue                         0x0001f63b   Thumb Code   156  depilogue.o(.text)
    __aeabi_dadd                             0x0001f6d7   Thumb Code   322  dadd.o(.text)
    __aeabi_dsub                             0x0001f819   Thumb Code     6  dadd.o(.text)
    __aeabi_drsub                            0x0001f81f   Thumb Code     6  dadd.o(.text)
    __aeabi_dmul                             0x0001f825   Thumb Code   228  dmul.o(.text)
    __aeabi_d2ulz                            0x0001f909   Thumb Code    48  dfixul.o(.text)
    __aeabi_cdrcmple                         0x0001f939   Thumb Code    48  cdrcmple.o(.text)
    __scatterload                            0x0001f969   Thumb Code    28  init.o(.text)
    __scatterload_rt2                        0x0001f969   Thumb Code     0  init.o(.text)
    __aeabi_llsl                             0x0001f98d   Thumb Code    30  llshl.o(.text)
    _ll_shift_l                              0x0001f98d   Thumb Code     0  llshl.o(.text)
    __aeabi_llsr                             0x0001f9ab   Thumb Code    32  llushr.o(.text)
    _ll_ushift_r                             0x0001f9ab   Thumb Code     0  llushr.o(.text)
    __aeabi_lasr                             0x0001f9cb   Thumb Code    36  llsshr.o(.text)
    _ll_sshift_r                             0x0001f9cb   Thumb Code     0  llsshr.o(.text)
    GPIOTE_IRQHandler                        0x0001f9f1   Thumb Code   318  nrf_drv_gpiote.o(i.GPIOTE_IRQHandler)
    POWER_CLOCK_IRQHandler                   0x0001fbcd   Thumb Code    84  nrf_drv_clock.o(i.POWER_CLOCK_IRQHandler)
    RTC1_IRQHandler                          0x0001fc25   Thumb Code    32  app_timer.o(i.RTC1_IRQHandler)
    SPIM0_SPIS0_TWIM0_TWIS0_SPI0_TWI0_IRQHandler 0x0001fc49   Thumb Code    62  nrf_drv_spi.o(i.SPIM0_SPIS0_TWIM0_TWIS0_SPI0_TWI0_IRQHandler)
    SPI_Function                             0x0001fc91   Thumb Code    82  main.o(i.SPI_Function)
    SPI_init                                 0x0001fcf1   Thumb Code    98  main.o(i.SPI_init)
    SWI0_EGU0_IRQHandler                     0x0001fd61   Thumb Code     4  app_timer.o(i.SWI0_EGU0_IRQHandler)
    SWI2_EGU2_IRQHandler                     0x0001fd65   Thumb Code    32  softdevice_handler.o(i.SWI2_EGU2_IRQHandler)
    SystemInit                               0x0001fd89   Thumb Code   610  system_nrf52.o(i.SystemInit)
    UARTE0_UART0_IRQHandler                  0x00020025   Thumb Code    20  nrf_drv_uart.o(i.UARTE0_UART0_IRQHandler)
    __0printf                                0x00020041   Thumb Code    22  printfa.o(i.__0printf)
    __1printf                                0x00020041   Thumb Code     0  printfa.o(i.__0printf)
    __2printf                                0x00020041   Thumb Code     0  printfa.o(i.__0printf)
    __c89printf                              0x00020041   Thumb Code     0  printfa.o(i.__0printf)
    printf                                   0x00020041   Thumb Code     0  printfa.o(i.__0printf)
    __0sprintf                               0x00020061   Thumb Code    34  printfa.o(i.__0sprintf)
    __1sprintf                               0x00020061   Thumb Code     0  printfa.o(i.__0sprintf)
    __2sprintf                               0x00020061   Thumb Code     0  printfa.o(i.__0sprintf)
    __c89sprintf                             0x00020061   Thumb Code     0  printfa.o(i.__0sprintf)
    sprintf                                  0x00020061   Thumb Code     0  printfa.o(i.__0sprintf)
    __scatterload_copy                       0x00020089   Thumb Code    14  handlers.o(i.__scatterload_copy)
    __scatterload_null                       0x00020097   Thumb Code     2  handlers.o(i.__scatterload_null)
    __scatterload_zeroinit                   0x00020099   Thumb Code    14  handlers.o(i.__scatterload_zeroinit)
    adv_data_encode                          0x00020989   Thumb Code   386  ble_advdata.o(i.adv_data_encode)
    app_button_enable                        0x00020bbd   Thumb Code    32  app_button.o(i.app_button_enable)
    app_button_init                          0x00020be1   Thumb Code    96  app_button.o(i.app_button_init)
    app_error_fault_handler                  0x00020c51   Thumb Code    26  app_error_weak.o(i.app_error_fault_handler)
    app_error_handler_bare                   0x00020c75   Thumb Code    22  app_error.o(i.app_error_handler_bare)
    app_fifo_get                             0x00020c8b   Thumb Code    22  app_fifo.o(i.app_fifo_get)
    app_fifo_init                            0x00020ca1   Thumb Code    32  app_fifo.o(i.app_fifo_init)
    app_fifo_put                             0x00020cc1   Thumb Code    26  app_fifo.o(i.app_fifo_put)
    app_timer_create                         0x00020cdd   Thumb Code    32  app_timer.o(i.app_timer_create)
    app_timer_init                           0x00020d01   Thumb Code   102  app_timer.o(i.app_timer_init)
    app_timer_start                          0x00020d71   Thumb Code   128  app_timer.o(i.app_timer_start)
    app_timer_stop                           0x00020df9   Thumb Code    26  app_timer.o(i.app_timer_stop)
    app_uart_get                             0x00020e19   Thumb Code    42  app_uart_fifo.o(i.app_uart_get)
    app_uart_init                            0x00020e4d   Thumb Code   164  app_uart_fifo.o(i.app_uart_init)
    app_uart_put                             0x00020f01   Thumb Code    52  app_uart_fifo.o(i.app_uart_put)
    app_util_critical_region_enter           0x00020f3d   Thumb Code    64  app_util_platform.o(i.app_util_critical_region_enter)
    app_util_critical_region_exit            0x00020f85   Thumb Code    46  app_util_platform.o(i.app_util_critical_region_exit)
    ble_advdata_set                          0x00021051   Thumb Code   104  ble_advdata.o(i.ble_advdata_set)
    ble_advertising_init                     0x000210b9   Thumb Code   278  ble_advertising.o(i.ble_advertising_init)
    ble_advertising_on_ble_evt               0x000211d9   Thumb Code    88  ble_advertising.o(i.ble_advertising_on_ble_evt)
    ble_advertising_restart_without_whitelist 0x00021235   Thumb Code    50  ble_advertising.o(i.ble_advertising_restart_without_whitelist)
    ble_advertising_start                    0x00021271   Thumb Code   250  ble_advertising.o(i.ble_advertising_start)
    ble_conn_params_init                     0x00021375   Thumb Code    72  ble_conn_params.o(i.ble_conn_params_init)
    ble_conn_params_on_ble_evt               0x000213cd   Thumb Code   120  ble_conn_params.o(i.ble_conn_params_on_ble_evt)
    ble_nus_init                             0x000214dd   Thumb Code    94  ble_nus.o(i.ble_nus_init)
    ble_nus_on_ble_evt                       0x00021541   Thumb Code    92  ble_nus.o(i.ble_nus_on_ble_evt)
    ble_nus_string_send                      0x0002159d   Thumb Code    78  ble_nus.o(i.ble_nus_string_send)
    ble_srv_is_notification_enabled          0x000215eb   Thumb Code     8  ble_srv_common.o(i.ble_srv_is_notification_enabled)
    bsp_btn_ble_init                         0x00021651   Thumb Code    72  bsp_btn_ble.o(i.bsp_btn_ble_init)
    bsp_btn_ble_on_ble_evt                   0x0002169d   Thumb Code   106  bsp_btn_ble.o(i.bsp_btn_ble_on_ble_evt)
    bsp_btn_ble_sleep_mode_prepare           0x0002170d   Thumb Code    18  bsp_btn_ble.o(i.bsp_btn_ble_sleep_mode_prepare)
    bsp_button_is_pressed                    0x000217c9   Thumb Code    34  bsp.o(i.bsp_button_is_pressed)
    bsp_event_handler                        0x000217f5   Thumb Code    64  main.o(i.bsp_event_handler)
    bsp_event_to_button_action_assign        0x00021839   Thumb Code    64  bsp.o(i.bsp_event_to_button_action_assign)
    bsp_indication_set                       0x0002187d   Thumb Code    20  bsp.o(i.bsp_indication_set)
    bsp_init                                 0x00021895   Thumb Code   140  bsp.o(i.bsp_init)
    bsp_wakeup_buttons_set                   0x00021b5d   Thumb Code    54  bsp.o(i.bsp_wakeup_buttons_set)
    fputc                                    0x00021e97   Thumb Code    14  retarget.o(i.fputc)
    fs_queued_op_count_get                   0x00021ea5   Thumb Code    16  fstorage.o(i.fs_queued_op_count_get)
    intern_softdevice_events_execute         0x00021f11   Thumb Code   114  softdevice_handler.o(i.intern_softdevice_events_execute)
    main                                     0x00022191   Thumb Code   604  main.o(i.main)
    nrf_drv_clock_init                       0x00022689   Thumb Code    46  nrf_drv_clock.o(i.nrf_drv_clock_init)
    nrf_drv_clock_on_sd_enable               0x000226c1   Thumb Code    44  nrf_drv_clock.o(i.nrf_drv_clock_on_sd_enable)
    nrf_drv_clock_on_soc_event               0x000226f1   Thumb Code    10  nrf_drv_clock.o(i.nrf_drv_clock_on_soc_event)
    nrf_drv_common_irq_enable                0x000226fb   Thumb Code    56  nrf_drv_common.o(i.nrf_drv_common_irq_enable)
    nrf_drv_gpiote_in_event_enable           0x00022739   Thumb Code   150  nrf_drv_gpiote.o(i.nrf_drv_gpiote_in_event_enable)
    nrf_drv_gpiote_in_init                   0x000227dd   Thumb Code   170  nrf_drv_gpiote.o(i.nrf_drv_gpiote_in_init)
    nrf_drv_gpiote_in_is_set                 0x00022895   Thumb Code    16  nrf_drv_gpiote.o(i.nrf_drv_gpiote_in_is_set)
    nrf_drv_gpiote_init                      0x000228a9   Thumb Code    84  nrf_drv_gpiote.o(i.nrf_drv_gpiote_init)
    nrf_drv_gpiote_is_init                   0x00022905   Thumb Code    14  nrf_drv_gpiote.o(i.nrf_drv_gpiote_is_init)
    nrf_drv_spi_init                         0x00022929   Thumb Code   272  nrf_drv_spi.o(i.nrf_drv_spi_init)
    nrf_drv_spi_transfer                     0x00022a41   Thumb Code    28  nrf_drv_spi.o(i.nrf_drv_spi_transfer)
    nrf_drv_spi_xfer                         0x00022a5d   Thumb Code    82  nrf_drv_spi.o(i.nrf_drv_spi_xfer)
    nrf_drv_uart_init                        0x00022ab9   Thumb Code    98  nrf_drv_uart.o(i.nrf_drv_uart_init)
    nrf_drv_uart_rx                          0x00022b21   Thumb Code   166  nrf_drv_uart.o(i.nrf_drv_uart_rx)
    nrf_drv_uart_rx_enable                   0x00022bcd   Thumb Code    42  nrf_drv_uart.o(i.nrf_drv_uart_rx_enable)
    nrf_drv_uart_tx                          0x00022d55   Thumb Code   260  nrf_drv_uart.o(i.nrf_drv_uart_tx)
    nrf_drv_uart_tx_in_progress              0x00022e5d   Thumb Code    18  nrf_drv_uart.o(i.nrf_drv_uart_tx_in_progress)
    softdevice_ble_evt_handler_set           0x00023489   Thumb Code    14  softdevice_handler.o(i.softdevice_ble_evt_handler_set)
    softdevice_enable                        0x0002349d   Thumb Code    14  softdevice_handler.o(i.softdevice_enable)
    softdevice_enable_get_default_config     0x000234b1   Thumb Code    38  softdevice_handler.o(i.softdevice_enable_get_default_config)
    softdevice_fault_handler                 0x000234d7   Thumb Code     4  softdevice_handler.o(i.softdevice_fault_handler)
    softdevice_handler_init                  0x000234dd   Thumb Code    92  softdevice_handler.o(i.softdevice_handler_init)
    softdevice_handler_is_enabled            0x00023541   Thumb Code     6  softdevice_handler.o(i.softdevice_handler_is_enabled)
    spi_event_handler                        0x0002354d   Thumb Code     8  main.o(i.spi_event_handler)
    uart_event_handle                        0x0002387d   Thumb Code    84  main.o(i.uart_event_handle)
    Region$$Table$$Base                      0x00023da8   Number         0  anon$$obj.o(Region$$Table)
    Region$$Table$$Limit                     0x00023dc8   Number         0  anon$$obj.o(Region$$Table)
    Image$$RW_IRAM1$$Base                    0x20002128   Number         0  anon$$obj.o ABSOLUTE
    length                                   0x2000212c   Data           2  main.o(.data)
    spi_rx                                   0x2000212e   Data           2  main.o(.data)
    PrintBuffer                              0x20002132   Data           3  main.o(.data)
    send_value                               0x20002138   Data           4  main.o(.data)
    ADC_value                                0x20002140   Data           4  main.o(.data)
    send_incomingValues                      0x20002148   Data           8  main.o(.data)
    voltage_value                            0x20002150   Data           8  main.o(.data)
    __stdout                                 0x20002214   Data           4  retarget.o(.data)
    SystemCoreClock                          0x2000222c   Data           4  system_nrf52.o(.data)
    incomingValues                           0x2000250c   Data          64  main.o(.bss)
    nrf_nvic_state                           0x200027ac   Data          12  app_util_platform.o(.bss)
    __initial_sp                             0x20004820   Data           0  arm_startup_nrf52.o(STACK)



==============================================================================

Memory Map of the image

  Image Entry point : 0x0001f401

  Load Region LR_IROM1 (Base: 0x0001f000, Size: 0x00004ed0, Max: 0x00061000, ABSOLUTE)

    Execution Region ER_IROM1 (Base: 0x0001f000, Size: 0x00004dc8, Max: 0x00061000, ABSOLUTE)

    Base Addr    Size         Type   Attr      Idx    E Section Name        Object

    0x0001f000   0x00000400   Data   RO         2485    RESET               arm_startup_nrf52.o
    0x0001f400   0x00000000   Code   RO         2526  * .ARM.Collect$$$$00000000  mc_w.l(entry.o)
    0x0001f400   0x00000004   Code   RO         2802    .ARM.Collect$$$$00000001  mc_w.l(entry2.o)
    0x0001f404   0x00000004   Code   RO         2805    .ARM.Collect$$$$00000004  mc_w.l(entry5.o)
    0x0001f408   0x00000000   Code   RO         2807    .ARM.Collect$$$$00000008  mc_w.l(entry7b.o)
    0x0001f408   0x00000000   Code   RO         2809    .ARM.Collect$$$$0000000A  mc_w.l(entry8b.o)
    0x0001f408   0x00000008   Code   RO         2810    .ARM.Collect$$$$0000000B  mc_w.l(entry9a.o)
    0x0001f410   0x00000000   Code   RO         2812    .ARM.Collect$$$$0000000D  mc_w.l(entry10a.o)
    0x0001f410   0x00000000   Code   RO         2814    .ARM.Collect$$$$0000000F  mc_w.l(entry11a.o)
    0x0001f410   0x00000004   Code   RO         2803    .ARM.Collect$$$$00002712  mc_w.l(entry2.o)
    0x0001f414   0x00000024   Code   RO         2486    .text               arm_startup_nrf52.o
    0x0001f438   0x00000024   Code   RO         2529    .text               mc_w.l(memcpya.o)
    0x0001f45c   0x00000024   Code   RO         2531    .text               mc_w.l(memseta.o)
    0x0001f480   0x0000000e   Code   RO         2533    .text               mc_w.l(strlen.o)
    0x0001f48e   0x000000de   Code   RO         2798    .text               mf_w.l(ddiv.o)
    0x0001f56c   0x00000022   Code   RO         2800    .text               mf_w.l(dflti.o)
    0x0001f58e   0x0000002c   Code   RO         2816    .text               mc_w.l(uidiv.o)
    0x0001f5ba   0x00000062   Code   RO         2818    .text               mc_w.l(uldiv.o)
    0x0001f61c   0x00000000   Code   RO         2820    .text               mc_w.l(iusefp.o)
    0x0001f61c   0x000000ba   Code   RO         2821    .text               mf_w.l(depilogue.o)
    0x0001f6d6   0x0000014e   Code   RO         2823    .text               mf_w.l(dadd.o)
    0x0001f824   0x000000e4   Code   RO         2825    .text               mf_w.l(dmul.o)
    0x0001f908   0x00000030   Code   RO         2827    .text               mf_w.l(dfixul.o)
    0x0001f938   0x00000030   Code   RO         2829    .text               mf_w.l(cdrcmple.o)
    0x0001f968   0x00000024   Code   RO         2831    .text               mc_w.l(init.o)
    0x0001f98c   0x0000001e   Code   RO         2833    .text               mc_w.l(llshl.o)
    0x0001f9aa   0x00000020   Code   RO         2835    .text               mc_w.l(llushr.o)
    0x0001f9ca   0x00000024   Code   RO         2837    .text               mc_w.l(llsshr.o)
    0x0001f9ee   0x00000002   PAD
    0x0001f9f0   0x0000014c   Code   RO         1251    i.GPIOTE_IRQHandler  nrf_drv_gpiote.o
    0x0001fb3c   0x00000016   Code   RO         1896    i.NVIC_ClearPendingIRQ  app_timer.o
    0x0001fb52   0x00000016   Code   RO         2344    i.NVIC_DisableIRQ   softdevice_handler.o
    0x0001fb68   0x00000016   Code   RO         1897    i.NVIC_EnableIRQ    app_timer.o
    0x0001fb7e   0x00000016   Code   RO         2345    i.NVIC_EnableIRQ    softdevice_handler.o
    0x0001fb94   0x00000016   Code   RO         1898    i.NVIC_SetPendingIRQ  app_timer.o
    0x0001fbaa   0x00000020   Code   RO         1899    i.NVIC_SetPriority  app_timer.o
    0x0001fbca   0x00000002   PAD
    0x0001fbcc   0x00000058   Code   RO         1054    i.POWER_CLOCK_IRQHandler  nrf_drv_clock.o
    0x0001fc24   0x00000024   Code   RO         1900    i.RTC1_IRQHandler   app_timer.o
    0x0001fc48   0x00000048   Code   RO          339    i.SPIM0_SPIS0_TWIM0_TWIS0_SPI0_TWI0_IRQHandler  nrf_drv_spi.o
    0x0001fc90   0x00000060   Code   RO            4    i.SPI_Function      main.o
    0x0001fcf0   0x00000070   Code   RO            5    i.SPI_init          main.o
    0x0001fd60   0x00000004   Code   RO         1901    i.SWI0_EGU0_IRQHandler  app_timer.o
    0x0001fd64   0x00000024   Code   RO         2346    i.SWI2_EGU2_IRQHandler  softdevice_handler.o
    0x0001fd88   0x0000029c   Code   RO         2494    i.SystemInit        system_nrf52.o
    0x00020024   0x0000001c   Code   RO         1474    i.UARTE0_UART0_IRQHandler  nrf_drv_uart.o
    0x00020040   0x00000020   Code   RO         2770    i.__0printf         mc_w.l(printfa.o)
    0x00020060   0x00000028   Code   RO         2772    i.__0sprintf        mc_w.l(printfa.o)
    0x00020088   0x0000000e   Code   RO         2841    i.__scatterload_copy  mc_w.l(handlers.o)
    0x00020096   0x00000002   Code   RO         2842    i.__scatterload_null  mc_w.l(handlers.o)
    0x00020098   0x0000000e   Code   RO         2843    i.__scatterload_zeroinit  mc_w.l(handlers.o)
    0x000200a6   0x00000002   PAD
    0x000200a8   0x00000024   Code   RO         2347    i.__sd_nvic_app_accessible_irq  softdevice_handler.o
    0x000200cc   0x00000184   Code   RO         2777    i._fp_digits        mc_w.l(printfa.o)
    0x00020250   0x000006dc   Code   RO         2778    i._printf_core      mc_w.l(printfa.o)
    0x0002092c   0x00000024   Code   RO         2779    i._printf_post_padding  mc_w.l(printfa.o)
    0x00020950   0x0000002e   Code   RO         2780    i._printf_pre_padding  mc_w.l(printfa.o)
    0x0002097e   0x0000000a   Code   RO         2782    i._sputc            mc_w.l(printfa.o)
    0x00020988   0x00000182   Code   RO          678    i.adv_data_encode   ble_advdata.o
    0x00020b0a   0x00000002   PAD
    0x00020b0c   0x00000058   Code   RO          773    i.adv_mode_next_avail_get  ble_advertising.o
    0x00020b64   0x00000036   Code   RO          611    i.advertising_buttons_configure  bsp_btn_ble.o
    0x00020b9a   0x00000002   PAD
    0x00020b9c   0x00000020   Code   RO          486    i.alert_timer_handler  bsp.o
    0x00020bbc   0x00000024   Code   RO         1691    i.app_button_enable  app_button.o
    0x00020be0   0x00000070   Code   RO         1692    i.app_button_init   app_button.o
    0x00020c50   0x00000024   Code   RO         1792    i.app_error_fault_handler  app_error_weak.o
    0x00020c74   0x00000016   Code   RO         1753    i.app_error_handler_bare  app_error.o
    0x00020c8a   0x00000016   Code   RO         1821    i.app_fifo_get      app_fifo.o
    0x00020ca0   0x00000020   Code   RO         1822    i.app_fifo_init     app_fifo.o
    0x00020cc0   0x0000001a   Code   RO         1824    i.app_fifo_put      app_fifo.o
    0x00020cda   0x00000002   PAD
    0x00020cdc   0x00000024   Code   RO         1904    i.app_timer_create  app_timer.o
    0x00020d00   0x00000070   Code   RO         1905    i.app_timer_init    app_timer.o
    0x00020d70   0x00000088   Code   RO         1906    i.app_timer_start   app_timer.o
    0x00020df8   0x00000020   Code   RO         1907    i.app_timer_stop    app_timer.o
    0x00020e18   0x00000034   Code   RO         2058    i.app_uart_get      app_uart_fifo.o
    0x00020e4c   0x000000b4   Code   RO         2059    i.app_uart_init     app_uart_fifo.o
    0x00020f00   0x0000003c   Code   RO         2060    i.app_uart_put      app_uart_fifo.o
    0x00020f3c   0x00000048   Code   RO         2125    i.app_util_critical_region_enter  app_util_platform.o
    0x00020f84   0x00000034   Code   RO         2126    i.app_util_critical_region_exit  app_util_platform.o
    0x00020fb8   0x00000098   Code   RO         1475    i.apply_config      nrf_drv_uart.o
    0x00021050   0x00000068   Code   RO          679    i.ble_advdata_set   ble_advdata.o
    0x000210b8   0x00000120   Code   RO          774    i.ble_advertising_init  ble_advertising.o
    0x000211d8   0x0000005c   Code   RO          775    i.ble_advertising_on_ble_evt  ble_advertising.o
    0x00021234   0x0000003c   Code   RO          778    i.ble_advertising_restart_without_whitelist  ble_advertising.o
    0x00021270   0x00000104   Code   RO          779    i.ble_advertising_start  ble_advertising.o
    0x00021374   0x00000058   Code   RO          870    i.ble_conn_params_init  ble_conn_params.o
    0x000213cc   0x00000084   Code   RO          871    i.ble_conn_params_on_ble_evt  ble_conn_params.o
    0x00021450   0x00000060   Code   RO          680    i.ble_device_addr_encode  ble_advdata.o
    0x000214b0   0x0000002c   Code   RO            7    i.ble_evt_dispatch  main.o
    0x000214dc   0x00000064   Code   RO         1004    i.ble_nus_init      ble_nus.o
    0x00021540   0x0000005c   Code   RO         1005    i.ble_nus_on_ble_evt  ble_nus.o
    0x0002159c   0x0000004e   Code   RO         1006    i.ble_nus_string_send  ble_nus.o
    0x000215ea   0x00000008   Code   RO          943    i.ble_srv_is_notification_enabled  ble_srv_common.o
    0x000215f2   0x00000002   PAD
    0x000215f4   0x0000005c   Code   RO            8    i.ble_stack_init    main.o
    0x00021650   0x0000004c   Code   RO          612    i.bsp_btn_ble_init  bsp_btn_ble.o
    0x0002169c   0x00000070   Code   RO          613    i.bsp_btn_ble_on_ble_evt  bsp_btn_ble.o
    0x0002170c   0x00000012   Code   RO          614    i.bsp_btn_ble_sleep_mode_prepare  bsp_btn_ble.o
    0x0002171e   0x00000002   PAD
    0x00021720   0x000000a8   Code   RO          487    i.bsp_button_event_handler  bsp.o
    0x000217c8   0x0000002c   Code   RO          488    i.bsp_button_is_pressed  bsp.o
    0x000217f4   0x00000044   Code   RO            9    i.bsp_event_handler  main.o
    0x00021838   0x00000044   Code   RO          492    i.bsp_event_to_button_action_assign  bsp.o
    0x0002187c   0x00000018   Code   RO          493    i.bsp_indication_set  bsp.o
    0x00021894   0x000000a4   Code   RO          495    i.bsp_init          bsp.o
    0x00021938   0x00000224   Code   RO          496    i.bsp_led_indication  bsp.o
    0x00021b5c   0x0000003c   Code   RO          497    i.bsp_wakeup_buttons_set  bsp.o
    0x00021b98   0x00000008   Code   RO          499    i.button_timer_handler  bsp.o
    0x00021ba0   0x0000001c   Code   RO         1252    i.channel_free      nrf_drv_gpiote.o
    0x00021bbc   0x00000048   Code   RO         1253    i.channel_port_alloc  nrf_drv_gpiote.o
    0x00021c04   0x00000010   Code   RO         1254    i.channel_port_get  nrf_drv_gpiote.o
    0x00021c14   0x00000028   Code   RO         1055    i.clock_clk_started_notify  nrf_drv_clock.o
    0x00021c3c   0x000000ac   Code   RO         1909    i.compare_reg_update  app_timer.o
    0x00021ce8   0x00000088   Code   RO          681    i.conn_int_encode   ble_advdata.o
    0x00021d70   0x00000004   Code   RO           10    i.conn_params_error_handler  main.o
    0x00021d74   0x0000005c   Code   RO          873    i.conn_params_negotiation  ble_conn_params.o
    0x00021dd0   0x00000060   Code   RO         1694    i.detection_delay_timeout_handler  app_button.o
    0x00021e30   0x00000040   Code   RO         1910    i.elapsed_ticks_acquire  app_timer.o
    0x00021e70   0x00000014   Code   RO         1827    i.fifo_get          app_fifo.o
    0x00021e84   0x00000012   Code   RO         1828    i.fifo_put          app_fifo.o
    0x00021e96   0x0000000e   Code   RO         2307    i.fputc             retarget.o
    0x00021ea4   0x00000014   Code   RO         2181    i.fs_queued_op_count_get  fstorage.o
    0x00021eb8   0x00000058   Code   RO         1695    i.gpiote_event_handler  app_button.o
    0x00021f10   0x00000078   Code   RO         2348    i.intern_softdevice_events_execute  softdevice_handler.o
    0x00021f88   0x00000078   Code   RO         1476    i.interrupts_enable  nrf_drv_uart.o
    0x00022000   0x0000001c   Code   RO          874    i.is_conn_params_ok  ble_conn_params.o
    0x0002201c   0x00000014   Code   RO          500    i.leds_timer_handler  bsp.o
    0x00022030   0x000000a8   Code   RO         1911    i.list_deletions_handler  app_timer.o
    0x000220d8   0x000000b8   Code   RO         1912    i.list_insertions_handler  app_timer.o
    0x00022190   0x000002c0   Code   RO           11    i.main              main.o
    0x00022450   0x00000064   Code   RO          682    i.manuf_specific_data_encode  ble_advdata.o
    0x000224b4   0x0000009c   Code   RO          683    i.name_encode       ble_advdata.o
    0x00022550   0x0000000e   Code   RO         1059    i.nrf_clock_event_check  nrf_drv_clock.o
    0x0002255e   0x00000010   Code   RO         1060    i.nrf_clock_event_clear  nrf_drv_clock.o
    0x0002256e   0x00000002   PAD
    0x00022570   0x0000008c   Code   RO           12    i.nrf_delay_us      main.o
    0x000225fc   0x0000008c   Code   RO         1913    i.nrf_delay_us      app_timer.o
    0x00022688   0x00000038   Code   RO         1067    i.nrf_drv_clock_init  nrf_drv_clock.o
    0x000226c0   0x00000030   Code   RO         1073    i.nrf_drv_clock_on_sd_enable  nrf_drv_clock.o
    0x000226f0   0x0000000a   Code   RO         1074    i.nrf_drv_clock_on_soc_event  nrf_drv_clock.o
    0x000226fa   0x00000038   Code   RO         1220    i.nrf_drv_common_irq_enable  nrf_drv_common.o
    0x00022732   0x00000006   Code   RO         1478    i.nrf_drv_get_IRQn  nrf_drv_uart.o
    0x00022738   0x000000a4   Code   RO         1259    i.nrf_drv_gpiote_in_event_enable  nrf_drv_gpiote.o
    0x000227dc   0x000000b8   Code   RO         1260    i.nrf_drv_gpiote_in_init  nrf_drv_gpiote.o
    0x00022894   0x00000014   Code   RO         1261    i.nrf_drv_gpiote_in_is_set  nrf_drv_gpiote.o
    0x000228a8   0x0000005c   Code   RO         1263    i.nrf_drv_gpiote_init  nrf_drv_gpiote.o
    0x00022904   0x00000014   Code   RO         1264    i.nrf_drv_gpiote_is_init  nrf_drv_gpiote.o
    0x00022918   0x00000010   Code   RO          340    i.nrf_drv_is_in_RAM  nrf_drv_spi.o
    0x00022928   0x00000118   Code   RO          342    i.nrf_drv_spi_init  nrf_drv_spi.o
    0x00022a40   0x0000001c   Code   RO          344    i.nrf_drv_spi_transfer  nrf_drv_spi.o
    0x00022a5c   0x0000005c   Code   RO          346    i.nrf_drv_spi_xfer  nrf_drv_spi.o
    0x00022ab8   0x00000068   Code   RO         1480    i.nrf_drv_uart_init  nrf_drv_uart.o
    0x00022b20   0x000000ac   Code   RO         1481    i.nrf_drv_uart_rx   nrf_drv_uart.o
    0x00022bcc   0x00000030   Code   RO         1484    i.nrf_drv_uart_rx_enable  nrf_drv_uart.o
    0x00022bfc   0x000000a8   Code   RO         1485    i.nrf_drv_uart_rx_for_uart  nrf_drv_uart.o
    0x00022ca4   0x000000b0   Code   RO         1486    i.nrf_drv_uart_rx_for_uarte  nrf_drv_uart.o
    0x00022d54   0x00000108   Code   RO         1487    i.nrf_drv_uart_tx   nrf_drv_uart.o
    0x00022e5c   0x00000018   Code   RO         1489    i.nrf_drv_uart_tx_in_progress  nrf_drv_uart.o
    0x00022e74   0x00000022   Code   RO          347    i.nrf_gpio_cfg      nrf_drv_spi.o
    0x00022e96   0x00000022   Code   RO         1278    i.nrf_gpio_cfg      nrf_drv_gpiote.o
    0x00022eb8   0x00000022   Code   RO         1491    i.nrf_gpio_cfg      nrf_drv_uart.o
    0x00022eda   0x00000012   Code   RO         1493    i.nrf_gpio_cfg_input  nrf_drv_uart.o
    0x00022eec   0x00000014   Code   RO          348    i.nrf_gpio_cfg_output  nrf_drv_spi.o
    0x00022f00   0x00000014   Code   RO         1494    i.nrf_gpio_cfg_output  nrf_drv_uart.o
    0x00022f14   0x0000001c   Code   RO         1280    i.nrf_gpio_cfg_sense_set  nrf_drv_gpiote.o
    0x00022f30   0x00000010   Code   RO          349    i.nrf_gpio_pin_set  nrf_drv_spi.o
    0x00022f40   0x00000014   Code   RO         1281    i.nrf_gpiote_event_clear  nrf_drv_gpiote.o
    0x00022f54   0x00000010   Code   RO         1282    i.nrf_gpiote_event_is_set  nrf_drv_gpiote.o
    0x00022f64   0x0000000a   Code   RO          350    i.nrf_spim_event_check  nrf_drv_spi.o
    0x00022f6e   0x0000000a   Code   RO         1495    i.nrf_uart_event_check  nrf_drv_uart.o
    0x00022f78   0x0000000c   Code   RO         1496    i.nrf_uart_event_clear  nrf_drv_uart.o
    0x00022f84   0x0000000c   Code   RO         1497    i.nrf_uart_int_enable_check  nrf_drv_uart.o
    0x00022f90   0x0000000a   Code   RO         1498    i.nrf_uarte_event_check  nrf_drv_uart.o
    0x00022f9a   0x0000000c   Code   RO         1499    i.nrf_uarte_event_clear  nrf_drv_uart.o
    0x00022fa6   0x00000002   PAD
    0x00022fa8   0x00000058   Code   RO           13    i.nus_data_handler  main.o
    0x00023000   0x00000024   Code   RO           14    i.on_adv_evt        main.o
    0x00023024   0x000000e8   Code   RO           15    i.on_ble_evt        main.o
    0x0002310c   0x0000001c   Code   RO           16    i.on_conn_params_evt  main.o
    0x00023128   0x00000018   Code   RO         1283    i.pin_in_use_by_port  nrf_drv_gpiote.o
    0x00023140   0x00000018   Code   RO         1284    i.pin_in_use_by_te  nrf_drv_gpiote.o
    0x00023158   0x0000003c   Code   RO         1914    i.rtc1_stop         app_timer.o
    0x00023194   0x00000032   Code   RO         1501    i.rx_byte           nrf_drv_uart.o
    0x000231c6   0x000000dc   Code   RO         1007    i.rx_char_add       ble_nus.o
    0x000232a2   0x00000018   Code   RO         1502    i.rx_done_event     nrf_drv_uart.o
    0x000232ba   0x00000020   Code   RO         1503    i.rx_enable         nrf_drv_uart.o
    0x000232da   0x00000002   PAD
    0x000232dc   0x00000070   Code   RO         2350    i.sd_nvic_EnableIRQ  softdevice_handler.o
    0x0002334c   0x00000088   Code   RO          684    i.service_data_encode  ble_advdata.o
    0x000233d4   0x00000048   Code   RO          781    i.set_adv_mode_fast  ble_advertising.o
    0x0002341c   0x00000044   Code   RO          782    i.set_adv_mode_slow  ble_advertising.o
    0x00023460   0x00000028   Code   RO           17    i.sleep_mode_enter  main.o
    0x00023488   0x00000014   Code   RO         2351    i.softdevice_ble_evt_handler_set  softdevice_handler.o
    0x0002349c   0x00000014   Code   RO         2352    i.softdevice_enable  softdevice_handler.o
    0x000234b0   0x00000026   Code   RO         2353    i.softdevice_enable_get_default_config  softdevice_handler.o
    0x000234d6   0x00000004   Code   RO         2354    i.softdevice_fault_handler  softdevice_handler.o
    0x000234da   0x00000002   PAD
    0x000234dc   0x00000064   Code   RO         2355    i.softdevice_handler_init  softdevice_handler.o
    0x00023540   0x0000000c   Code   RO         2356    i.softdevice_handler_is_enabled  softdevice_handler.o
    0x0002354c   0x0000000c   Code   RO           18    i.spi_event_handler  main.o
    0x00023558   0x000000b2   Code   RO          351    i.spim_xfer         nrf_drv_spi.o
    0x0002360a   0x00000002   PAD
    0x0002360c   0x0000008c   Code   RO         1915    i.timer_list_handler  app_timer.o
    0x00023698   0x0000003c   Code   RO         1916    i.timer_list_insert  app_timer.o
    0x000236d4   0x00000048   Code   RO         1917    i.timer_stop_op_schedule  app_timer.o
    0x0002371c   0x00000084   Code   RO         1918    i.timer_timeouts_check  app_timer.o
    0x000237a0   0x00000020   Code   RO         1504    i.tx_byte           nrf_drv_uart.o
    0x000237c0   0x000000a0   Code   RO         1008    i.tx_char_add       ble_nus.o
    0x00023860   0x0000001c   Code   RO         1505    i.tx_done_event     nrf_drv_uart.o
    0x0002387c   0x0000005c   Code   RO           19    i.uart_event_handle  main.o
    0x000238d8   0x000000ac   Code   RO         2061    i.uart_event_handler  app_uart_fifo.o
    0x00023984   0x0000011e   Code   RO         1506    i.uart_irq_handler  nrf_drv_uart.o
    0x00023aa2   0x000000f0   Code   RO         1507    i.uarte_irq_handler  nrf_drv_uart.o
    0x00023b92   0x0000000a   Code   RO          685    i.uint16_encode     ble_advdata.o
    0x00023b9c   0x00000060   Code   RO          875    i.update_timeout_handler  ble_conn_params.o
    0x00023bfc   0x00000030   Code   RO         1919    i.user_op_alloc     app_timer.o
    0x00023c2c   0x00000030   Code   RO          686    i.uuid_list_encode  ble_advdata.o
    0x00023c5c   0x0000009e   Code   RO          687    i.uuid_list_sized_encode  ble_advdata.o
    0x00023cfa   0x00000002   PAD
    0x00023cfc   0x00000034   Data   RO           21    .constdata          main.o
    0x00023d30   0x0000003c   Data   RO          505    .constdata          bsp.o
    0x00023d6c   0x00000004   Data   RO          878    .constdata          ble_conn_params.o
    0x00023d70   0x00000010   Data   RO         1009    .constdata          ble_nus.o
    0x00023d80   0x00000008   Data   RO         1697    .constdata          app_button.o
    0x00023d88   0x00000020   Data   RO         2063    .constdata          app_uart_fifo.o
    0x00023da8   0x00000020   Data   RO         2839    Region$$Table       anon$$obj.o


    Execution Region RW_IRAM1 (Base: 0x20002128, Size: 0x000026f8, Max: 0x0000ded8, ABSOLUTE)

    Base Addr    Size         Type   Attr      Idx    E Section Name        Object

    0x20002128   0x00000054   Data   RW           22    .data               main.o
    0x2000217c   0x00000018   Data   RW          506    .data               bsp.o
    0x20002194   0x00000008   Data   RW          615    .data               bsp_btn_ble.o
    0x2000219c   0x0000001f   Data   RW          784    .data               ble_advertising.o
    0x200021bb   0x00000001   PAD
    0x200021bc   0x00000014   Data   RW          879    .data               ble_conn_params.o
    0x200021d0   0x00000014   Data   RW         1698    .data               app_button.o
    0x200021e4   0x00000020   Data   RW         1920    .data               app_timer.o
    0x20002204   0x00000010   Data   RW         2064    .data               app_uart_fifo.o
    0x20002214   0x00000004   Data   RW         2308    .data               retarget.o
    0x20002218   0x00000014   Data   RW         2362    .data               softdevice_handler.o
    0x2000222c   0x00000004   Data   RW         2495    .data               system_nrf52.o
    0x20002230   0x00000338   Zero   RW           20    .bss                main.o
    0x20002568   0x00000020   Zero   RW          352    .bss                nrf_drv_spi.o
    0x20002588   0x00000020   Zero   RW          501    .bss                bsp.o
    0x200025a8   0x00000020   Zero   RW          502    .bss                bsp.o
    0x200025c8   0x0000000c   Zero   RW          503    .bss                bsp.o
    0x200025d4   0x00000020   Zero   RW          504    .bss                bsp.o
    0x200025f4   0x000000af   Zero   RW          783    .bss                ble_advertising.o
    0x200026a3   0x00000001   PAD
    0x200026a4   0x00000020   Zero   RW          876    .bss                ble_conn_params.o
    0x200026c4   0x0000001c   Zero   RW          877    .bss                ble_conn_params.o
    0x200026e0   0x00000014   Zero   RW         1076    .bss                nrf_drv_clock.o
    0x200026f4   0x00000058   Zero   RW         1285    .bss                nrf_drv_gpiote.o
    0x2000274c   0x00000020   Zero   RW         1508    .bss                nrf_drv_uart.o
    0x2000276c   0x00000020   Zero   RW         1696    .bss                app_button.o
    0x2000278c   0x00000020   Zero   RW         2062    .bss                app_uart_fifo.o
    0x200027ac   0x0000000c   Zero   RW         2129    .bss                app_util_platform.o
    0x200027b8   0x00000068   Zero   RW         2190    .bss                fstorage.o
    0x20002820   0x00002000   Zero   RW         2483    STACK               arm_startup_nrf52.o


==============================================================================

Image component sizes


      Code (inc. data)   RO Data    RW Data    ZI Data      Debug   Object Name

       332         34          8         20         32      10190   app_button.o
        22          0          0          0          0       2265   app_error.o
        36         10          0          0          0      27397   app_error_weak.o
       118          0          0          0          0       5082   app_fifo.o
      1694        114          0         32          0      52759   app_timer.o
       464         44         32         16         32      12686   app_uart_fifo.o
       124         14          0          0         12       9570   app_util_platform.o
        36          8       1024          0       8192        928   arm_startup_nrf52.o
      1330          0          0          0          0      25544   ble_advdata.o
       928         64          0         31        175      14980   ble_advertising.o
       436         54          4         20         60       6924   ble_conn_params.o
       650          6         16          0          0       6886   ble_nus.o
         8          0          0          0          0       1470   ble_srv_common.o
      1136        108         60         24        108      19449   bsp.o
       260         10          0          8          0      39845   bsp_btn_ble.o
        20          4          0          0        104       3792   fstorage.o
      1788        182         52         84        824     117967   main.o
       272         24          0          0         20      15656   nrf_drv_clock.o
        56          0          0          0          0      29011   nrf_drv_common.o
      1074         94          0          0         88      24876   nrf_drv_gpiote.o
       746         34          0          0         32      29812   nrf_drv_spi.o
      2082         72          0          0         32      40157   nrf_drv_uart.o
        14          0          0          4          0       2934   retarget.o
       542         46          0         20          0      41535   softdevice_handler.o
       668         58          0          4          0       2771   system_nrf52.o

    ----------------------------------------------------------------------
     14860        980       1228        264       9712     544486   Object Totals
         0          0         32          0          0          0   (incl. Generated)
        24          0          0          1          1          0   (incl. Padding)

    ----------------------------------------------------------------------

      Code (inc. data)   RO Data    RW Data    ZI Data      Debug   Library Member Name

         0          0          0          0          0          0   entry.o
         0          0          0          0          0          0   entry10a.o
         0          0          0          0          0          0   entry11a.o
         8          4          0          0          0          0   entry2.o
         4          0          0          0          0          0   entry5.o
         0          0          0          0          0          0   entry7b.o
         0          0          0          0          0          0   entry8b.o
         8          4          0          0          0          0   entry9a.o
        30          0          0          0          0          0   handlers.o
        36          8          0          0          0         68   init.o
         0          0          0          0          0          0   iusefp.o
        30          0          0          0          0         68   llshl.o
        36          0          0          0          0         68   llsshr.o
        32          0          0          0          0         68   llushr.o
        36          0          0          0          0         68   memcpya.o
        36          0          0          0          0        108   memseta.o
      2308         96          0          0          0        604   printfa.o
        14          0          0          0          0         68   strlen.o
        44          0          0          0          0         80   uidiv.o
        98          0          0          0          0         92   uldiv.o
        48          0          0          0          0         68   cdrcmple.o
       334          0          0          0          0        148   dadd.o
       222          0          0          0          0        100   ddiv.o
       186          0          0          0          0        176   depilogue.o
        48          0          0          0          0         68   dfixul.o
        34          0          0          0          0         76   dflti.o
       228          0          0          0          0         96   dmul.o

    ----------------------------------------------------------------------
      3824        112          0          0          0       2024   Library Totals
         4          0          0          0          0          0   (incl. Padding)

    ----------------------------------------------------------------------

      Code (inc. data)   RO Data    RW Data    ZI Data      Debug   Library Name

      2720        112          0          0          0       1292   mc_w.l
      1100          0          0          0          0        732   mf_w.l

    ----------------------------------------------------------------------
      3824        112          0          0          0       2024   Library Totals

    ----------------------------------------------------------------------

==============================================================================


      Code (inc. data)   RO Data    RW Data    ZI Data      Debug   

     18684       1092       1228        264       9712     529274   Grand Totals
     18684       1092       1228        264       9712     529274   ELF Image Totals
     18684       1092       1228        264          0          0   ROM Totals

==============================================================================

    Total RO  Size (Code + RO Data)                19912 (  19.45kB)
    Total RW  Size (RW Data + ZI Data)              9976 (   9.74kB)
    Total ROM Size (Code + RO Data + RW Data)      20176 (  19.70kB)

==============================================================================

